Archive member included because of file (symbol)

c:/winavr-20100110/bin/../lib/gcc/avr/4.3.3/avr51\libgcc.a(_mulsi3.o)
                              porttimer.o (__mulsi3)
c:/winavr-20100110/bin/../lib/gcc/avr/4.3.3/avr51\libgcc.a(_udivmodsi4.o)
                              mbrtu.o (__udivmodsi4)
c:/winavr-20100110/bin/../lib/gcc/avr/4.3.3/avr51\libgcc.a(_exit.o)
                              c:/winavr-20100110/bin/../lib/gcc/avr/4.3.3/../../../../avr/lib/avr51/crtm128.o (exit)
c:/winavr-20100110/bin/../lib/gcc/avr/4.3.3/avr51\libgcc.a(_clear_bss.o)
                              main.o (__do_clear_bss)
c:/winavr-20100110/bin/../lib/gcc/avr/4.3.3/../../../../avr/lib/avr51\libc.a(memcpy.o)
                              mbfuncother.o (memcpy)

Allocating common symbols
Common symbol       size              file

pxMBFrameCBTransmitterEmpty
                    0x2               mb.o
ucRegCoilsBufA11    0x2               main.o
pxMBPortCBTimerExpired
                    0x2               mb.o
stSlaveChannelReadInputsA3
                    0x8               main.o
stSlaveChannelReadInputsA11
                    0x8               main.o
stSlaveChannelPresetRegisterA10
                    0x8               main.o
ucRTUBuf            0x100             mbrtu.o
arrRS485Channel     0xbe              main.o
ucRegCoilsBufA3     0x2               main.o
pxMBFrameCBByteReceived
                    0x2               mb.o
stSlaveChannelWriteCoilsA3
                    0x7               main.o
pxMBFrameCBTransmitFSMCur
                    0x2               mb.o
ucRegDiscBufA3      0x2               main.o
stSlaveChannelWriteCoilsA11
                    0x7               main.o
lpBit               0x4               main.o
pxMBFrameCBReceiveFSMCur
                    0x2               mb.o
ucRegDiscBufA3Temp  0x2               main.o
ucRegDiscBufA11     0x2               main.o

Memory Configuration

Name             Origin             Length             Attributes
text             0x00000000         0x00020000         xr
data             0x00800060         0x0000ffa0         rw !x
eeprom           0x00810000         0x00010000         rw !x
fuse             0x00820000         0x00000400         rw !x
lock             0x00830000         0x00000400         rw !x
signature        0x00840000         0x00000400         rw !x
*default*        0x00000000         0xffffffff

Linker script and memory map

Address of section .data set to 0x800100
LOAD c:/winavr-20100110/bin/../lib/gcc/avr/4.3.3/../../../../avr/lib/avr51/crtm128.o
LOAD main.o
LOAD mbrtu.o
LOAD mbascii.o
LOAD mbfunccoils.o
LOAD mbfuncdiag.o
LOAD mbfuncdisc.o
LOAD mbfuncholding.o
LOAD mbfuncinput.o
LOAD mbfuncother.o
LOAD mbutils.o
LOAD mbcrc.o
LOAD portevent.o
LOAD portserial.o
LOAD porttimer.o
LOAD mb.o
LOAD mbtcp.o
LOAD digital_in_out_func.o
LOAD spi.o
LOAD modbus-rtu.o
LOAD rs485Channel.o
LOAD bit-array.o
LOAD c:/winavr-20100110/bin/../lib/gcc/avr/4.3.3/avr51\libgcc.a
LOAD c:/winavr-20100110/bin/../lib/gcc/avr/4.3.3/../../../../avr/lib/avr51\libc.a
LOAD c:/winavr-20100110/bin/../lib/gcc/avr/4.3.3/avr51\libgcc.a

.hash
 *(.hash)

.dynsym
 *(.dynsym)

.dynstr
 *(.dynstr)

.gnu.version
 *(.gnu.version)

.gnu.version_d
 *(.gnu.version_d)

.gnu.version_r
 *(.gnu.version_r)

.rel.init
 *(.rel.init)

.rela.init
 *(.rela.init)

.rel.text
 *(.rel.text)
 *(.rel.text.*)
 *(.rel.gnu.linkonce.t*)

.rela.text
 *(.rela.text)
 *(.rela.text.*)
 *(.rela.gnu.linkonce.t*)

.rel.fini
 *(.rel.fini)

.rela.fini
 *(.rela.fini)

.rel.rodata
 *(.rel.rodata)
 *(.rel.rodata.*)
 *(.rel.gnu.linkonce.r*)

.rela.rodata
 *(.rela.rodata)
 *(.rela.rodata.*)
 *(.rela.gnu.linkonce.r*)

.rel.data
 *(.rel.data)
 *(.rel.data.*)
 *(.rel.gnu.linkonce.d*)

.rela.data
 *(.rela.data)
 *(.rela.data.*)
 *(.rela.gnu.linkonce.d*)

.rel.ctors
 *(.rel.ctors)

.rela.ctors
 *(.rela.ctors)

.rel.dtors
 *(.rel.dtors)

.rela.dtors
 *(.rela.dtors)

.rel.got
 *(.rel.got)

.rela.got
 *(.rela.got)

.rel.bss
 *(.rel.bss)

.rela.bss
 *(.rela.bss)

.rel.plt
 *(.rel.plt)

.rela.plt
 *(.rela.plt)

.text           0x00000000     0x32aa
 *(.vectors)
 .vectors       0x00000000       0x8c c:/winavr-20100110/bin/../lib/gcc/avr/4.3.3/../../../../avr/lib/avr51/crtm128.o
                0x00000000                __vectors
                0x00000000                __vector_default
 *(.vectors)
 *(.progmem.gcc*)
 *(.progmem*)
 .progmem.data  0x0000008c      0x200 mbcrc.o
                0x0000028c                . = ALIGN (0x2)
                0x0000028c                __trampolines_start = .
 *(.trampolines)
 .trampolines   0x0000028c        0x0 linker stubs
 *(.trampolines*)
                0x0000028c                __trampolines_end = .
 *(.jumptables)
 *(.jumptables*)
 *(.lowtext)
 *(.lowtext*)
                0x0000028c                __ctors_start = .
 *(.ctors)
                0x0000028c                __ctors_end = .
                0x0000028c                __dtors_start = .
 *(.dtors)
                0x0000028c                __dtors_end = .
 SORT(*)(.ctors)
 SORT(*)(.dtors)
 *(.init0)
 .init0         0x0000028c        0x0 c:/winavr-20100110/bin/../lib/gcc/avr/4.3.3/../../../../avr/lib/avr51/crtm128.o
                0x0000028c                __init
 *(.init0)
 *(.init1)
 *(.init1)
 *(.init2)
 .init2         0x0000028c        0xc c:/winavr-20100110/bin/../lib/gcc/avr/4.3.3/../../../../avr/lib/avr51/crtm128.o
 *(.init2)
 *(.init3)
 *(.init3)
 *(.init4)
 .init4         0x00000298       0x1a c:/winavr-20100110/bin/../lib/gcc/avr/4.3.3/../../../../avr/lib/avr51/crtm128.o
                0x00000298                __do_copy_data
 .init4         0x000002b2       0x10 c:/winavr-20100110/bin/../lib/gcc/avr/4.3.3/avr51\libgcc.a(_clear_bss.o)
                0x000002b2                __do_clear_bss
 *(.init4)
 *(.init5)
 *(.init5)
 *(.init6)
 *(.init6)
 *(.init7)
 *(.init7)
 *(.init8)
 *(.init8)
 *(.init9)
 .init9         0x000002c2        0x8 c:/winavr-20100110/bin/../lib/gcc/avr/4.3.3/../../../../avr/lib/avr51/crtm128.o
 *(.init9)
 *(.text)
 .text          0x000002ca        0x4 c:/winavr-20100110/bin/../lib/gcc/avr/4.3.3/../../../../avr/lib/avr51/crtm128.o
                0x000002ca                __vector_22
                0x000002ca                __vector_28
                0x000002ca                __vector_1
                0x000002ca                __vector_32
                0x000002ca                __vector_34
                0x000002ca                __vector_24
                0x000002ca                __bad_interrupt
                0x000002ca                __vector_6
                0x000002ca                __vector_31
                0x000002ca                __vector_3
                0x000002ca                __vector_23
                0x000002ca                __vector_30
                0x000002ca                __vector_25
                0x000002ca                __vector_11
                0x000002ca                __vector_13
                0x000002ca                __vector_17
                0x000002ca                __vector_7
                0x000002ca                __vector_27
                0x000002ca                __vector_5
                0x000002ca                __vector_33
                0x000002ca                __vector_4
                0x000002ca                __vector_9
                0x000002ca                __vector_2
                0x000002ca                __vector_21
                0x000002ca                __vector_15
                0x000002ca                __vector_29
                0x000002ca                __vector_8
                0x000002ca                __vector_14
                0x000002ca                __vector_10
                0x000002ca                __vector_16
 .text          0x000002ce      0xaa4 main.o
                0x000002ce                mbMasterClrTimeOutError
                0x00000724                veznaEepRestoreUartSetings
                0x000005fa                eMBRegDiscreteCB
                0x0000073c                veznaEepSetUartSetings
                0x000005ae                byteArrToBitArr
                0x00000754                main
                0x000003e4                initBoard
                0x000002e0                eMBRegInputCB
                0x00000450                __vector_26
                0x0000033c                eMBRegHoldingCB
                0x00000672                eMBRegCoilsCB
 .text          0x00000d72      0x2d4 mbrtu.o
                0x00000eba                eMBRTUStart
                0x00000fd4                eMBRTUInit
                0x00000db2                xMBRTUTransmitFSM
                0x00000e28                xMBRTUReceiveFSM
                0x00000ed0                eMBRTUSend
                0x00000d72                xMBRTUTimerT35Expired
                0x00000f6a                eMBRTUReceive
                0x00000da0                eMBRTUStop
 .text          0x00001046      0x3be mbascii.o
                0x000010ca                xMBASCIITransmitFSM
                0x000010b4                xMBASCIITimerT1SExpired
                0x0000128a                eMBASCIIStart
                0x000013d2                eMBASCIIInit
                0x00001046                eMBASCIIReceive
                0x000011f0                eMBASCIISend
                0x000012a2                xMBASCIIReceiveFSM
                0x00001278                eMBASCIIStop
 .text          0x00001404      0x1b2 mbfunccoils.o
                0x0000148c                eMBFuncWriteCoil
                0x00001506                eMBFuncReadCoils
                0x00001404                eMBFuncWriteMultipleCoils
 .text          0x000015b6        0x0 mbfuncdiag.o
 .text          0x000015b6       0xae mbfuncdisc.o
                0x000015b6                eMBFuncReadDiscreteInputs
 .text          0x00001664      0x25c mbfuncholding.o
                0x00001780                eMBFuncReadHoldingRegister
                0x00001880                eMBFuncWriteHoldingRegister
                0x00001810                eMBFuncWriteMultipleHoldingRegister
                0x00001664                eMBFuncReadWriteMultipleHoldingRegister
 .text          0x000018c0       0x98 mbfuncinput.o
                0x000018c0                eMBFuncReadInputRegister
 .text          0x00001958       0x98 mbfuncother.o
                0x00001990                eMBSetSlaveID
                0x00001958                eMBFuncReportSlaveID
 .text          0x000019f0       0xe0 mbutils.o
                0x00001a64                xMBUtilGetBits
                0x000019f0                xMBUtilSetBits
                0x00001ab2                prveMBError2Exception
 .text          0x00001ad0       0x3e mbcrc.o
                0x00001ad0                usMBCRC16
 .text          0x00001b0e       0x2e portevent.o
                0x00001b0e                xMBPortEventInit
                0x00001b24                xMBPortEventGet
                0x00001b16                xMBPortEventPost
 .text          0x00001b3c      0x22a portserial.o
                0x00001b3c                vMBPortSerialEnable
                0x00001d5c                xMBPortSerialGetByte
                0x00001b5e                xMBPortSerialInit
                0x00001d54                xMBPortSerialPutByte
 .text          0x00001d66       0xc6 porttimer.o
                0x00001dd6                __vector_12
                0x00001d9e                xMBPortTimersInit
                0x00001d8a                vMBPortTimersDisable
                0x00001d66                vMBPortTimersEnable
 .text          0x00001e2c      0x332 mb.o
                0x00001ef8                eMBDisable
                0x00001eb8                eMBClose
                0x00001f20                eMBPoll
                0x00001eda                eMBEnable
                0x00001e2c                eMBRegisterCB
                0x00002036                eMBInit
 .text          0x0000215e        0x0 mbtcp.o
 .text          0x0000215e      0x262 digital_in_out_func.o
                0x000022c0                initAddressSwitch
                0x00002204                initDigitalInput
                0x0000220a                writeDigitalOutput
                0x00002250                initDigitalOutput
                0x0000237e                initHmiLed
                0x0000215e                readDigitalInput
                0x0000226c                readAddressSwitch
                0x000022d2                writeHmiLed
 .text          0x000023c0       0x62 spi.o
                0x000023c0                spi_init
                0x000023da                spi_rec_byte
                0x0000241a                spi_high_frequency
                0x000023fc                spi_rec_data
                0x000023e6                spi_send_data
                0x000023d2                spi_send_byte
                0x00002412                spi_low_frequency
 .text          0x00002422      0x4fa modbus-rtu.o
                0x00002422                check_crc16
                0x000027a0                mbSendRequestPresetSingleRegister
                0x0000287c                mbSendRequestReadInputStatus
                0x0000246e                mbCheckExceptionForResponse
                0x00002622                mbReceiveRequestReadInputStatus
                0x0000259a                mbReceiveRequestForceSingleCoil
                0x000024cc                mbReceiveRequestForceMultipleCoils
                0x000026a2                mbRtuAddCrcAndSendBuffer
                0x0000250e                mbReceiveRequestPresetSingleRegister
                0x00002818                mbSendRequestForceSingleCoil
                0x000026d4                mbSendRequestForceMultipleCoils
 .text          0x0000291c      0x818 rs485Channel.o
                0x00002c08                rs485TaskIsEnable
                0x00002c84                rs485AddChannel
                0x00002c0e                rs485TaskInit
                0x00002cfc                rs485sendRequestNullFunc
                0x00002e76                initRS485
                0x00002c02                rs485TaskDisable
                0x00002cb6                rs485ChannelDefInit
                0x00002bfa                rs485TaskEnable
                0x00002c46                rs485TimerIsr
                0x00002d06                rs485SetTimeOutErrorNullFunc
                0x00002e18                __vector_19
                0x00002cfe                rs485getResponseNullFunc
                0x00002d04                rs485RestoreUartSetingsNullFunc
                0x000030ea                rs485SendBuffer
                0x00002d08                rs485ClrTimeOutErrorNullFunc
                0x00002d02                rs485SetUartSetingsNullFunc
                0x0000291c                rs485Task
                0x00002d82                __vector_18
                0x00002d0a                __vector_20
 .text          0x00003134       0xde bit-array.o
                0x00003134                bitarr_write
                0x000031bc                bitarr_high
                0x000031e6                bitarr_low
                0x00003192                bitarr_flip
                0x0000316c                bitarr_read
 .text          0x00003212        0x0 c:/winavr-20100110/bin/../lib/gcc/avr/4.3.3/avr51\libgcc.a(_mulsi3.o)
 .text          0x00003212        0x0 c:/winavr-20100110/bin/../lib/gcc/avr/4.3.3/avr51\libgcc.a(_udivmodsi4.o)
 .text          0x00003212        0x0 c:/winavr-20100110/bin/../lib/gcc/avr/4.3.3/avr51\libgcc.a(_exit.o)
 .text          0x00003212        0x0 c:/winavr-20100110/bin/../lib/gcc/avr/4.3.3/avr51\libgcc.a(_clear_bss.o)
 .text          0x00003212        0x0 c:/winavr-20100110/bin/../lib/gcc/avr/4.3.3/../../../../avr/lib/avr51\libc.a(memcpy.o)
                0x00003212                . = ALIGN (0x2)
 *(.text.*)
 .text.libgcc   0x00003212       0x3e c:/winavr-20100110/bin/../lib/gcc/avr/4.3.3/avr51\libgcc.a(_mulsi3.o)
                0x00003212                __mulsi3
 .text.libgcc   0x00003250       0x44 c:/winavr-20100110/bin/../lib/gcc/avr/4.3.3/avr51\libgcc.a(_udivmodsi4.o)
                0x00003250                __udivmodsi4
 .text.libgcc   0x00003294        0x0 c:/winavr-20100110/bin/../lib/gcc/avr/4.3.3/avr51\libgcc.a(_exit.o)
 .text.libgcc   0x00003294        0x0 c:/winavr-20100110/bin/../lib/gcc/avr/4.3.3/avr51\libgcc.a(_clear_bss.o)
 .text.avr-libc
                0x00003294       0x12 c:/winavr-20100110/bin/../lib/gcc/avr/4.3.3/../../../../avr/lib/avr51\libc.a(memcpy.o)
                0x00003294                memcpy
                0x000032a6                . = ALIGN (0x2)
 *(.fini9)
 .fini9         0x000032a6        0x0 c:/winavr-20100110/bin/../lib/gcc/avr/4.3.3/avr51\libgcc.a(_exit.o)
                0x000032a6                exit
                0x000032a6                _exit
 *(.fini9)
 *(.fini8)
 *(.fini8)
 *(.fini7)
 *(.fini7)
 *(.fini6)
 *(.fini6)
 *(.fini5)
 *(.fini5)
 *(.fini4)
 *(.fini4)
 *(.fini3)
 *(.fini3)
 *(.fini2)
 *(.fini2)
 *(.fini1)
 *(.fini1)
 *(.fini0)
 .fini0         0x000032a6        0x4 c:/winavr-20100110/bin/../lib/gcc/avr/4.3.3/avr51\libgcc.a(_exit.o)
 *(.fini0)
                0x000032aa                _etext = .

.data           0x00800100       0x38 load address 0x000032aa
                0x00800100                PROVIDE (__data_start, .)
 *(.data)
 .data          0x00800100        0x0 c:/winavr-20100110/bin/../lib/gcc/avr/4.3.3/../../../../avr/lib/avr51/crtm128.o
 .data          0x00800100        0x3 main.o
 .data          0x00800103        0x0 mbrtu.o
 .data          0x00800103        0x0 mbascii.o
 .data          0x00800103        0x0 mbfunccoils.o
 .data          0x00800103        0x0 mbfuncdiag.o
 .data          0x00800103        0x0 mbfuncdisc.o
 .data          0x00800103        0x0 mbfuncholding.o
 .data          0x00800103        0x0 mbfuncinput.o
 .data          0x00800103        0x0 mbfuncother.o
 .data          0x00800103        0x0 mbutils.o
 .data          0x00800103        0x0 mbcrc.o
 .data          0x00800103        0x0 portevent.o
 .data          0x00800103        0x0 portserial.o
 .data          0x00800103        0x0 porttimer.o
 .data          0x00800103       0x31 mb.o
 .data          0x00800134        0x0 mbtcp.o
 .data          0x00800134        0x0 digital_in_out_func.o
 .data          0x00800134        0x0 spi.o
 .data          0x00800134        0x0 modbus-rtu.o
 .data          0x00800134        0x3 rs485Channel.o
 .data          0x00800137        0x0 bit-array.o
 .data          0x00800137        0x0 c:/winavr-20100110/bin/../lib/gcc/avr/4.3.3/avr51\libgcc.a(_mulsi3.o)
 .data          0x00800137        0x0 c:/winavr-20100110/bin/../lib/gcc/avr/4.3.3/avr51\libgcc.a(_udivmodsi4.o)
 .data          0x00800137        0x0 c:/winavr-20100110/bin/../lib/gcc/avr/4.3.3/avr51\libgcc.a(_exit.o)
 .data          0x00800137        0x0 c:/winavr-20100110/bin/../lib/gcc/avr/4.3.3/avr51\libgcc.a(_clear_bss.o)
 .data          0x00800137        0x0 c:/winavr-20100110/bin/../lib/gcc/avr/4.3.3/../../../../avr/lib/avr51\libc.a(memcpy.o)
 *(.data*)
 *(.rodata)
 *(.rodata*)
 *(.gnu.linkonce.d*)
                0x00800138                . = ALIGN (0x2)
 *fill*         0x00800137        0x1 00
                0x00800138                _edata = .
                0x00800138                PROVIDE (__data_end, .)

.bss            0x00800138      0x5e1
                0x00800138                PROVIDE (__bss_start, .)
 *(.bss)
 .bss           0x00800138        0x0 c:/winavr-20100110/bin/../lib/gcc/avr/4.3.3/../../../../avr/lib/avr51/crtm128.o
 .bss           0x00800138      0x223 main.o
                0x008001a5                uc1000msTimerEvent
                0x00800139                inPort
                0x008001a7                ucFlagTimeOutOutError
                0x008001a2                uc100msTimerEvent
                0x008001a3                uc500msTimerEvent
                0x008001a1                uc10msTimerEvent
                0x008001a8                uiModbusTimeOutCounter
                0x00800138                isRun
                0x00800159                outPort
                0x00800179                hmiLed
 .bss           0x0080035b        0x8 mbrtu.o
 .bss           0x00800363        0xa mbascii.o
 .bss           0x0080036d        0x0 mbfunccoils.o
 .bss           0x0080036d        0x0 mbfuncdiag.o
 .bss           0x0080036d        0x0 mbfuncdisc.o
 .bss           0x0080036d        0x0 mbfuncholding.o
 .bss           0x0080036d        0x0 mbfuncinput.o
 .bss           0x0080036d       0x22 mbfuncother.o
 .bss           0x0080038f        0x0 mbutils.o
 .bss           0x0080038f        0x0 mbcrc.o
 .bss           0x0080038f        0x2 portevent.o
 .bss           0x00800391        0x0 portserial.o
 .bss           0x00800391        0x2 porttimer.o
 .bss           0x00800393       0x13 mb.o
 .bss           0x008003a6        0x0 mbtcp.o
 .bss           0x008003a6        0x0 digital_in_out_func.o
 .bss           0x008003a6        0x0 spi.o
 .bss           0x008003a6        0x0 modbus-rtu.o
 .bss           0x008003a6      0x177 rs485Channel.o
 .bss           0x0080051d        0x0 bit-array.o
 .bss           0x0080051d        0x0 c:/winavr-20100110/bin/../lib/gcc/avr/4.3.3/avr51\libgcc.a(_mulsi3.o)
 .bss           0x0080051d        0x0 c:/winavr-20100110/bin/../lib/gcc/avr/4.3.3/avr51\libgcc.a(_udivmodsi4.o)
 .bss           0x0080051d        0x0 c:/winavr-20100110/bin/../lib/gcc/avr/4.3.3/avr51\libgcc.a(_exit.o)
 .bss           0x0080051d        0x0 c:/winavr-20100110/bin/../lib/gcc/avr/4.3.3/avr51\libgcc.a(_clear_bss.o)
 .bss           0x0080051d        0x0 c:/winavr-20100110/bin/../lib/gcc/avr/4.3.3/../../../../avr/lib/avr51\libc.a(memcpy.o)
 *(.bss*)
 *(COMMON)
 COMMON         0x0080051d       0xf2 main.o
                0x0080051d                ucRegCoilsBufA11
                0x0080051f                stSlaveChannelReadInputsA3
                0x00800527                stSlaveChannelReadInputsA11
                0x0080052f                stSlaveChannelPresetRegisterA10
                0x00800537                arrRS485Channel
                0x008005f5                ucRegCoilsBufA3
                0x008005f7                stSlaveChannelWriteCoilsA3
                0x008005fe                ucRegDiscBufA3
                0x00800600                stSlaveChannelWriteCoilsA11
                0x00800607                lpBit
                0x0080060b                ucRegDiscBufA3Temp
                0x0080060d                ucRegDiscBufA11
 COMMON         0x0080060f      0x100 mbrtu.o
                0x0080060f                ucRTUBuf
 COMMON         0x0080070f        0xa mb.o
                0x0080070f                pxMBFrameCBTransmitterEmpty
                0x00800711                pxMBPortCBTimerExpired
                0x00800713                pxMBFrameCBByteReceived
                0x00800715                pxMBFrameCBTransmitFSMCur
                0x00800717                pxMBFrameCBReceiveFSMCur
                0x00800719                PROVIDE (__bss_end, .)
                0x000032aa                __data_load_start = LOADADDR (.data)
                0x000032e2                __data_load_end = (__data_load_start + SIZEOF (.data))

.noinit         0x00800719        0x0
                0x00800719                PROVIDE (__noinit_start, .)
 *(.noinit*)
                0x00800719                PROVIDE (__noinit_end, .)
                0x00800719                _end = .
                0x00800719                PROVIDE (__heap_start, .)

.eeprom         0x00810000        0x0
 *(.eeprom*)
                0x00810000                __eeprom_end = .

.fuse
 *(.fuse)
 *(.lfuse)
 *(.hfuse)
 *(.efuse)

.lock
 *(.lock*)

.signature
 *(.signature*)

.stab
 *(.stab)

.stabstr
 *(.stabstr)

.stab.excl
 *(.stab.excl)

.stab.exclstr
 *(.stab.exclstr)

.stab.index
 *(.stab.index)

.stab.indexstr
 *(.stab.indexstr)

.comment
 *(.comment)

.debug
 *(.debug)

.line
 *(.line)

.debug_srcinfo
 *(.debug_srcinfo)

.debug_sfnames
 *(.debug_sfnames)

.debug_aranges  0x00000000      0x260
 *(.debug_aranges)
 .debug_aranges
                0x00000000       0x20 main.o
 .debug_aranges
                0x00000020       0x20 mbrtu.o
 .debug_aranges
                0x00000040       0x20 mbascii.o
 .debug_aranges
                0x00000060       0x20 mbfunccoils.o
 .debug_aranges
                0x00000080       0x20 mbfuncdisc.o
 .debug_aranges
                0x000000a0       0x20 mbfuncholding.o
 .debug_aranges
                0x000000c0       0x20 mbfuncinput.o
 .debug_aranges
                0x000000e0       0x20 mbfuncother.o
 .debug_aranges
                0x00000100       0x20 mbutils.o
 .debug_aranges
                0x00000120       0x20 mbcrc.o
 .debug_aranges
                0x00000140       0x20 portevent.o
 .debug_aranges
                0x00000160       0x20 portserial.o
 .debug_aranges
                0x00000180       0x20 porttimer.o
 .debug_aranges
                0x000001a0       0x20 mb.o
 .debug_aranges
                0x000001c0       0x20 digital_in_out_func.o
 .debug_aranges
                0x000001e0       0x20 spi.o
 .debug_aranges
                0x00000200       0x20 modbus-rtu.o
 .debug_aranges
                0x00000220       0x20 rs485Channel.o
 .debug_aranges
                0x00000240       0x20 bit-array.o

.debug_pubnames
                0x00000000      0xd55
 *(.debug_pubnames)
 .debug_pubnames
                0x00000000      0x2d0 main.o
 .debug_pubnames
                0x000002d0       0xb3 mbrtu.o
 .debug_pubnames
                0x00000383       0xb6 mbascii.o
 .debug_pubnames
                0x00000439       0x5a mbfunccoils.o
 .debug_pubnames
                0x00000493       0x30 mbfuncdisc.o
 .debug_pubnames
                0x000004c3       0xa5 mbfuncholding.o
 .debug_pubnames
                0x00000568       0x2f mbfuncinput.o
 .debug_pubnames
                0x00000597       0x3d mbfuncother.o
 .debug_pubnames
                0x000005d4       0x52 mbutils.o
 .debug_pubnames
                0x00000626       0x20 mbcrc.o
 .debug_pubnames
                0x00000646       0x50 portevent.o
 .debug_pubnames
                0x00000696       0x72 portserial.o
 .debug_pubnames
                0x00000708       0x69 porttimer.o
 .debug_pubnames
                0x00000771       0xf8 mb.o
 .debug_pubnames
                0x00000869       0xb4 digital_in_out_func.o
 .debug_pubnames
                0x0000091d       0x92 spi.o
 .debug_pubnames
                0x000009af      0x183 modbus-rtu.o
 .debug_pubnames
                0x00000b32      0x1c1 rs485Channel.o
 .debug_pubnames
                0x00000cf3       0x62 bit-array.o

.debug_info     0x00000000     0x4008
 *(.debug_info)
 .debug_info    0x00000000      0xa2d main.o
 .debug_info    0x00000a2d      0x42a mbrtu.o
 .debug_info    0x00000e57      0x5a3 mbascii.o
 .debug_info    0x000013fa      0x2e9 mbfunccoils.o
 .debug_info    0x000016e3        0x0 mbfuncdiag.o
 .debug_info    0x000016e3      0x1b6 mbfuncdisc.o
 .debug_info    0x00001899      0x359 mbfuncholding.o
 .debug_info    0x00001bf2      0x1a7 mbfuncinput.o
 .debug_info    0x00001d99      0x217 mbfuncother.o
 .debug_info    0x00001fb0      0x27a mbutils.o
 .debug_info    0x0000222a      0x196 mbcrc.o
 .debug_info    0x000023c0      0x151 portevent.o
 .debug_info    0x00002511      0x1da portserial.o
 .debug_info    0x000026eb      0x11b porttimer.o
 .debug_info    0x00002806      0x5c7 mb.o
 .debug_info    0x00002dcd       0x73 mbtcp.o
 .debug_info    0x00002e40      0x261 digital_in_out_func.o
 .debug_info    0x000030a1      0x19c spi.o
 .debug_info    0x0000323d      0x614 modbus-rtu.o
 .debug_info    0x00003851      0x5e6 rs485Channel.o
 .debug_info    0x00003e37      0x1d1 bit-array.o
 *(.gnu.linkonce.wi.*)

.debug_abbrev   0x00000000     0x13d2
 *(.debug_abbrev)
 .debug_abbrev  0x00000000      0x1df main.o
 .debug_abbrev  0x000001df      0x120 mbrtu.o
 .debug_abbrev  0x000002ff      0x1d8 mbascii.o
 .debug_abbrev  0x000004d7       0xdb mbfunccoils.o
 .debug_abbrev  0x000005b2        0x1 mbfuncdiag.o
 .debug_abbrev  0x000005b3       0x98 mbfuncdisc.o
 .debug_abbrev  0x0000064b       0xb1 mbfuncholding.o
 .debug_abbrev  0x000006fc       0x98 mbfuncinput.o
 .debug_abbrev  0x00000794       0xbe mbfuncother.o
 .debug_abbrev  0x00000852       0xe6 mbutils.o
 .debug_abbrev  0x00000938       0xd8 mbcrc.o
 .debug_abbrev  0x00000a10       0xb3 portevent.o
 .debug_abbrev  0x00000ac3       0xb3 portserial.o
 .debug_abbrev  0x00000b76       0xa6 porttimer.o
 .debug_abbrev  0x00000c1c      0x17e mb.o
 .debug_abbrev  0x00000d9a       0x2a mbtcp.o
 .debug_abbrev  0x00000dc4       0xff digital_in_out_func.o
 .debug_abbrev  0x00000ec3      0x10b spi.o
 .debug_abbrev  0x00000fce      0x180 modbus-rtu.o
 .debug_abbrev  0x0000114e      0x1be rs485Channel.o
 .debug_abbrev  0x0000130c       0xc6 bit-array.o

.debug_line     0x00000000     0x3dc4
 *(.debug_line)
 .debug_line    0x00000000      0xa7d main.o
 .debug_line    0x00000a7d      0x3ae mbrtu.o
 .debug_line    0x00000e2b      0x553 mbascii.o
 .debug_line    0x0000137e      0x323 mbfunccoils.o
 .debug_line    0x000016a1       0x24 mbfuncdiag.o
 .debug_line    0x000016c5      0x210 mbfuncdisc.o
 .debug_line    0x000018d5      0x3b1 mbfuncholding.o
 .debug_line    0x00001c86      0x1f9 mbfuncinput.o
 .debug_line    0x00001e7f      0x1c1 mbfuncother.o
 .debug_line    0x00002040      0x1fb mbutils.o
 .debug_line    0x0000223b       0xd3 mbcrc.o
 .debug_line    0x0000230e      0x1af portevent.o
 .debug_line    0x000024bd      0x244 portserial.o
 .debug_line    0x00002701      0x194 porttimer.o
 .debug_line    0x00002895      0x3d8 mb.o
 .debug_line    0x00002c6d       0x3e mbtcp.o
 .debug_line    0x00002cab      0x386 digital_in_out_func.o
 .debug_line    0x00003031      0x1bb spi.o
 .debug_line    0x000031ec      0x47c modbus-rtu.o
 .debug_line    0x00003668      0x639 rs485Channel.o
 .debug_line    0x00003ca1      0x123 bit-array.o

.debug_frame    0x00000000      0x800
 *(.debug_frame)
 .debug_frame   0x00000000       0xc0 main.o
 .debug_frame   0x000000c0       0x90 mbrtu.o
 .debug_frame   0x00000150       0x90 mbascii.o
 .debug_frame   0x000001e0       0x40 mbfunccoils.o
 .debug_frame   0x00000220       0x20 mbfuncdisc.o
 .debug_frame   0x00000240       0x50 mbfuncholding.o
 .debug_frame   0x00000290       0x20 mbfuncinput.o
 .debug_frame   0x000002b0       0x30 mbfuncother.o
 .debug_frame   0x000002e0       0x40 mbutils.o
 .debug_frame   0x00000320       0x20 mbcrc.o
 .debug_frame   0x00000340       0x40 portevent.o
 .debug_frame   0x00000380       0x50 portserial.o
 .debug_frame   0x000003d0       0x50 porttimer.o
 .debug_frame   0x00000420       0x70 mb.o
 .debug_frame   0x00000490       0x90 digital_in_out_func.o
 .debug_frame   0x00000520       0x80 spi.o
 .debug_frame   0x000005a0       0xc0 modbus-rtu.o
 .debug_frame   0x00000660      0x140 rs485Channel.o
 .debug_frame   0x000007a0       0x60 bit-array.o

.debug_str      0x00000000     0x19d0
 *(.debug_str)
 .debug_str     0x00000000      0x69c main.o
                                0x747 (size before relaxing)
 .debug_str     0x0000069c      0x217 mbrtu.o
                                0x3bb (size before relaxing)
 .debug_str     0x000008b3      0x18c mbascii.o
                                0x45b (size before relaxing)
 .debug_str     0x00000a3f      0x1b3 mbfunccoils.o
                                0x34c (size before relaxing)
 .debug_str     0x00000bf2       0x49 mbfuncdisc.o
                                0x2e4 (size before relaxing)
 .debug_str     0x00000c3b      0x117 mbfuncholding.o
                                0x3c2 (size before relaxing)
 .debug_str     0x00000d52       0x3b mbfuncinput.o
                                0x2d8 (size before relaxing)
 .debug_str     0x00000d8d       0x89 mbfuncother.o
                                0x306 (size before relaxing)
 .debug_str     0x00000e16       0xa8 mbutils.o
                                0x313 (size before relaxing)
 .debug_str     0x00000ebe       0x4c mbcrc.o
                                0x183 (size before relaxing)
 .debug_str     0x00000f0a       0x8b portevent.o
                                0x1be (size before relaxing)
 .debug_str     0x00000f95       0xad portserial.o
                                0x20d (size before relaxing)
 .debug_str     0x00001042       0x9d porttimer.o
                                0x1a3 (size before relaxing)
 .debug_str     0x000010df      0x206 mb.o
                                0x56b (size before relaxing)
 .debug_str     0x000012e5       0x16 mbtcp.o
                                0x110 (size before relaxing)
 .debug_str     0x000012fb       0xdd digital_in_out_func.o
                                0x1ec (size before relaxing)
 .debug_str     0x000013d8       0x86 spi.o
                                0x17b (size before relaxing)
 .debug_str     0x0000145e      0x229 modbus-rtu.o
                                0x3ec (size before relaxing)
 .debug_str     0x00001687      0x2e2 rs485Channel.o
                                0x516 (size before relaxing)
 .debug_str     0x00001969       0x67 bit-array.o
                                0x155 (size before relaxing)

.debug_loc      0x00000000     0x23e2
 *(.debug_loc)
 .debug_loc     0x00000000      0x473 main.o
 .debug_loc     0x00000473      0x28c mbrtu.o
 .debug_loc     0x000006ff      0x2b4 mbascii.o
 .debug_loc     0x000009b3      0x341 mbfunccoils.o
 .debug_loc     0x00000cf4      0x135 mbfuncdisc.o
 .debug_loc     0x00000e29      0x439 mbfuncholding.o
 .debug_loc     0x00001262      0x10c mbfuncinput.o
 .debug_loc     0x0000136e      0x115 mbfuncother.o
 .debug_loc     0x00001483      0x106 mbutils.o
 .debug_loc     0x00001589       0x8c mbcrc.o
 .debug_loc     0x00001615       0x4e portevent.o
 .debug_loc     0x00001663      0x219 portserial.o
 .debug_loc     0x0000187c       0x3e porttimer.o
 .debug_loc     0x000018ba      0x2ce mb.o
 .debug_loc     0x00001b88       0xac digital_in_out_func.o
 .debug_loc     0x00001c34       0x40 spi.o
 .debug_loc     0x00001c74      0x593 modbus-rtu.o
 .debug_loc     0x00002207      0x135 rs485Channel.o
 .debug_loc     0x0000233c       0xa6 bit-array.o

.debug_macinfo
 *(.debug_macinfo)
OUTPUT(main.elf elf32-avr)
LOAD linker stubs
