Archive member included because of file (symbol)

c:/winavr-20100110/bin/../lib/gcc/avr/4.3.3/avr51\libgcc.a(_mulsi3.o)
                              porttimer.o (__mulsi3)
c:/winavr-20100110/bin/../lib/gcc/avr/4.3.3/avr51\libgcc.a(_udivmodsi4.o)
                              mbrtu.o (__udivmodsi4)
c:/winavr-20100110/bin/../lib/gcc/avr/4.3.3/avr51\libgcc.a(_exit.o)
                              c:/winavr-20100110/bin/../lib/gcc/avr/4.3.3/../../../../avr/lib/avr51/crtm128.o (exit)
c:/winavr-20100110/bin/../lib/gcc/avr/4.3.3/avr51\libgcc.a(_clear_bss.o)
                              main.o (__do_clear_bss)
c:/winavr-20100110/bin/../lib/gcc/avr/4.3.3/../../../../avr/lib/avr51\libc.a(memcpy.o)
                              mbfuncother.o (memcpy)

Allocating common symbols
Common symbol       size              file

pxMBFrameCBTransmitterEmpty
                    0x2               mb.o
ucRegCoilsBufA11    0x2               main.o
pxMBPortCBTimerExpired
                    0x2               mb.o
stSlaveChannelReadInputsA3
                    0x8               main.o
stSlaveChannelReadInputsA11
                    0x8               main.o
stSlaveChannelPresetRegisterA10
                    0x8               main.o
ucRTUBuf            0x100             mbrtu.o
arrRS485Channel     0xbe              main.o
ucRegCoilsBufA3     0x2               main.o
pxMBFrameCBByteReceived
                    0x2               mb.o
stSlaveChannelWriteCoilsA3
                    0x7               main.o
pxMBFrameCBTransmitFSMCur
                    0x2               mb.o
ucRegDiscBufA3      0x2               main.o
stSlaveChannelWriteCoilsA11
                    0x7               main.o
pxMBFrameCBReceiveFSMCur
                    0x2               mb.o
ucRegDiscBufA3Temp  0x2               main.o
ucRegDiscBufA11     0x2               main.o

Memory Configuration

Name             Origin             Length             Attributes
text             0x00000000         0x00020000         xr
data             0x00800060         0x0000ffa0         rw !x
eeprom           0x00810000         0x00010000         rw !x
fuse             0x00820000         0x00000400         rw !x
lock             0x00830000         0x00000400         rw !x
signature        0x00840000         0x00000400         rw !x
*default*        0x00000000         0xffffffff

Linker script and memory map

Address of section .data set to 0x800100
LOAD c:/winavr-20100110/bin/../lib/gcc/avr/4.3.3/../../../../avr/lib/avr51/crtm128.o
LOAD main.o
LOAD mbrtu.o
LOAD mbascii.o
LOAD mbfunccoils.o
LOAD mbfuncdiag.o
LOAD mbfuncdisc.o
LOAD mbfuncholding.o
LOAD mbfuncinput.o
LOAD mbfuncother.o
LOAD mbutils.o
LOAD mbcrc.o
LOAD portevent.o
LOAD portserial.o
LOAD porttimer.o
LOAD mb.o
LOAD mbtcp.o
LOAD digital_in_out_func.o
LOAD spi.o
LOAD modbus-rtu.o
LOAD rs485Channel.o
LOAD c:/winavr-20100110/bin/../lib/gcc/avr/4.3.3/avr51\libgcc.a
LOAD c:/winavr-20100110/bin/../lib/gcc/avr/4.3.3/../../../../avr/lib/avr51\libc.a
LOAD c:/winavr-20100110/bin/../lib/gcc/avr/4.3.3/avr51\libgcc.a

.hash
 *(.hash)

.dynsym
 *(.dynsym)

.dynstr
 *(.dynstr)

.gnu.version
 *(.gnu.version)

.gnu.version_d
 *(.gnu.version_d)

.gnu.version_r
 *(.gnu.version_r)

.rel.init
 *(.rel.init)

.rela.init
 *(.rela.init)

.rel.text
 *(.rel.text)
 *(.rel.text.*)
 *(.rel.gnu.linkonce.t*)

.rela.text
 *(.rela.text)
 *(.rela.text.*)
 *(.rela.gnu.linkonce.t*)

.rel.fini
 *(.rel.fini)

.rela.fini
 *(.rela.fini)

.rel.rodata
 *(.rel.rodata)
 *(.rel.rodata.*)
 *(.rel.gnu.linkonce.r*)

.rela.rodata
 *(.rela.rodata)
 *(.rela.rodata.*)
 *(.rela.gnu.linkonce.r*)

.rel.data
 *(.rel.data)
 *(.rel.data.*)
 *(.rel.gnu.linkonce.d*)

.rela.data
 *(.rela.data)
 *(.rela.data.*)
 *(.rela.gnu.linkonce.d*)

.rel.ctors
 *(.rel.ctors)

.rela.ctors
 *(.rela.ctors)

.rel.dtors
 *(.rel.dtors)

.rela.dtors
 *(.rela.dtors)

.rel.got
 *(.rel.got)

.rela.got
 *(.rela.got)

.rel.bss
 *(.rel.bss)

.rela.bss
 *(.rela.bss)

.rel.plt
 *(.rel.plt)

.rela.plt
 *(.rela.plt)

.text           0x00000000     0x31ae
 *(.vectors)
 .vectors       0x00000000       0x8c c:/winavr-20100110/bin/../lib/gcc/avr/4.3.3/../../../../avr/lib/avr51/crtm128.o
                0x00000000                __vectors
                0x00000000                __vector_default
 *(.vectors)
 *(.progmem.gcc*)
 *(.progmem*)
 .progmem.data  0x0000008c      0x200 mbcrc.o
                0x0000028c                . = ALIGN (0x2)
                0x0000028c                __trampolines_start = .
 *(.trampolines)
 .trampolines   0x0000028c        0x0 linker stubs
 *(.trampolines*)
                0x0000028c                __trampolines_end = .
 *(.jumptables)
 *(.jumptables*)
 *(.lowtext)
 *(.lowtext*)
                0x0000028c                __ctors_start = .
 *(.ctors)
                0x0000028c                __ctors_end = .
                0x0000028c                __dtors_start = .
 *(.dtors)
                0x0000028c                __dtors_end = .
 SORT(*)(.ctors)
 SORT(*)(.dtors)
 *(.init0)
 .init0         0x0000028c        0x0 c:/winavr-20100110/bin/../lib/gcc/avr/4.3.3/../../../../avr/lib/avr51/crtm128.o
                0x0000028c                __init
 *(.init0)
 *(.init1)
 *(.init1)
 *(.init2)
 .init2         0x0000028c        0xc c:/winavr-20100110/bin/../lib/gcc/avr/4.3.3/../../../../avr/lib/avr51/crtm128.o
 *(.init2)
 *(.init3)
 *(.init3)
 *(.init4)
 .init4         0x00000298       0x1a c:/winavr-20100110/bin/../lib/gcc/avr/4.3.3/../../../../avr/lib/avr51/crtm128.o
                0x00000298                __do_copy_data
 .init4         0x000002b2       0x10 c:/winavr-20100110/bin/../lib/gcc/avr/4.3.3/avr51\libgcc.a(_clear_bss.o)
                0x000002b2                __do_clear_bss
 *(.init4)
 *(.init5)
 *(.init5)
 *(.init6)
 *(.init6)
 *(.init7)
 *(.init7)
 *(.init8)
 *(.init8)
 *(.init9)
 .init9         0x000002c2        0x8 c:/winavr-20100110/bin/../lib/gcc/avr/4.3.3/../../../../avr/lib/avr51/crtm128.o
 *(.init9)
 *(.text)
 .text          0x000002ca        0x4 c:/winavr-20100110/bin/../lib/gcc/avr/4.3.3/../../../../avr/lib/avr51/crtm128.o
                0x000002ca                __vector_22
                0x000002ca                __vector_28
                0x000002ca                __vector_1
                0x000002ca                __vector_32
                0x000002ca                __vector_34
                0x000002ca                __vector_24
                0x000002ca                __bad_interrupt
                0x000002ca                __vector_6
                0x000002ca                __vector_31
                0x000002ca                __vector_3
                0x000002ca                __vector_23
                0x000002ca                __vector_30
                0x000002ca                __vector_25
                0x000002ca                __vector_11
                0x000002ca                __vector_13
                0x000002ca                __vector_17
                0x000002ca                __vector_7
                0x000002ca                __vector_27
                0x000002ca                __vector_5
                0x000002ca                __vector_33
                0x000002ca                __vector_4
                0x000002ca                __vector_9
                0x000002ca                __vector_2
                0x000002ca                __vector_21
                0x000002ca                __vector_15
                0x000002ca                __vector_29
                0x000002ca                __vector_8
                0x000002ca                __vector_14
                0x000002ca                __vector_10
                0x000002ca                __vector_16
 .text          0x000002ce      0xa3e main.o
                0x000002ce                mbMasterClrTimeOutError
                0x00000736                veznaEepRestoreUartSetings
                0x000005f8                eMBRegDiscreteCB
                0x0000074e                veznaEepSetUartSetings
                0x000003e4                byteArrToBitArr
                0x00000766                main
                0x0000046c                initBoard
                0x000002e0                eMBRegInputCB
                0x000004d8                __vector_26
                0x0000033c                eMBRegHoldingCB
                0x00000670                eMBRegCoilsCB
 .text          0x00000d0c      0x2d4 mbrtu.o
                0x00000e54                eMBRTUStart
                0x00000f6e                eMBRTUInit
                0x00000d4c                xMBRTUTransmitFSM
                0x00000dc2                xMBRTUReceiveFSM
                0x00000e6a                eMBRTUSend
                0x00000d0c                xMBRTUTimerT35Expired
                0x00000f04                eMBRTUReceive
                0x00000d3a                eMBRTUStop
 .text          0x00000fe0      0x3be mbascii.o
                0x00001064                xMBASCIITransmitFSM
                0x0000104e                xMBASCIITimerT1SExpired
                0x00001224                eMBASCIIStart
                0x0000136c                eMBASCIIInit
                0x00000fe0                eMBASCIIReceive
                0x0000118a                eMBASCIISend
                0x0000123c                xMBASCIIReceiveFSM
                0x00001212                eMBASCIIStop
 .text          0x0000139e      0x1b2 mbfunccoils.o
                0x00001426                eMBFuncWriteCoil
                0x000014a0                eMBFuncReadCoils
                0x0000139e                eMBFuncWriteMultipleCoils
 .text          0x00001550        0x0 mbfuncdiag.o
 .text          0x00001550       0xae mbfuncdisc.o
                0x00001550                eMBFuncReadDiscreteInputs
 .text          0x000015fe      0x25c mbfuncholding.o
                0x0000171a                eMBFuncReadHoldingRegister
                0x0000181a                eMBFuncWriteHoldingRegister
                0x000017aa                eMBFuncWriteMultipleHoldingRegister
                0x000015fe                eMBFuncReadWriteMultipleHoldingRegister
 .text          0x0000185a       0x98 mbfuncinput.o
                0x0000185a                eMBFuncReadInputRegister
 .text          0x000018f2       0x98 mbfuncother.o
                0x0000192a                eMBSetSlaveID
                0x000018f2                eMBFuncReportSlaveID
 .text          0x0000198a       0xe0 mbutils.o
                0x000019fe                xMBUtilGetBits
                0x0000198a                xMBUtilSetBits
                0x00001a4c                prveMBError2Exception
 .text          0x00001a6a       0x3e mbcrc.o
                0x00001a6a                usMBCRC16
 .text          0x00001aa8       0x2e portevent.o
                0x00001aa8                xMBPortEventInit
                0x00001abe                xMBPortEventGet
                0x00001ab0                xMBPortEventPost
 .text          0x00001ad6      0x22e portserial.o
                0x00001ad6                vMBPortSerialEnable
                0x00001cfa                xMBPortSerialGetByte
                0x00001afe                xMBPortSerialInit
                0x00001cf4                xMBPortSerialPutByte
 .text          0x00001d04       0xc6 porttimer.o
                0x00001d74                __vector_12
                0x00001d3c                xMBPortTimersInit
                0x00001d28                vMBPortTimersDisable
                0x00001d04                vMBPortTimersEnable
 .text          0x00001dca      0x332 mb.o
                0x00001e96                eMBDisable
                0x00001e56                eMBClose
                0x00001ebe                eMBPoll
                0x00001e78                eMBEnable
                0x00001dca                eMBRegisterCB
                0x00001fd4                eMBInit
 .text          0x000020fc        0x0 mbtcp.o
 .text          0x000020fc      0x262 digital_in_out_func.o
                0x0000225e                initAddressSwitch
                0x000021a2                initDigitalInput
                0x000021a8                writeDigitalOutput
                0x000021ee                initDigitalOutput
                0x0000231c                initHmiLed
                0x000020fc                readDigitalInput
                0x0000220a                readAddressSwitch
                0x00002270                writeHmiLed
 .text          0x0000235e       0x62 spi.o
                0x0000235e                spi_init
                0x00002378                spi_rec_byte
                0x000023b8                spi_high_frequency
                0x0000239a                spi_rec_data
                0x00002384                spi_send_data
                0x00002370                spi_send_byte
                0x000023b0                spi_low_frequency
 .text          0x000023c0      0x540 modbus-rtu.o
                0x00002784                mbSendRequestPresetSingleRegister
                0x00002860                mbSendRequestReadInputStatus
                0x000023c0                mbCheckExceptionForResponse
                0x000025d0                mbReceiveRequestReadInputStatus
                0x00002526                mbReceiveRequestForceSingleCoil
                0x0000241e                mbReceiveRequestForceMultipleCoils
                0x00002686                mbRtuAddCrcAndSendBuffer
                0x00002488                mbReceiveRequestPresetSingleRegister
                0x000027fc                mbSendRequestForceSingleCoil
                0x000026b8                mbSendRequestForceMultipleCoils
 .text          0x00002900      0x816 rs485Channel.o
                0x00002bea                rs485TaskIsEnable
                0x00002c66                rs485AddChannel
                0x00002bf0                rs485TaskInit
                0x00002cde                rs485sendRequestNullFunc
                0x00002e58                initRS485
                0x00002be4                rs485TaskDisable
                0x00002c98                rs485ChannelDefInit
                0x00002bdc                rs485TaskEnable
                0x00002c28                rs485TimerIsr
                0x00002ce8                rs485SetTimeOutErrorNullFunc
                0x00002dfa                __vector_19
                0x00002ce0                rs485getResponseNullFunc
                0x00002ce6                rs485RestoreUartSetingsNullFunc
                0x000030cc                rs485SendBuffer
                0x00002cea                rs485ClrTimeOutErrorNullFunc
                0x00002ce4                rs485SetUartSetingsNullFunc
                0x00002900                rs485Task
                0x00002d64                __vector_18
                0x00002cec                __vector_20
 .text          0x00003116        0x0 c:/winavr-20100110/bin/../lib/gcc/avr/4.3.3/avr51\libgcc.a(_mulsi3.o)
 .text          0x00003116        0x0 c:/winavr-20100110/bin/../lib/gcc/avr/4.3.3/avr51\libgcc.a(_udivmodsi4.o)
 .text          0x00003116        0x0 c:/winavr-20100110/bin/../lib/gcc/avr/4.3.3/avr51\libgcc.a(_exit.o)
 .text          0x00003116        0x0 c:/winavr-20100110/bin/../lib/gcc/avr/4.3.3/avr51\libgcc.a(_clear_bss.o)
 .text          0x00003116        0x0 c:/winavr-20100110/bin/../lib/gcc/avr/4.3.3/../../../../avr/lib/avr51\libc.a(memcpy.o)
                0x00003116                . = ALIGN (0x2)
 *(.text.*)
 .text.libgcc   0x00003116       0x3e c:/winavr-20100110/bin/../lib/gcc/avr/4.3.3/avr51\libgcc.a(_mulsi3.o)
                0x00003116                __mulsi3
 .text.libgcc   0x00003154       0x44 c:/winavr-20100110/bin/../lib/gcc/avr/4.3.3/avr51\libgcc.a(_udivmodsi4.o)
                0x00003154                __udivmodsi4
 .text.libgcc   0x00003198        0x0 c:/winavr-20100110/bin/../lib/gcc/avr/4.3.3/avr51\libgcc.a(_exit.o)
 .text.libgcc   0x00003198        0x0 c:/winavr-20100110/bin/../lib/gcc/avr/4.3.3/avr51\libgcc.a(_clear_bss.o)
 .text.avr-libc
                0x00003198       0x12 c:/winavr-20100110/bin/../lib/gcc/avr/4.3.3/../../../../avr/lib/avr51\libc.a(memcpy.o)
                0x00003198                memcpy
                0x000031aa                . = ALIGN (0x2)
 *(.fini9)
 .fini9         0x000031aa        0x0 c:/winavr-20100110/bin/../lib/gcc/avr/4.3.3/avr51\libgcc.a(_exit.o)
                0x000031aa                exit
                0x000031aa                _exit
 *(.fini9)
 *(.fini8)
 *(.fini8)
 *(.fini7)
 *(.fini7)
 *(.fini6)
 *(.fini6)
 *(.fini5)
 *(.fini5)
 *(.fini4)
 *(.fini4)
 *(.fini3)
 *(.fini3)
 *(.fini2)
 *(.fini2)
 *(.fini1)
 *(.fini1)
 *(.fini0)
 .fini0         0x000031aa        0x4 c:/winavr-20100110/bin/../lib/gcc/avr/4.3.3/avr51\libgcc.a(_exit.o)
 *(.fini0)
                0x000031ae                _etext = .

.data           0x00800100       0x38 load address 0x000031ae
                0x00800100                PROVIDE (__data_start, .)
 *(.data)
 .data          0x00800100        0x0 c:/winavr-20100110/bin/../lib/gcc/avr/4.3.3/../../../../avr/lib/avr51/crtm128.o
 .data          0x00800100        0x3 main.o
 .data          0x00800103        0x0 mbrtu.o
 .data          0x00800103        0x0 mbascii.o
 .data          0x00800103        0x0 mbfunccoils.o
 .data          0x00800103        0x0 mbfuncdiag.o
 .data          0x00800103        0x0 mbfuncdisc.o
 .data          0x00800103        0x0 mbfuncholding.o
 .data          0x00800103        0x0 mbfuncinput.o
 .data          0x00800103        0x0 mbfuncother.o
 .data          0x00800103        0x0 mbutils.o
 .data          0x00800103        0x0 mbcrc.o
 .data          0x00800103        0x0 portevent.o
 .data          0x00800103        0x0 portserial.o
 .data          0x00800103        0x0 porttimer.o
 .data          0x00800103       0x31 mb.o
 .data          0x00800134        0x0 mbtcp.o
 .data          0x00800134        0x0 digital_in_out_func.o
 .data          0x00800134        0x0 spi.o
 .data          0x00800134        0x0 modbus-rtu.o
 .data          0x00800134        0x3 rs485Channel.o
 .data          0x00800137        0x0 c:/winavr-20100110/bin/../lib/gcc/avr/4.3.3/avr51\libgcc.a(_mulsi3.o)
 .data          0x00800137        0x0 c:/winavr-20100110/bin/../lib/gcc/avr/4.3.3/avr51\libgcc.a(_udivmodsi4.o)
 .data          0x00800137        0x0 c:/winavr-20100110/bin/../lib/gcc/avr/4.3.3/avr51\libgcc.a(_exit.o)
 .data          0x00800137        0x0 c:/winavr-20100110/bin/../lib/gcc/avr/4.3.3/avr51\libgcc.a(_clear_bss.o)
 .data          0x00800137        0x0 c:/winavr-20100110/bin/../lib/gcc/avr/4.3.3/../../../../avr/lib/avr51\libc.a(memcpy.o)
 *(.data*)
 *(.rodata)
 *(.rodata*)
 *(.gnu.linkonce.d*)
                0x00800138                . = ALIGN (0x2)
 *fill*         0x00800137        0x1 00
                0x00800138                _edata = .
                0x00800138                PROVIDE (__data_end, .)

.bss            0x00800138      0x5d8
                0x00800138                PROVIDE (__bss_start, .)
 *(.bss)
 .bss           0x00800138        0x0 c:/winavr-20100110/bin/../lib/gcc/avr/4.3.3/../../../../avr/lib/avr51/crtm128.o
 .bss           0x00800138      0x21e main.o
                0x008001a3                uc1000msTimerEvent
                0x00800139                inPort
                0x008001a5                ucFlagTimeOutOutError
                0x008001a2                uc100msTimerEvent
                0x008001a1                uc10msTimerEvent
                0x008001a6                uiModbusTimeOutCounter
                0x00800138                isRun
                0x00800159                outPort
                0x00800179                hmiLed
 .bss           0x00800356        0x8 mbrtu.o
 .bss           0x0080035e        0xa mbascii.o
 .bss           0x00800368        0x0 mbfunccoils.o
 .bss           0x00800368        0x0 mbfuncdiag.o
 .bss           0x00800368        0x0 mbfuncdisc.o
 .bss           0x00800368        0x0 mbfuncholding.o
 .bss           0x00800368        0x0 mbfuncinput.o
 .bss           0x00800368       0x22 mbfuncother.o
 .bss           0x0080038a        0x0 mbutils.o
 .bss           0x0080038a        0x0 mbcrc.o
 .bss           0x0080038a        0x2 portevent.o
 .bss           0x0080038c        0x0 portserial.o
 .bss           0x0080038c        0x2 porttimer.o
 .bss           0x0080038e       0x13 mb.o
 .bss           0x008003a1        0x0 mbtcp.o
 .bss           0x008003a1        0x0 digital_in_out_func.o
 .bss           0x008003a1        0x0 spi.o
 .bss           0x008003a1        0x0 modbus-rtu.o
 .bss           0x008003a1      0x177 rs485Channel.o
 .bss           0x00800518        0x0 c:/winavr-20100110/bin/../lib/gcc/avr/4.3.3/avr51\libgcc.a(_mulsi3.o)
 .bss           0x00800518        0x0 c:/winavr-20100110/bin/../lib/gcc/avr/4.3.3/avr51\libgcc.a(_udivmodsi4.o)
 .bss           0x00800518        0x0 c:/winavr-20100110/bin/../lib/gcc/avr/4.3.3/avr51\libgcc.a(_exit.o)
 .bss           0x00800518        0x0 c:/winavr-20100110/bin/../lib/gcc/avr/4.3.3/avr51\libgcc.a(_clear_bss.o)
 .bss           0x00800518        0x0 c:/winavr-20100110/bin/../lib/gcc/avr/4.3.3/../../../../avr/lib/avr51\libc.a(memcpy.o)
 *(.bss*)
 *(COMMON)
 COMMON         0x00800518       0xee main.o
                0x00800518                ucRegCoilsBufA11
                0x0080051a                stSlaveChannelReadInputsA3
                0x00800522                stSlaveChannelReadInputsA11
                0x0080052a                stSlaveChannelPresetRegisterA10
                0x00800532                arrRS485Channel
                0x008005f0                ucRegCoilsBufA3
                0x008005f2                stSlaveChannelWriteCoilsA3
                0x008005f9                ucRegDiscBufA3
                0x008005fb                stSlaveChannelWriteCoilsA11
                0x00800602                ucRegDiscBufA3Temp
                0x00800604                ucRegDiscBufA11
 COMMON         0x00800606      0x100 mbrtu.o
                0x00800606                ucRTUBuf
 COMMON         0x00800706        0xa mb.o
                0x00800706                pxMBFrameCBTransmitterEmpty
                0x00800708                pxMBPortCBTimerExpired
                0x0080070a                pxMBFrameCBByteReceived
                0x0080070c                pxMBFrameCBTransmitFSMCur
                0x0080070e                pxMBFrameCBReceiveFSMCur
                0x00800710                PROVIDE (__bss_end, .)
                0x000031ae                __data_load_start = LOADADDR (.data)
                0x000031e6                __data_load_end = (__data_load_start + SIZEOF (.data))

.noinit         0x00800710        0x0
                0x00800710                PROVIDE (__noinit_start, .)
 *(.noinit*)
                0x00800710                PROVIDE (__noinit_end, .)
                0x00800710                _end = .
                0x00800710                PROVIDE (__heap_start, .)

.eeprom         0x00810000        0x0
 *(.eeprom*)
                0x00810000                __eeprom_end = .

.fuse
 *(.fuse)
 *(.lfuse)
 *(.hfuse)
 *(.efuse)

.lock
 *(.lock*)

.signature
 *(.signature*)

.stab
 *(.stab)

.stabstr
 *(.stabstr)

.stab.excl
 *(.stab.excl)

.stab.exclstr
 *(.stab.exclstr)

.stab.index
 *(.stab.index)

.stab.indexstr
 *(.stab.indexstr)

.comment
 *(.comment)

.debug
 *(.debug)

.line
 *(.line)

.debug_srcinfo
 *(.debug_srcinfo)

.debug_sfnames
 *(.debug_sfnames)

.debug_aranges  0x00000000      0x240
 *(.debug_aranges)
 .debug_aranges
                0x00000000       0x20 main.o
 .debug_aranges
                0x00000020       0x20 mbrtu.o
 .debug_aranges
                0x00000040       0x20 mbascii.o
 .debug_aranges
                0x00000060       0x20 mbfunccoils.o
 .debug_aranges
                0x00000080       0x20 mbfuncdisc.o
 .debug_aranges
                0x000000a0       0x20 mbfuncholding.o
 .debug_aranges
                0x000000c0       0x20 mbfuncinput.o
 .debug_aranges
                0x000000e0       0x20 mbfuncother.o
 .debug_aranges
                0x00000100       0x20 mbutils.o
 .debug_aranges
                0x00000120       0x20 mbcrc.o
 .debug_aranges
                0x00000140       0x20 portevent.o
 .debug_aranges
                0x00000160       0x20 portserial.o
 .debug_aranges
                0x00000180       0x20 porttimer.o
 .debug_aranges
                0x000001a0       0x20 mb.o
 .debug_aranges
                0x000001c0       0x20 digital_in_out_func.o
 .debug_aranges
                0x000001e0       0x20 spi.o
 .debug_aranges
                0x00000200       0x20 modbus-rtu.o
 .debug_aranges
                0x00000220       0x20 rs485Channel.o

.debug_pubnames
                0x00000000      0xcc3
 *(.debug_pubnames)
 .debug_pubnames
                0x00000000      0x2b0 main.o
 .debug_pubnames
                0x000002b0       0xb3 mbrtu.o
 .debug_pubnames
                0x00000363       0xb6 mbascii.o
 .debug_pubnames
                0x00000419       0x5a mbfunccoils.o
 .debug_pubnames
                0x00000473       0x30 mbfuncdisc.o
 .debug_pubnames
                0x000004a3       0xa5 mbfuncholding.o
 .debug_pubnames
                0x00000548       0x2f mbfuncinput.o
 .debug_pubnames
                0x00000577       0x3d mbfuncother.o
 .debug_pubnames
                0x000005b4       0x52 mbutils.o
 .debug_pubnames
                0x00000606       0x20 mbcrc.o
 .debug_pubnames
                0x00000626       0x50 portevent.o
 .debug_pubnames
                0x00000676       0x72 portserial.o
 .debug_pubnames
                0x000006e8       0x69 porttimer.o
 .debug_pubnames
                0x00000751       0xf8 mb.o
 .debug_pubnames
                0x00000849       0xb4 digital_in_out_func.o
 .debug_pubnames
                0x000008fd       0x92 spi.o
 .debug_pubnames
                0x0000098f      0x173 modbus-rtu.o
 .debug_pubnames
                0x00000b02      0x1c1 rs485Channel.o

.debug_info     0x00000000     0x3dca
 *(.debug_info)
 .debug_info    0x00000000      0x9a6 main.o
 .debug_info    0x000009a6      0x42a mbrtu.o
 .debug_info    0x00000dd0      0x5a3 mbascii.o
 .debug_info    0x00001373      0x2e9 mbfunccoils.o
 .debug_info    0x0000165c        0x0 mbfuncdiag.o
 .debug_info    0x0000165c      0x1b6 mbfuncdisc.o
 .debug_info    0x00001812      0x359 mbfuncholding.o
 .debug_info    0x00001b6b      0x1a7 mbfuncinput.o
 .debug_info    0x00001d12      0x217 mbfuncother.o
 .debug_info    0x00001f29      0x27a mbutils.o
 .debug_info    0x000021a3      0x196 mbcrc.o
 .debug_info    0x00002339      0x151 portevent.o
 .debug_info    0x0000248a      0x1da portserial.o
 .debug_info    0x00002664      0x11b porttimer.o
 .debug_info    0x0000277f      0x5c7 mb.o
 .debug_info    0x00002d46       0x73 mbtcp.o
 .debug_info    0x00002db9      0x261 digital_in_out_func.o
 .debug_info    0x0000301a      0x19c spi.o
 .debug_info    0x000031b6      0x62e modbus-rtu.o
 .debug_info    0x000037e4      0x5e6 rs485Channel.o
 *(.gnu.linkonce.wi.*)

.debug_abbrev   0x00000000     0x1325
 *(.debug_abbrev)
 .debug_abbrev  0x00000000      0x1d4 main.o
 .debug_abbrev  0x000001d4      0x120 mbrtu.o
 .debug_abbrev  0x000002f4      0x1d8 mbascii.o
 .debug_abbrev  0x000004cc       0xdb mbfunccoils.o
 .debug_abbrev  0x000005a7        0x1 mbfuncdiag.o
 .debug_abbrev  0x000005a8       0x98 mbfuncdisc.o
 .debug_abbrev  0x00000640       0xb1 mbfuncholding.o
 .debug_abbrev  0x000006f1       0x98 mbfuncinput.o
 .debug_abbrev  0x00000789       0xbe mbfuncother.o
 .debug_abbrev  0x00000847       0xe6 mbutils.o
 .debug_abbrev  0x0000092d       0xd8 mbcrc.o
 .debug_abbrev  0x00000a05       0xb3 portevent.o
 .debug_abbrev  0x00000ab8       0xb3 portserial.o
 .debug_abbrev  0x00000b6b       0xa6 porttimer.o
 .debug_abbrev  0x00000c11      0x17e mb.o
 .debug_abbrev  0x00000d8f       0x2a mbtcp.o
 .debug_abbrev  0x00000db9       0xff digital_in_out_func.o
 .debug_abbrev  0x00000eb8      0x10b spi.o
 .debug_abbrev  0x00000fc3      0x1a4 modbus-rtu.o
 .debug_abbrev  0x00001167      0x1be rs485Channel.o

.debug_line     0x00000000     0x3aea
 *(.debug_line)
 .debug_line    0x00000000      0x9f8 main.o
 .debug_line    0x000009f8      0x392 mbrtu.o
 .debug_line    0x00000d8a      0x537 mbascii.o
 .debug_line    0x000012c1      0x307 mbfunccoils.o
 .debug_line    0x000015c8       0x24 mbfuncdiag.o
 .debug_line    0x000015ec      0x1f4 mbfuncdisc.o
 .debug_line    0x000017e0      0x395 mbfuncholding.o
 .debug_line    0x00001b75      0x1dd mbfuncinput.o
 .debug_line    0x00001d52      0x1a5 mbfuncother.o
 .debug_line    0x00001ef7      0x1df mbutils.o
 .debug_line    0x000020d6       0xd3 mbcrc.o
 .debug_line    0x000021a9      0x193 portevent.o
 .debug_line    0x0000233c      0x236 portserial.o
 .debug_line    0x00002572      0x186 porttimer.o
 .debug_line    0x000026f8      0x3bc mb.o
 .debug_line    0x00002ab4       0x3e mbtcp.o
 .debug_line    0x00002af2      0x386 digital_in_out_func.o
 .debug_line    0x00002e78      0x1bb spi.o
 .debug_line    0x00003033      0x49a modbus-rtu.o
 .debug_line    0x000034cd      0x61d rs485Channel.o

.debug_frame    0x00000000      0x790
 *(.debug_frame)
 .debug_frame   0x00000000       0xc0 main.o
 .debug_frame   0x000000c0       0x90 mbrtu.o
 .debug_frame   0x00000150       0x90 mbascii.o
 .debug_frame   0x000001e0       0x40 mbfunccoils.o
 .debug_frame   0x00000220       0x20 mbfuncdisc.o
 .debug_frame   0x00000240       0x50 mbfuncholding.o
 .debug_frame   0x00000290       0x20 mbfuncinput.o
 .debug_frame   0x000002b0       0x30 mbfuncother.o
 .debug_frame   0x000002e0       0x40 mbutils.o
 .debug_frame   0x00000320       0x20 mbcrc.o
 .debug_frame   0x00000340       0x40 portevent.o
 .debug_frame   0x00000380       0x50 portserial.o
 .debug_frame   0x000003d0       0x50 porttimer.o
 .debug_frame   0x00000420       0x70 mb.o
 .debug_frame   0x00000490       0x90 digital_in_out_func.o
 .debug_frame   0x00000520       0x80 spi.o
 .debug_frame   0x000005a0       0xb0 modbus-rtu.o
 .debug_frame   0x00000650      0x140 rs485Channel.o

.debug_str      0x00000000     0x191f
 *(.debug_str)
 .debug_str     0x00000000      0x665 main.o
                                0x708 (size before relaxing)
 .debug_str     0x00000665      0x217 mbrtu.o
                                0x3ad (size before relaxing)
 .debug_str     0x0000087c      0x18c mbascii.o
                                0x44d (size before relaxing)
 .debug_str     0x00000a08      0x1b3 mbfunccoils.o
                                0x33e (size before relaxing)
 .debug_str     0x00000bbb       0x49 mbfuncdisc.o
                                0x2d6 (size before relaxing)
 .debug_str     0x00000c04      0x117 mbfuncholding.o
                                0x3b4 (size before relaxing)
 .debug_str     0x00000d1b       0x3b mbfuncinput.o
                                0x2ca (size before relaxing)
 .debug_str     0x00000d56       0x89 mbfuncother.o
                                0x2f8 (size before relaxing)
 .debug_str     0x00000ddf       0xa8 mbutils.o
                                0x305 (size before relaxing)
 .debug_str     0x00000e87       0x4c mbcrc.o
                                0x175 (size before relaxing)
 .debug_str     0x00000ed3       0x8b portevent.o
                                0x1b0 (size before relaxing)
 .debug_str     0x00000f5e       0xad portserial.o
                                0x1ff (size before relaxing)
 .debug_str     0x0000100b       0x9d porttimer.o
                                0x195 (size before relaxing)
 .debug_str     0x000010a8      0x206 mb.o
                                0x55d (size before relaxing)
 .debug_str     0x000012ae       0x16 mbtcp.o
                                0x102 (size before relaxing)
 .debug_str     0x000012c4       0xdd digital_in_out_func.o
                                0x1de (size before relaxing)
 .debug_str     0x000013a1       0x86 spi.o
                                0x16d (size before relaxing)
 .debug_str     0x00001427      0x216 modbus-rtu.o
                                0x3cb (size before relaxing)
 .debug_str     0x0000163d      0x2e2 rs485Channel.o
                                0x506 (size before relaxing)

.debug_loc      0x00000000     0x2370
 *(.debug_loc)
 .debug_loc     0x00000000      0x403 main.o
 .debug_loc     0x00000403      0x28c mbrtu.o
 .debug_loc     0x0000068f      0x2b4 mbascii.o
 .debug_loc     0x00000943      0x341 mbfunccoils.o
 .debug_loc     0x00000c84      0x135 mbfuncdisc.o
 .debug_loc     0x00000db9      0x439 mbfuncholding.o
 .debug_loc     0x000011f2      0x10c mbfuncinput.o
 .debug_loc     0x000012fe      0x115 mbfuncother.o
 .debug_loc     0x00001413      0x106 mbutils.o
 .debug_loc     0x00001519       0x8c mbcrc.o
 .debug_loc     0x000015a5       0x4e portevent.o
 .debug_loc     0x000015f3      0x219 portserial.o
 .debug_loc     0x0000180c       0x3e porttimer.o
 .debug_loc     0x0000184a      0x2ce mb.o
 .debug_loc     0x00001b18       0xac digital_in_out_func.o
 .debug_loc     0x00001bc4       0x40 spi.o
 .debug_loc     0x00001c04      0x637 modbus-rtu.o
 .debug_loc     0x0000223b      0x135 rs485Channel.o

.debug_macinfo
 *(.debug_macinfo)
OUTPUT(main.elf elf32-avr)
LOAD linker stubs
