Archive member included because of file (symbol)

c:/winavr-20100110/bin/../lib/gcc/avr/4.3.3/avr51\libgcc.a(_mulsi3.o)
                              porttimer.o (__mulsi3)
c:/winavr-20100110/bin/../lib/gcc/avr/4.3.3/avr51\libgcc.a(_udivmodsi4.o)
                              mbrtu.o (__udivmodsi4)
c:/winavr-20100110/bin/../lib/gcc/avr/4.3.3/avr51\libgcc.a(_exit.o)
                              c:/winavr-20100110/bin/../lib/gcc/avr/4.3.3/../../../../avr/lib/avr51/crtm128.o (exit)
c:/winavr-20100110/bin/../lib/gcc/avr/4.3.3/avr51\libgcc.a(_clear_bss.o)
                              main.o (__do_clear_bss)
c:/winavr-20100110/bin/../lib/gcc/avr/4.3.3/../../../../avr/lib/avr51\libc.a(memcpy.o)
                              mbfuncother.o (memcpy)

Allocating common symbols
Common symbol       size              file

pxMBFrameCBTransmitterEmpty
                    0x2               mb.o
stSlaveChanelWriteCoilsA3
                    0x7               main.o
stSlaveChanelPresetRegisterA10
                    0x8               main.o
ucRegCoilsBufA11    0x2               main.o
pxMBPortCBTimerExpired
                    0x2               mb.o
ucRTUBuf            0x100             mbrtu.o
stSlaveChanelReadInputsA11
                    0x8               main.o
ucRegCoilsBufA3     0x2               main.o
pxMBFrameCBByteReceived
                    0x2               mb.o
stSlaveChanelWriteCoilsA11
                    0x7               main.o
pxMBFrameCBTransmitFSMCur
                    0x2               mb.o
ucRegDiscBufA3      0x2               main.o
stSlaveChanelReadInputsA3
                    0x8               main.o
pxMBFrameCBReceiveFSMCur
                    0x2               mb.o
ucRegDiscBufA3Temp  0x2               main.o
arrRS485Chanel      0xbe              main.o
ucRegDiscBufA11     0x2               main.o

Memory Configuration

Name             Origin             Length             Attributes
text             0x00000000         0x00020000         xr
data             0x00800060         0x0000ffa0         rw !x
eeprom           0x00810000         0x00010000         rw !x
fuse             0x00820000         0x00000400         rw !x
lock             0x00830000         0x00000400         rw !x
signature        0x00840000         0x00000400         rw !x
*default*        0x00000000         0xffffffff

Linker script and memory map

Address of section .data set to 0x800100
LOAD c:/winavr-20100110/bin/../lib/gcc/avr/4.3.3/../../../../avr/lib/avr51/crtm128.o
LOAD main.o
LOAD mbrtu.o
LOAD mbascii.o
LOAD mbfunccoils.o
LOAD mbfuncdiag.o
LOAD mbfuncdisc.o
LOAD mbfuncholding.o
LOAD mbfuncinput.o
LOAD mbfuncother.o
LOAD mbutils.o
LOAD mbcrc.o
LOAD portevent.o
LOAD portserial.o
LOAD porttimer.o
LOAD mb.o
LOAD mbtcp.o
LOAD digital_in_out_func.o
LOAD spi.o
LOAD modbus-rtu.o
LOAD rs485Chanel.o
LOAD c:/winavr-20100110/bin/../lib/gcc/avr/4.3.3/avr51\libgcc.a
LOAD c:/winavr-20100110/bin/../lib/gcc/avr/4.3.3/../../../../avr/lib/avr51\libc.a
LOAD c:/winavr-20100110/bin/../lib/gcc/avr/4.3.3/avr51\libgcc.a

.hash
 *(.hash)

.dynsym
 *(.dynsym)

.dynstr
 *(.dynstr)

.gnu.version
 *(.gnu.version)

.gnu.version_d
 *(.gnu.version_d)

.gnu.version_r
 *(.gnu.version_r)

.rel.init
 *(.rel.init)

.rela.init
 *(.rela.init)

.rel.text
 *(.rel.text)
 *(.rel.text.*)
 *(.rel.gnu.linkonce.t*)

.rela.text
 *(.rela.text)
 *(.rela.text.*)
 *(.rela.gnu.linkonce.t*)

.rel.fini
 *(.rel.fini)

.rela.fini
 *(.rela.fini)

.rel.rodata
 *(.rel.rodata)
 *(.rel.rodata.*)
 *(.rel.gnu.linkonce.r*)

.rela.rodata
 *(.rela.rodata)
 *(.rela.rodata.*)
 *(.rela.gnu.linkonce.r*)

.rel.data
 *(.rel.data)
 *(.rel.data.*)
 *(.rel.gnu.linkonce.d*)

.rela.data
 *(.rela.data)
 *(.rela.data.*)
 *(.rela.gnu.linkonce.d*)

.rel.ctors
 *(.rel.ctors)

.rela.ctors
 *(.rela.ctors)

.rel.dtors
 *(.rel.dtors)

.rela.dtors
 *(.rela.dtors)

.rel.got
 *(.rel.got)

.rela.got
 *(.rela.got)

.rel.bss
 *(.rel.bss)

.rela.bss
 *(.rela.bss)

.rel.plt
 *(.rel.plt)

.rela.plt
 *(.rela.plt)

.text           0x00000000     0x3080
 *(.vectors)
 .vectors       0x00000000       0x8c c:/winavr-20100110/bin/../lib/gcc/avr/4.3.3/../../../../avr/lib/avr51/crtm128.o
                0x00000000                __vectors
                0x00000000                __vector_default
 *(.vectors)
 *(.progmem.gcc*)
 *(.progmem*)
 .progmem.data  0x0000008c      0x200 mbcrc.o
                0x0000028c                . = ALIGN (0x2)
                0x0000028c                __trampolines_start = .
 *(.trampolines)
 .trampolines   0x0000028c        0x0 linker stubs
 *(.trampolines*)
                0x0000028c                __trampolines_end = .
 *(.jumptables)
 *(.jumptables*)
 *(.lowtext)
 *(.lowtext*)
                0x0000028c                __ctors_start = .
 *(.ctors)
                0x0000028c                __ctors_end = .
                0x0000028c                __dtors_start = .
 *(.dtors)
                0x0000028c                __dtors_end = .
 SORT(*)(.ctors)
 SORT(*)(.dtors)
 *(.init0)
 .init0         0x0000028c        0x0 c:/winavr-20100110/bin/../lib/gcc/avr/4.3.3/../../../../avr/lib/avr51/crtm128.o
                0x0000028c                __init
 *(.init0)
 *(.init1)
 *(.init1)
 *(.init2)
 .init2         0x0000028c        0xc c:/winavr-20100110/bin/../lib/gcc/avr/4.3.3/../../../../avr/lib/avr51/crtm128.o
 *(.init2)
 *(.init3)
 *(.init3)
 *(.init4)
 .init4         0x00000298       0x1a c:/winavr-20100110/bin/../lib/gcc/avr/4.3.3/../../../../avr/lib/avr51/crtm128.o
                0x00000298                __do_copy_data
 .init4         0x000002b2       0x10 c:/winavr-20100110/bin/../lib/gcc/avr/4.3.3/avr51\libgcc.a(_clear_bss.o)
                0x000002b2                __do_clear_bss
 *(.init4)
 *(.init5)
 *(.init5)
 *(.init6)
 *(.init6)
 *(.init7)
 *(.init7)
 *(.init8)
 *(.init8)
 *(.init9)
 .init9         0x000002c2        0x8 c:/winavr-20100110/bin/../lib/gcc/avr/4.3.3/../../../../avr/lib/avr51/crtm128.o
 *(.init9)
 *(.text)
 .text          0x000002ca        0x4 c:/winavr-20100110/bin/../lib/gcc/avr/4.3.3/../../../../avr/lib/avr51/crtm128.o
                0x000002ca                __vector_22
                0x000002ca                __vector_28
                0x000002ca                __vector_1
                0x000002ca                __vector_32
                0x000002ca                __vector_34
                0x000002ca                __vector_24
                0x000002ca                __bad_interrupt
                0x000002ca                __vector_6
                0x000002ca                __vector_31
                0x000002ca                __vector_3
                0x000002ca                __vector_23
                0x000002ca                __vector_30
                0x000002ca                __vector_25
                0x000002ca                __vector_11
                0x000002ca                __vector_13
                0x000002ca                __vector_17
                0x000002ca                __vector_7
                0x000002ca                __vector_27
                0x000002ca                __vector_5
                0x000002ca                __vector_33
                0x000002ca                __vector_4
                0x000002ca                __vector_9
                0x000002ca                __vector_2
                0x000002ca                __vector_21
                0x000002ca                __vector_15
                0x000002ca                __vector_29
                0x000002ca                __vector_8
                0x000002ca                __vector_14
                0x000002ca                __vector_10
                0x000002ca                __vector_16
 .text          0x000002ce      0x9ec main.o
                0x000002ce                mbMasterClrTimeOutError
                0x0000074a                veznaEepRestoreUartSetings
                0x0000060c                eMBRegDiscreteCB
                0x00000762                veznaEepSetUartSetings
                0x000003e4                byteArrToBitArr
                0x0000077a                main
                0x00000596                initBoard
                0x000002e0                eMBRegInputCB
                0x0000046c                __vector_26
                0x0000033c                eMBRegHoldingCB
                0x00000684                eMBRegCoilsCB
 .text          0x00000cba      0x2d4 mbrtu.o
                0x00000e02                eMBRTUStart
                0x00000f1c                eMBRTUInit
                0x00000cfa                xMBRTUTransmitFSM
                0x00000d70                xMBRTUReceiveFSM
                0x00000e18                eMBRTUSend
                0x00000cba                xMBRTUTimerT35Expired
                0x00000eb2                eMBRTUReceive
                0x00000ce8                eMBRTUStop
 .text          0x00000f8e      0x3be mbascii.o
                0x00001012                xMBASCIITransmitFSM
                0x00000ffc                xMBASCIITimerT1SExpired
                0x000011d2                eMBASCIIStart
                0x0000131a                eMBASCIIInit
                0x00000f8e                eMBASCIIReceive
                0x00001138                eMBASCIISend
                0x000011ea                xMBASCIIReceiveFSM
                0x000011c0                eMBASCIIStop
 .text          0x0000134c      0x1b2 mbfunccoils.o
                0x000013d4                eMBFuncWriteCoil
                0x0000144e                eMBFuncReadCoils
                0x0000134c                eMBFuncWriteMultipleCoils
 .text          0x000014fe        0x0 mbfuncdiag.o
 .text          0x000014fe       0xae mbfuncdisc.o
                0x000014fe                eMBFuncReadDiscreteInputs
 .text          0x000015ac      0x25c mbfuncholding.o
                0x000016c8                eMBFuncReadHoldingRegister
                0x000017c8                eMBFuncWriteHoldingRegister
                0x00001758                eMBFuncWriteMultipleHoldingRegister
                0x000015ac                eMBFuncReadWriteMultipleHoldingRegister
 .text          0x00001808       0x98 mbfuncinput.o
                0x00001808                eMBFuncReadInputRegister
 .text          0x000018a0       0x98 mbfuncother.o
                0x000018d8                eMBSetSlaveID
                0x000018a0                eMBFuncReportSlaveID
 .text          0x00001938       0xe0 mbutils.o
                0x000019ac                xMBUtilGetBits
                0x00001938                xMBUtilSetBits
                0x000019fa                prveMBError2Exception
 .text          0x00001a18       0x3e mbcrc.o
                0x00001a18                usMBCRC16
 .text          0x00001a56       0x2e portevent.o
                0x00001a56                xMBPortEventInit
                0x00001a6c                xMBPortEventGet
                0x00001a5e                xMBPortEventPost
 .text          0x00001a84      0x22e portserial.o
                0x00001a84                vMBPortSerialEnable
                0x00001ca8                xMBPortSerialGetByte
                0x00001aac                xMBPortSerialInit
                0x00001ca2                xMBPortSerialPutByte
 .text          0x00001cb2       0xc6 porttimer.o
                0x00001d22                __vector_12
                0x00001cea                xMBPortTimersInit
                0x00001cd6                vMBPortTimersDisable
                0x00001cb2                vMBPortTimersEnable
 .text          0x00001d78      0x332 mb.o
                0x00001e44                eMBDisable
                0x00001e04                eMBClose
                0x00001e6c                eMBPoll
                0x00001e26                eMBEnable
                0x00001d78                eMBRegisterCB
                0x00001f82                eMBInit
 .text          0x000020aa        0x0 mbtcp.o
 .text          0x000020aa      0x262 digital_in_out_func.o
                0x0000220c                initAddressSwitch
                0x00002150                initDigitalInput
                0x00002156                writeDigitalOutput
                0x0000219c                initDigitalOutput
                0x000022ca                initHmiLed
                0x000020aa                readDigitalInput
                0x000021b8                readAddressSwitch
                0x0000221e                writeHmiLed
 .text          0x0000230c       0x62 spi.o
                0x0000230c                spi_init
                0x00002326                spi_rec_byte
                0x00002366                spi_high_frequency
                0x00002348                spi_rec_data
                0x00002332                spi_send_data
                0x0000231e                spi_send_byte
                0x0000235e                spi_low_frequency
 .text          0x0000236e      0x4a2 modbus-rtu.o
                0x00002694                mbSendRequestPresetSingleRegister
                0x00002770                mbSendRequestReadInputStatus
                0x0000236e                mbCheckExceptionForResponse
                0x000024e0                mbReceiveRequestReadInputStatus
                0x00002436                mbReceiveRequestForceSingleCoil
                0x000023cc                mbReceiveRequestForceMultipleCoils
                0x00002596                mbRtuAddCrcAndSendBuffer
                0x0000270c                mbSendRequestForceSingleCoil
                0x000025c8                mbSendRequestForceMultipleCoils
 .text          0x00002810      0x7d8 rs485Chanel.o
                0x00002b38                rs485AddChanel
                0x00002afa                rs485TaskIsEnable
                0x00002b00                rs485TaskInit
                0x00002bb0                rs485sendRequestNullFunc
                0x00002d2a                initRS485
                0x00002af4                rs485TaskDisable
                0x00002aec                rs485TaskEnable
                0x00002bba                rs485SetTimeOutErrorNullFunc
                0x00002ccc                __vector_19
                0x00002bb2                rs485getResponseNullFunc
                0x00002bb8                rs485RestoreUartSetingsNullFunc
                0x00002f9e                rs485SendBuffer
                0x00002bbc                rs485ClrTimeOutErrorNullFunc
                0x00002b6a                rs485ChanelDefInit
                0x00002bb6                rs485SetUartSetingsNullFunc
                0x00002810                rs485Task
                0x00002c36                __vector_18
                0x00002bbe                __vector_20
 .text          0x00002fe8        0x0 c:/winavr-20100110/bin/../lib/gcc/avr/4.3.3/avr51\libgcc.a(_mulsi3.o)
 .text          0x00002fe8        0x0 c:/winavr-20100110/bin/../lib/gcc/avr/4.3.3/avr51\libgcc.a(_udivmodsi4.o)
 .text          0x00002fe8        0x0 c:/winavr-20100110/bin/../lib/gcc/avr/4.3.3/avr51\libgcc.a(_exit.o)
 .text          0x00002fe8        0x0 c:/winavr-20100110/bin/../lib/gcc/avr/4.3.3/avr51\libgcc.a(_clear_bss.o)
 .text          0x00002fe8        0x0 c:/winavr-20100110/bin/../lib/gcc/avr/4.3.3/../../../../avr/lib/avr51\libc.a(memcpy.o)
                0x00002fe8                . = ALIGN (0x2)
 *(.text.*)
 .text.libgcc   0x00002fe8       0x3e c:/winavr-20100110/bin/../lib/gcc/avr/4.3.3/avr51\libgcc.a(_mulsi3.o)
                0x00002fe8                __mulsi3
 .text.libgcc   0x00003026       0x44 c:/winavr-20100110/bin/../lib/gcc/avr/4.3.3/avr51\libgcc.a(_udivmodsi4.o)
                0x00003026                __udivmodsi4
 .text.libgcc   0x0000306a        0x0 c:/winavr-20100110/bin/../lib/gcc/avr/4.3.3/avr51\libgcc.a(_exit.o)
 .text.libgcc   0x0000306a        0x0 c:/winavr-20100110/bin/../lib/gcc/avr/4.3.3/avr51\libgcc.a(_clear_bss.o)
 .text.avr-libc
                0x0000306a       0x12 c:/winavr-20100110/bin/../lib/gcc/avr/4.3.3/../../../../avr/lib/avr51\libc.a(memcpy.o)
                0x0000306a                memcpy
                0x0000307c                . = ALIGN (0x2)
 *(.fini9)
 .fini9         0x0000307c        0x0 c:/winavr-20100110/bin/../lib/gcc/avr/4.3.3/avr51\libgcc.a(_exit.o)
                0x0000307c                exit
                0x0000307c                _exit
 *(.fini9)
 *(.fini8)
 *(.fini8)
 *(.fini7)
 *(.fini7)
 *(.fini6)
 *(.fini6)
 *(.fini5)
 *(.fini5)
 *(.fini4)
 *(.fini4)
 *(.fini3)
 *(.fini3)
 *(.fini2)
 *(.fini2)
 *(.fini1)
 *(.fini1)
 *(.fini0)
 .fini0         0x0000307c        0x4 c:/winavr-20100110/bin/../lib/gcc/avr/4.3.3/avr51\libgcc.a(_exit.o)
 *(.fini0)
                0x00003080                _etext = .

.data           0x00800100       0x38 load address 0x00003080
                0x00800100                PROVIDE (__data_start, .)
 *(.data)
 .data          0x00800100        0x0 c:/winavr-20100110/bin/../lib/gcc/avr/4.3.3/../../../../avr/lib/avr51/crtm128.o
 .data          0x00800100        0x3 main.o
 .data          0x00800103        0x0 mbrtu.o
 .data          0x00800103        0x0 mbascii.o
 .data          0x00800103        0x0 mbfunccoils.o
 .data          0x00800103        0x0 mbfuncdiag.o
 .data          0x00800103        0x0 mbfuncdisc.o
 .data          0x00800103        0x0 mbfuncholding.o
 .data          0x00800103        0x0 mbfuncinput.o
 .data          0x00800103        0x0 mbfuncother.o
 .data          0x00800103        0x0 mbutils.o
 .data          0x00800103        0x0 mbcrc.o
 .data          0x00800103        0x0 portevent.o
 .data          0x00800103        0x0 portserial.o
 .data          0x00800103        0x0 porttimer.o
 .data          0x00800103       0x31 mb.o
 .data          0x00800134        0x0 mbtcp.o
 .data          0x00800134        0x0 digital_in_out_func.o
 .data          0x00800134        0x0 spi.o
 .data          0x00800134        0x0 modbus-rtu.o
 .data          0x00800134        0x3 rs485Chanel.o
                0x00800134                uiSysRS485SendRequestTimer
 .data          0x00800137        0x0 c:/winavr-20100110/bin/../lib/gcc/avr/4.3.3/avr51\libgcc.a(_mulsi3.o)
 .data          0x00800137        0x0 c:/winavr-20100110/bin/../lib/gcc/avr/4.3.3/avr51\libgcc.a(_udivmodsi4.o)
 .data          0x00800137        0x0 c:/winavr-20100110/bin/../lib/gcc/avr/4.3.3/avr51\libgcc.a(_exit.o)
 .data          0x00800137        0x0 c:/winavr-20100110/bin/../lib/gcc/avr/4.3.3/avr51\libgcc.a(_clear_bss.o)
 .data          0x00800137        0x0 c:/winavr-20100110/bin/../lib/gcc/avr/4.3.3/../../../../avr/lib/avr51\libc.a(memcpy.o)
 *(.data*)
 *(.rodata)
 *(.rodata*)
 *(.gnu.linkonce.d*)
                0x00800138                . = ALIGN (0x2)
 *fill*         0x00800137        0x1 00
                0x00800138                _edata = .
                0x00800138                PROVIDE (__data_end, .)

.bss            0x00800138      0x5d8
                0x00800138                PROVIDE (__bss_start, .)
 *(.bss)
 .bss           0x00800138        0x0 c:/winavr-20100110/bin/../lib/gcc/avr/4.3.3/../../../../avr/lib/avr51/crtm128.o
 .bss           0x00800138      0x21e main.o
                0x008001a3                uc1000msTimerEvent
                0x00800139                inPort
                0x008001a5                ucFlagTimeOutOutError
                0x008001a2                uc100msTimerEvent
                0x008001a1                uc10msTimerEvent
                0x008001a6                uiModbusTimeOutCounter
                0x00800138                isRun
                0x00800159                outPort
                0x00800179                hmiLed
 .bss           0x00800356        0x8 mbrtu.o
 .bss           0x0080035e        0xa mbascii.o
 .bss           0x00800368        0x0 mbfunccoils.o
 .bss           0x00800368        0x0 mbfuncdiag.o
 .bss           0x00800368        0x0 mbfuncdisc.o
 .bss           0x00800368        0x0 mbfuncholding.o
 .bss           0x00800368        0x0 mbfuncinput.o
 .bss           0x00800368       0x22 mbfuncother.o
 .bss           0x0080038a        0x0 mbutils.o
 .bss           0x0080038a        0x0 mbcrc.o
 .bss           0x0080038a        0x2 portevent.o
 .bss           0x0080038c        0x0 portserial.o
 .bss           0x0080038c        0x2 porttimer.o
 .bss           0x0080038e       0x13 mb.o
 .bss           0x008003a1        0x0 mbtcp.o
 .bss           0x008003a1        0x0 digital_in_out_func.o
 .bss           0x008003a1        0x0 spi.o
 .bss           0x008003a1        0x0 modbus-rtu.o
 .bss           0x008003a1      0x177 rs485Chanel.o
                0x008003a1                uiSysRS485ReciverTimer
 .bss           0x00800518        0x0 c:/winavr-20100110/bin/../lib/gcc/avr/4.3.3/avr51\libgcc.a(_mulsi3.o)
 .bss           0x00800518        0x0 c:/winavr-20100110/bin/../lib/gcc/avr/4.3.3/avr51\libgcc.a(_udivmodsi4.o)
 .bss           0x00800518        0x0 c:/winavr-20100110/bin/../lib/gcc/avr/4.3.3/avr51\libgcc.a(_exit.o)
 .bss           0x00800518        0x0 c:/winavr-20100110/bin/../lib/gcc/avr/4.3.3/avr51\libgcc.a(_clear_bss.o)
 .bss           0x00800518        0x0 c:/winavr-20100110/bin/../lib/gcc/avr/4.3.3/../../../../avr/lib/avr51\libc.a(memcpy.o)
 *(.bss*)
 *(COMMON)
 COMMON         0x00800518       0xee main.o
                0x00800518                stSlaveChanelWriteCoilsA3
                0x0080051f                stSlaveChanelPresetRegisterA10
                0x00800527                ucRegCoilsBufA11
                0x00800529                stSlaveChanelReadInputsA11
                0x00800531                ucRegCoilsBufA3
                0x00800533                stSlaveChanelWriteCoilsA11
                0x0080053a                ucRegDiscBufA3
                0x0080053c                stSlaveChanelReadInputsA3
                0x00800544                ucRegDiscBufA3Temp
                0x00800546                arrRS485Chanel
                0x00800604                ucRegDiscBufA11
 COMMON         0x00800606      0x100 mbrtu.o
                0x00800606                ucRTUBuf
 COMMON         0x00800706        0xa mb.o
                0x00800706                pxMBFrameCBTransmitterEmpty
                0x00800708                pxMBPortCBTimerExpired
                0x0080070a                pxMBFrameCBByteReceived
                0x0080070c                pxMBFrameCBTransmitFSMCur
                0x0080070e                pxMBFrameCBReceiveFSMCur
                0x00800710                PROVIDE (__bss_end, .)
                0x00003080                __data_load_start = LOADADDR (.data)
                0x000030b8                __data_load_end = (__data_load_start + SIZEOF (.data))

.noinit         0x00800710        0x0
                0x00800710                PROVIDE (__noinit_start, .)
 *(.noinit*)
                0x00800710                PROVIDE (__noinit_end, .)
                0x00800710                _end = .
                0x00800710                PROVIDE (__heap_start, .)

.eeprom         0x00810000        0x0
 *(.eeprom*)
                0x00810000                __eeprom_end = .

.fuse
 *(.fuse)
 *(.lfuse)
 *(.hfuse)
 *(.efuse)

.lock
 *(.lock*)

.signature
 *(.signature*)

.stab
 *(.stab)

.stabstr
 *(.stabstr)

.stab.excl
 *(.stab.excl)

.stab.exclstr
 *(.stab.exclstr)

.stab.index
 *(.stab.index)

.stab.indexstr
 *(.stab.indexstr)

.comment
 *(.comment)

.debug
 *(.debug)

.line
 *(.line)

.debug_srcinfo
 *(.debug_srcinfo)

.debug_sfnames
 *(.debug_sfnames)

.debug_aranges  0x00000000      0x240
 *(.debug_aranges)
 .debug_aranges
                0x00000000       0x20 main.o
 .debug_aranges
                0x00000020       0x20 mbrtu.o
 .debug_aranges
                0x00000040       0x20 mbascii.o
 .debug_aranges
                0x00000060       0x20 mbfunccoils.o
 .debug_aranges
                0x00000080       0x20 mbfuncdisc.o
 .debug_aranges
                0x000000a0       0x20 mbfuncholding.o
 .debug_aranges
                0x000000c0       0x20 mbfuncinput.o
 .debug_aranges
                0x000000e0       0x20 mbfuncother.o
 .debug_aranges
                0x00000100       0x20 mbutils.o
 .debug_aranges
                0x00000120       0x20 mbcrc.o
 .debug_aranges
                0x00000140       0x20 portevent.o
 .debug_aranges
                0x00000160       0x20 portserial.o
 .debug_aranges
                0x00000180       0x20 porttimer.o
 .debug_aranges
                0x000001a0       0x20 mb.o
 .debug_aranges
                0x000001c0       0x20 digital_in_out_func.o
 .debug_aranges
                0x000001e0       0x20 spi.o
 .debug_aranges
                0x00000200       0x20 modbus-rtu.o
 .debug_aranges
                0x00000220       0x20 rs485Chanel.o

.debug_pubnames
                0x00000000      0xcba
 *(.debug_pubnames)
 .debug_pubnames
                0x00000000      0x2aa main.o
 .debug_pubnames
                0x000002aa       0xb3 mbrtu.o
 .debug_pubnames
                0x0000035d       0xb6 mbascii.o
 .debug_pubnames
                0x00000413       0x5a mbfunccoils.o
 .debug_pubnames
                0x0000046d       0x30 mbfuncdisc.o
 .debug_pubnames
                0x0000049d       0xa5 mbfuncholding.o
 .debug_pubnames
                0x00000542       0x2f mbfuncinput.o
 .debug_pubnames
                0x00000571       0x3d mbfuncother.o
 .debug_pubnames
                0x000005ae       0x52 mbutils.o
 .debug_pubnames
                0x00000600       0x20 mbcrc.o
 .debug_pubnames
                0x00000620       0x50 portevent.o
 .debug_pubnames
                0x00000670       0x72 portserial.o
 .debug_pubnames
                0x000006e2       0x69 porttimer.o
 .debug_pubnames
                0x0000074b       0xf8 mb.o
 .debug_pubnames
                0x00000843       0xb4 digital_in_out_func.o
 .debug_pubnames
                0x000008f7       0x92 spi.o
 .debug_pubnames
                0x00000989      0x14a modbus-rtu.o
 .debug_pubnames
                0x00000ad3      0x1e7 rs485Chanel.o

.debug_info     0x00000000     0x3d56
 *(.debug_info)
 .debug_info    0x00000000      0x9c0 main.o
 .debug_info    0x000009c0      0x42a mbrtu.o
 .debug_info    0x00000dea      0x5a3 mbascii.o
 .debug_info    0x0000138d      0x2e9 mbfunccoils.o
 .debug_info    0x00001676        0x0 mbfuncdiag.o
 .debug_info    0x00001676      0x1b6 mbfuncdisc.o
 .debug_info    0x0000182c      0x359 mbfuncholding.o
 .debug_info    0x00001b85      0x1a7 mbfuncinput.o
 .debug_info    0x00001d2c      0x217 mbfuncother.o
 .debug_info    0x00001f43      0x27a mbutils.o
 .debug_info    0x000021bd      0x196 mbcrc.o
 .debug_info    0x00002353      0x151 portevent.o
 .debug_info    0x000024a4      0x1da portserial.o
 .debug_info    0x0000267e      0x11b porttimer.o
 .debug_info    0x00002799      0x5c7 mb.o
 .debug_info    0x00002d60       0x73 mbtcp.o
 .debug_info    0x00002dd3      0x261 digital_in_out_func.o
 .debug_info    0x00003034      0x19c spi.o
 .debug_info    0x000031d0      0x5b2 modbus-rtu.o
 .debug_info    0x00003782      0x5d4 rs485Chanel.o
 *(.gnu.linkonce.wi.*)

.debug_abbrev   0x00000000     0x12dd
 *(.debug_abbrev)
 .debug_abbrev  0x00000000      0x1e5 main.o
 .debug_abbrev  0x000001e5      0x120 mbrtu.o
 .debug_abbrev  0x00000305      0x1d8 mbascii.o
 .debug_abbrev  0x000004dd       0xdb mbfunccoils.o
 .debug_abbrev  0x000005b8        0x1 mbfuncdiag.o
 .debug_abbrev  0x000005b9       0x98 mbfuncdisc.o
 .debug_abbrev  0x00000651       0xb1 mbfuncholding.o
 .debug_abbrev  0x00000702       0x98 mbfuncinput.o
 .debug_abbrev  0x0000079a       0xbe mbfuncother.o
 .debug_abbrev  0x00000858       0xe6 mbutils.o
 .debug_abbrev  0x0000093e       0xd8 mbcrc.o
 .debug_abbrev  0x00000a16       0xb3 portevent.o
 .debug_abbrev  0x00000ac9       0xb3 portserial.o
 .debug_abbrev  0x00000b7c       0xa6 porttimer.o
 .debug_abbrev  0x00000c22      0x17e mb.o
 .debug_abbrev  0x00000da0       0x2a mbtcp.o
 .debug_abbrev  0x00000dca       0xff digital_in_out_func.o
 .debug_abbrev  0x00000ec9      0x10b spi.o
 .debug_abbrev  0x00000fd4      0x13a modbus-rtu.o
 .debug_abbrev  0x0000110e      0x1cf rs485Chanel.o

.debug_line     0x00000000     0x34a5
 *(.debug_line)
 .debug_line    0x00000000      0x947 main.o
 .debug_line    0x00000947      0x328 mbrtu.o
 .debug_line    0x00000c6f      0x4cd mbascii.o
 .debug_line    0x0000113c      0x29d mbfunccoils.o
 .debug_line    0x000013d9       0x24 mbfuncdiag.o
 .debug_line    0x000013fd      0x18a mbfuncdisc.o
 .debug_line    0x00001587      0x32b mbfuncholding.o
 .debug_line    0x000018b2      0x173 mbfuncinput.o
 .debug_line    0x00001a25      0x13b mbfuncother.o
 .debug_line    0x00001b60      0x175 mbutils.o
 .debug_line    0x00001cd5       0xd3 mbcrc.o
 .debug_line    0x00001da8      0x129 portevent.o
 .debug_line    0x00001ed1      0x201 portserial.o
 .debug_line    0x000020d2      0x151 porttimer.o
 .debug_line    0x00002223      0x352 mb.o
 .debug_line    0x00002575       0x3e mbtcp.o
 .debug_line    0x000025b3      0x386 digital_in_out_func.o
 .debug_line    0x00002939      0x1bb spi.o
 .debug_line    0x00002af4      0x42e modbus-rtu.o
 .debug_line    0x00002f22      0x583 rs485Chanel.o

.debug_frame    0x00000000      0x770
 *(.debug_frame)
 .debug_frame   0x00000000       0xc0 main.o
 .debug_frame   0x000000c0       0x90 mbrtu.o
 .debug_frame   0x00000150       0x90 mbascii.o
 .debug_frame   0x000001e0       0x40 mbfunccoils.o
 .debug_frame   0x00000220       0x20 mbfuncdisc.o
 .debug_frame   0x00000240       0x50 mbfuncholding.o
 .debug_frame   0x00000290       0x20 mbfuncinput.o
 .debug_frame   0x000002b0       0x30 mbfuncother.o
 .debug_frame   0x000002e0       0x40 mbutils.o
 .debug_frame   0x00000320       0x20 mbcrc.o
 .debug_frame   0x00000340       0x40 portevent.o
 .debug_frame   0x00000380       0x50 portserial.o
 .debug_frame   0x000003d0       0x50 porttimer.o
 .debug_frame   0x00000420       0x70 mb.o
 .debug_frame   0x00000490       0x90 digital_in_out_func.o
 .debug_frame   0x00000520       0x80 spi.o
 .debug_frame   0x000005a0       0xa0 modbus-rtu.o
 .debug_frame   0x00000640      0x130 rs485Chanel.o

.debug_str      0x00000000     0x18a6
 *(.debug_str)
 .debug_str     0x00000000      0x65b main.o
                                0x6fd (size before relaxing)
 .debug_str     0x0000065b      0x217 mbrtu.o
                                0x378 (size before relaxing)
 .debug_str     0x00000872      0x18c mbascii.o
                                0x418 (size before relaxing)
 .debug_str     0x000009fe      0x1b3 mbfunccoils.o
                                0x309 (size before relaxing)
 .debug_str     0x00000bb1       0x49 mbfuncdisc.o
                                0x2a1 (size before relaxing)
 .debug_str     0x00000bfa      0x117 mbfuncholding.o
                                0x37f (size before relaxing)
 .debug_str     0x00000d11       0x3b mbfuncinput.o
                                0x295 (size before relaxing)
 .debug_str     0x00000d4c       0x89 mbfuncother.o
                                0x2c3 (size before relaxing)
 .debug_str     0x00000dd5       0xa8 mbutils.o
                                0x2d0 (size before relaxing)
 .debug_str     0x00000e7d       0x4c mbcrc.o
                                0x140 (size before relaxing)
 .debug_str     0x00000ec9       0x8b portevent.o
                                0x17b (size before relaxing)
 .debug_str     0x00000f54       0xad portserial.o
                                0x1ca (size before relaxing)
 .debug_str     0x00001001       0x9d porttimer.o
                                0x160 (size before relaxing)
 .debug_str     0x0000109e      0x206 mb.o
                                0x528 (size before relaxing)
 .debug_str     0x000012a4       0x16 mbtcp.o
                                 0xcd (size before relaxing)
 .debug_str     0x000012ba       0xdd digital_in_out_func.o
                                0x1a9 (size before relaxing)
 .debug_str     0x00001397       0x86 spi.o
                                0x138 (size before relaxing)
 .debug_str     0x0000141d      0x1f1 modbus-rtu.o
                                0x371 (size before relaxing)
 .debug_str     0x0000160e      0x298 rs485Chanel.o
                                0x4b8 (size before relaxing)

.debug_loc      0x00000000     0x2296
 *(.debug_loc)
 .debug_loc     0x00000000      0x403 main.o
 .debug_loc     0x00000403      0x28c mbrtu.o
 .debug_loc     0x0000068f      0x2b4 mbascii.o
 .debug_loc     0x00000943      0x341 mbfunccoils.o
 .debug_loc     0x00000c84      0x135 mbfuncdisc.o
 .debug_loc     0x00000db9      0x439 mbfuncholding.o
 .debug_loc     0x000011f2      0x10c mbfuncinput.o
 .debug_loc     0x000012fe      0x115 mbfuncother.o
 .debug_loc     0x00001413      0x106 mbutils.o
 .debug_loc     0x00001519       0x8c mbcrc.o
 .debug_loc     0x000015a5       0x4e portevent.o
 .debug_loc     0x000015f3      0x219 portserial.o
 .debug_loc     0x0000180c       0x3e porttimer.o
 .debug_loc     0x0000184a      0x2ce mb.o
 .debug_loc     0x00001b18       0xac digital_in_out_func.o
 .debug_loc     0x00001bc4       0x40 spi.o
 .debug_loc     0x00001c04      0x55d modbus-rtu.o
 .debug_loc     0x00002161      0x135 rs485Chanel.o

.debug_macinfo
 *(.debug_macinfo)
OUTPUT(main.elf elf32-avr)
LOAD linker stubs
