Archive member included because of file (symbol)

c:/winavr-20100110/bin/../lib/gcc/avr/4.3.3/avr51\libgcc.a(_mulsi3.o)
                              porttimer.o (__mulsi3)
c:/winavr-20100110/bin/../lib/gcc/avr/4.3.3/avr51\libgcc.a(_udivmodsi4.o)
                              mbrtu.o (__udivmodsi4)
c:/winavr-20100110/bin/../lib/gcc/avr/4.3.3/avr51\libgcc.a(_exit.o)
                              c:/winavr-20100110/bin/../lib/gcc/avr/4.3.3/../../../../avr/lib/avr51/crtm128.o (exit)
c:/winavr-20100110/bin/../lib/gcc/avr/4.3.3/avr51\libgcc.a(_clear_bss.o)
                              main.o (__do_clear_bss)
c:/winavr-20100110/bin/../lib/gcc/avr/4.3.3/../../../../avr/lib/avr51\libc.a(memcpy.o)
                              mbfuncother.o (memcpy)

Allocating common symbols
Common symbol       size              file

pxMBFrameCBTransmitterEmpty
                    0x2               mb.o
stSlaveChanelWriteCoilsA3
                    0x7               main.o
stSlaveChanelPresetRegisterA10
                    0x8               main.o
ucRegCoilsBufA11    0x2               main.o
pxMBPortCBTimerExpired
                    0x2               mb.o
ucRTUBuf            0x100             mbrtu.o
stSlaveChanelReadInputsA11
                    0x8               main.o
ucRegCoilsBufA3     0x2               main.o
pxMBFrameCBByteReceived
                    0x2               mb.o
stSlaveChanelWriteCoilsA11
                    0x7               main.o
pxMBFrameCBTransmitFSMCur
                    0x2               mb.o
ucRegDiscBufA3      0x2               main.o
stSlaveChanelReadInputsA3
                    0x8               main.o
pxMBFrameCBReceiveFSMCur
                    0x2               mb.o
ucRegDiscBufA3Temp  0x2               main.o
arrRS485Chanel      0xbe              main.o
ucRegDiscBufA11     0x2               main.o

Memory Configuration

Name             Origin             Length             Attributes
text             0x00000000         0x00020000         xr
data             0x00800060         0x0000ffa0         rw !x
eeprom           0x00810000         0x00010000         rw !x
fuse             0x00820000         0x00000400         rw !x
lock             0x00830000         0x00000400         rw !x
signature        0x00840000         0x00000400         rw !x
*default*        0x00000000         0xffffffff

Linker script and memory map

Address of section .data set to 0x800100
LOAD c:/winavr-20100110/bin/../lib/gcc/avr/4.3.3/../../../../avr/lib/avr51/crtm128.o
LOAD main.o
LOAD mbrtu.o
LOAD mbascii.o
LOAD mbfunccoils.o
LOAD mbfuncdiag.o
LOAD mbfuncdisc.o
LOAD mbfuncholding.o
LOAD mbfuncinput.o
LOAD mbfuncother.o
LOAD mbutils.o
LOAD mbcrc.o
LOAD portevent.o
LOAD portserial.o
LOAD porttimer.o
LOAD mb.o
LOAD mbtcp.o
LOAD digital_in_out_func.o
LOAD spi.o
LOAD modbus-rtu.o
LOAD rs485Chanel.o
LOAD c:/winavr-20100110/bin/../lib/gcc/avr/4.3.3/avr51\libgcc.a
LOAD c:/winavr-20100110/bin/../lib/gcc/avr/4.3.3/../../../../avr/lib/avr51\libc.a
LOAD c:/winavr-20100110/bin/../lib/gcc/avr/4.3.3/avr51\libgcc.a

.hash
 *(.hash)

.dynsym
 *(.dynsym)

.dynstr
 *(.dynstr)

.gnu.version
 *(.gnu.version)

.gnu.version_d
 *(.gnu.version_d)

.gnu.version_r
 *(.gnu.version_r)

.rel.init
 *(.rel.init)

.rela.init
 *(.rela.init)

.rel.text
 *(.rel.text)
 *(.rel.text.*)
 *(.rel.gnu.linkonce.t*)

.rela.text
 *(.rela.text)
 *(.rela.text.*)
 *(.rela.gnu.linkonce.t*)

.rel.fini
 *(.rel.fini)

.rela.fini
 *(.rela.fini)

.rel.rodata
 *(.rel.rodata)
 *(.rel.rodata.*)
 *(.rel.gnu.linkonce.r*)

.rela.rodata
 *(.rela.rodata)
 *(.rela.rodata.*)
 *(.rela.gnu.linkonce.r*)

.rel.data
 *(.rel.data)
 *(.rel.data.*)
 *(.rel.gnu.linkonce.d*)

.rela.data
 *(.rela.data)
 *(.rela.data.*)
 *(.rela.gnu.linkonce.d*)

.rel.ctors
 *(.rel.ctors)

.rela.ctors
 *(.rela.ctors)

.rel.dtors
 *(.rel.dtors)

.rela.dtors
 *(.rela.dtors)

.rel.got
 *(.rel.got)

.rela.got
 *(.rela.got)

.rel.bss
 *(.rel.bss)

.rela.bss
 *(.rela.bss)

.rel.plt
 *(.rel.plt)

.rela.plt
 *(.rela.plt)

.text           0x00000000     0x30aa
 *(.vectors)
 .vectors       0x00000000       0x8c c:/winavr-20100110/bin/../lib/gcc/avr/4.3.3/../../../../avr/lib/avr51/crtm128.o
                0x00000000                __vectors
                0x00000000                __vector_default
 *(.vectors)
 *(.progmem.gcc*)
 *(.progmem*)
 .progmem.data  0x0000008c      0x200 mbcrc.o
                0x0000028c                . = ALIGN (0x2)
                0x0000028c                __trampolines_start = .
 *(.trampolines)
 .trampolines   0x0000028c        0x0 linker stubs
 *(.trampolines*)
                0x0000028c                __trampolines_end = .
 *(.jumptables)
 *(.jumptables*)
 *(.lowtext)
 *(.lowtext*)
                0x0000028c                __ctors_start = .
 *(.ctors)
                0x0000028c                __ctors_end = .
                0x0000028c                __dtors_start = .
 *(.dtors)
                0x0000028c                __dtors_end = .
 SORT(*)(.ctors)
 SORT(*)(.dtors)
 *(.init0)
 .init0         0x0000028c        0x0 c:/winavr-20100110/bin/../lib/gcc/avr/4.3.3/../../../../avr/lib/avr51/crtm128.o
                0x0000028c                __init
 *(.init0)
 *(.init1)
 *(.init1)
 *(.init2)
 .init2         0x0000028c        0xc c:/winavr-20100110/bin/../lib/gcc/avr/4.3.3/../../../../avr/lib/avr51/crtm128.o
 *(.init2)
 *(.init3)
 *(.init3)
 *(.init4)
 .init4         0x00000298       0x1a c:/winavr-20100110/bin/../lib/gcc/avr/4.3.3/../../../../avr/lib/avr51/crtm128.o
                0x00000298                __do_copy_data
 .init4         0x000002b2       0x10 c:/winavr-20100110/bin/../lib/gcc/avr/4.3.3/avr51\libgcc.a(_clear_bss.o)
                0x000002b2                __do_clear_bss
 *(.init4)
 *(.init5)
 *(.init5)
 *(.init6)
 *(.init6)
 *(.init7)
 *(.init7)
 *(.init8)
 *(.init8)
 *(.init9)
 .init9         0x000002c2        0x8 c:/winavr-20100110/bin/../lib/gcc/avr/4.3.3/../../../../avr/lib/avr51/crtm128.o
 *(.init9)
 *(.text)
 .text          0x000002ca        0x4 c:/winavr-20100110/bin/../lib/gcc/avr/4.3.3/../../../../avr/lib/avr51/crtm128.o
                0x000002ca                __vector_22
                0x000002ca                __vector_28
                0x000002ca                __vector_1
                0x000002ca                __vector_32
                0x000002ca                __vector_34
                0x000002ca                __vector_24
                0x000002ca                __bad_interrupt
                0x000002ca                __vector_6
                0x000002ca                __vector_31
                0x000002ca                __vector_3
                0x000002ca                __vector_23
                0x000002ca                __vector_30
                0x000002ca                __vector_25
                0x000002ca                __vector_11
                0x000002ca                __vector_13
                0x000002ca                __vector_17
                0x000002ca                __vector_7
                0x000002ca                __vector_27
                0x000002ca                __vector_5
                0x000002ca                __vector_33
                0x000002ca                __vector_4
                0x000002ca                __vector_9
                0x000002ca                __vector_2
                0x000002ca                __vector_21
                0x000002ca                __vector_15
                0x000002ca                __vector_29
                0x000002ca                __vector_8
                0x000002ca                __vector_14
                0x000002ca                __vector_10
                0x000002ca                __vector_16
 .text          0x000002ce      0x9d8 main.o
                0x000002ce                mbMasterClrTimeOutError
                0x00000736                veznaEepRestoreUartSetings
                0x000005f8                eMBRegDiscreteCB
                0x0000074e                veznaEepSetUartSetings
                0x000003e4                byteArrToBitArr
                0x00000766                main
                0x0000046c                initBoard
                0x000002e0                eMBRegInputCB
                0x000004d8                __vector_26
                0x0000033c                eMBRegHoldingCB
                0x00000670                eMBRegCoilsCB
 .text          0x00000ca6      0x2d4 mbrtu.o
                0x00000dee                eMBRTUStart
                0x00000f08                eMBRTUInit
                0x00000ce6                xMBRTUTransmitFSM
                0x00000d5c                xMBRTUReceiveFSM
                0x00000e04                eMBRTUSend
                0x00000ca6                xMBRTUTimerT35Expired
                0x00000e9e                eMBRTUReceive
                0x00000cd4                eMBRTUStop
 .text          0x00000f7a      0x3be mbascii.o
                0x00000ffe                xMBASCIITransmitFSM
                0x00000fe8                xMBASCIITimerT1SExpired
                0x000011be                eMBASCIIStart
                0x00001306                eMBASCIIInit
                0x00000f7a                eMBASCIIReceive
                0x00001124                eMBASCIISend
                0x000011d6                xMBASCIIReceiveFSM
                0x000011ac                eMBASCIIStop
 .text          0x00001338      0x1b2 mbfunccoils.o
                0x000013c0                eMBFuncWriteCoil
                0x0000143a                eMBFuncReadCoils
                0x00001338                eMBFuncWriteMultipleCoils
 .text          0x000014ea        0x0 mbfuncdiag.o
 .text          0x000014ea       0xae mbfuncdisc.o
                0x000014ea                eMBFuncReadDiscreteInputs
 .text          0x00001598      0x25c mbfuncholding.o
                0x000016b4                eMBFuncReadHoldingRegister
                0x000017b4                eMBFuncWriteHoldingRegister
                0x00001744                eMBFuncWriteMultipleHoldingRegister
                0x00001598                eMBFuncReadWriteMultipleHoldingRegister
 .text          0x000017f4       0x98 mbfuncinput.o
                0x000017f4                eMBFuncReadInputRegister
 .text          0x0000188c       0x98 mbfuncother.o
                0x000018c4                eMBSetSlaveID
                0x0000188c                eMBFuncReportSlaveID
 .text          0x00001924       0xe0 mbutils.o
                0x00001998                xMBUtilGetBits
                0x00001924                xMBUtilSetBits
                0x000019e6                prveMBError2Exception
 .text          0x00001a04       0x3e mbcrc.o
                0x00001a04                usMBCRC16
 .text          0x00001a42       0x2e portevent.o
                0x00001a42                xMBPortEventInit
                0x00001a58                xMBPortEventGet
                0x00001a4a                xMBPortEventPost
 .text          0x00001a70      0x22e portserial.o
                0x00001a70                vMBPortSerialEnable
                0x00001c94                xMBPortSerialGetByte
                0x00001a98                xMBPortSerialInit
                0x00001c8e                xMBPortSerialPutByte
 .text          0x00001c9e       0xc6 porttimer.o
                0x00001d0e                __vector_12
                0x00001cd6                xMBPortTimersInit
                0x00001cc2                vMBPortTimersDisable
                0x00001c9e                vMBPortTimersEnable
 .text          0x00001d64      0x332 mb.o
                0x00001e30                eMBDisable
                0x00001df0                eMBClose
                0x00001e58                eMBPoll
                0x00001e12                eMBEnable
                0x00001d64                eMBRegisterCB
                0x00001f6e                eMBInit
 .text          0x00002096        0x0 mbtcp.o
 .text          0x00002096      0x262 digital_in_out_func.o
                0x000021f8                initAddressSwitch
                0x0000213c                initDigitalInput
                0x00002142                writeDigitalOutput
                0x00002188                initDigitalOutput
                0x000022b6                initHmiLed
                0x00002096                readDigitalInput
                0x000021a4                readAddressSwitch
                0x0000220a                writeHmiLed
 .text          0x000022f8       0x62 spi.o
                0x000022f8                spi_init
                0x00002312                spi_rec_byte
                0x00002352                spi_high_frequency
                0x00002334                spi_rec_data
                0x0000231e                spi_send_data
                0x0000230a                spi_send_byte
                0x0000234a                spi_low_frequency
 .text          0x0000235a      0x4a2 modbus-rtu.o
                0x00002680                mbSendRequestPresetSingleRegister
                0x0000275c                mbSendRequestReadInputStatus
                0x0000235a                mbCheckExceptionForResponse
                0x000024cc                mbReceiveRequestReadInputStatus
                0x00002422                mbReceiveRequestForceSingleCoil
                0x000023b8                mbReceiveRequestForceMultipleCoils
                0x00002582                mbRtuAddCrcAndSendBuffer
                0x000026f8                mbSendRequestForceSingleCoil
                0x000025b4                mbSendRequestForceMultipleCoils
 .text          0x000027fc      0x816 rs485Chanel.o
                0x00002b62                rs485AddChanel
                0x00002ae6                rs485TaskIsEnable
                0x00002aec                rs485TaskInit
                0x00002bda                rs485sendRequestNullFunc
                0x00002d54                initRS485
                0x00002ae0                rs485TaskDisable
                0x00002ad8                rs485TaskEnable
                0x00002b24                rs485TimerIsr
                0x00002be4                rs485SetTimeOutErrorNullFunc
                0x00002cf6                __vector_19
                0x00002bdc                rs485getResponseNullFunc
                0x00002be2                rs485RestoreUartSetingsNullFunc
                0x00002fc8                rs485SendBuffer
                0x00002be6                rs485ClrTimeOutErrorNullFunc
                0x00002b94                rs485ChanelDefInit
                0x00002be0                rs485SetUartSetingsNullFunc
                0x000027fc                rs485Task
                0x00002c60                __vector_18
                0x00002be8                __vector_20
 .text          0x00003012        0x0 c:/winavr-20100110/bin/../lib/gcc/avr/4.3.3/avr51\libgcc.a(_mulsi3.o)
 .text          0x00003012        0x0 c:/winavr-20100110/bin/../lib/gcc/avr/4.3.3/avr51\libgcc.a(_udivmodsi4.o)
 .text          0x00003012        0x0 c:/winavr-20100110/bin/../lib/gcc/avr/4.3.3/avr51\libgcc.a(_exit.o)
 .text          0x00003012        0x0 c:/winavr-20100110/bin/../lib/gcc/avr/4.3.3/avr51\libgcc.a(_clear_bss.o)
 .text          0x00003012        0x0 c:/winavr-20100110/bin/../lib/gcc/avr/4.3.3/../../../../avr/lib/avr51\libc.a(memcpy.o)
                0x00003012                . = ALIGN (0x2)
 *(.text.*)
 .text.libgcc   0x00003012       0x3e c:/winavr-20100110/bin/../lib/gcc/avr/4.3.3/avr51\libgcc.a(_mulsi3.o)
                0x00003012                __mulsi3
 .text.libgcc   0x00003050       0x44 c:/winavr-20100110/bin/../lib/gcc/avr/4.3.3/avr51\libgcc.a(_udivmodsi4.o)
                0x00003050                __udivmodsi4
 .text.libgcc   0x00003094        0x0 c:/winavr-20100110/bin/../lib/gcc/avr/4.3.3/avr51\libgcc.a(_exit.o)
 .text.libgcc   0x00003094        0x0 c:/winavr-20100110/bin/../lib/gcc/avr/4.3.3/avr51\libgcc.a(_clear_bss.o)
 .text.avr-libc
                0x00003094       0x12 c:/winavr-20100110/bin/../lib/gcc/avr/4.3.3/../../../../avr/lib/avr51\libc.a(memcpy.o)
                0x00003094                memcpy
                0x000030a6                . = ALIGN (0x2)
 *(.fini9)
 .fini9         0x000030a6        0x0 c:/winavr-20100110/bin/../lib/gcc/avr/4.3.3/avr51\libgcc.a(_exit.o)
                0x000030a6                exit
                0x000030a6                _exit
 *(.fini9)
 *(.fini8)
 *(.fini8)
 *(.fini7)
 *(.fini7)
 *(.fini6)
 *(.fini6)
 *(.fini5)
 *(.fini5)
 *(.fini4)
 *(.fini4)
 *(.fini3)
 *(.fini3)
 *(.fini2)
 *(.fini2)
 *(.fini1)
 *(.fini1)
 *(.fini0)
 .fini0         0x000030a6        0x4 c:/winavr-20100110/bin/../lib/gcc/avr/4.3.3/avr51\libgcc.a(_exit.o)
 *(.fini0)
                0x000030aa                _etext = .

.data           0x00800100       0x38 load address 0x000030aa
                0x00800100                PROVIDE (__data_start, .)
 *(.data)
 .data          0x00800100        0x0 c:/winavr-20100110/bin/../lib/gcc/avr/4.3.3/../../../../avr/lib/avr51/crtm128.o
 .data          0x00800100        0x3 main.o
 .data          0x00800103        0x0 mbrtu.o
 .data          0x00800103        0x0 mbascii.o
 .data          0x00800103        0x0 mbfunccoils.o
 .data          0x00800103        0x0 mbfuncdiag.o
 .data          0x00800103        0x0 mbfuncdisc.o
 .data          0x00800103        0x0 mbfuncholding.o
 .data          0x00800103        0x0 mbfuncinput.o
 .data          0x00800103        0x0 mbfuncother.o
 .data          0x00800103        0x0 mbutils.o
 .data          0x00800103        0x0 mbcrc.o
 .data          0x00800103        0x0 portevent.o
 .data          0x00800103        0x0 portserial.o
 .data          0x00800103        0x0 porttimer.o
 .data          0x00800103       0x31 mb.o
 .data          0x00800134        0x0 mbtcp.o
 .data          0x00800134        0x0 digital_in_out_func.o
 .data          0x00800134        0x0 spi.o
 .data          0x00800134        0x0 modbus-rtu.o
 .data          0x00800134        0x3 rs485Chanel.o
 .data          0x00800137        0x0 c:/winavr-20100110/bin/../lib/gcc/avr/4.3.3/avr51\libgcc.a(_mulsi3.o)
 .data          0x00800137        0x0 c:/winavr-20100110/bin/../lib/gcc/avr/4.3.3/avr51\libgcc.a(_udivmodsi4.o)
 .data          0x00800137        0x0 c:/winavr-20100110/bin/../lib/gcc/avr/4.3.3/avr51\libgcc.a(_exit.o)
 .data          0x00800137        0x0 c:/winavr-20100110/bin/../lib/gcc/avr/4.3.3/avr51\libgcc.a(_clear_bss.o)
 .data          0x00800137        0x0 c:/winavr-20100110/bin/../lib/gcc/avr/4.3.3/../../../../avr/lib/avr51\libc.a(memcpy.o)
 *(.data*)
 *(.rodata)
 *(.rodata*)
 *(.gnu.linkonce.d*)
                0x00800138                . = ALIGN (0x2)
 *fill*         0x00800137        0x1 00
                0x00800138                _edata = .
                0x00800138                PROVIDE (__data_end, .)

.bss            0x00800138      0x5d8
                0x00800138                PROVIDE (__bss_start, .)
 *(.bss)
 .bss           0x00800138        0x0 c:/winavr-20100110/bin/../lib/gcc/avr/4.3.3/../../../../avr/lib/avr51/crtm128.o
 .bss           0x00800138      0x21e main.o
                0x008001a3                uc1000msTimerEvent
                0x00800139                inPort
                0x008001a5                ucFlagTimeOutOutError
                0x008001a2                uc100msTimerEvent
                0x008001a1                uc10msTimerEvent
                0x008001a6                uiModbusTimeOutCounter
                0x00800138                isRun
                0x00800159                outPort
                0x00800179                hmiLed
 .bss           0x00800356        0x8 mbrtu.o
 .bss           0x0080035e        0xa mbascii.o
 .bss           0x00800368        0x0 mbfunccoils.o
 .bss           0x00800368        0x0 mbfuncdiag.o
 .bss           0x00800368        0x0 mbfuncdisc.o
 .bss           0x00800368        0x0 mbfuncholding.o
 .bss           0x00800368        0x0 mbfuncinput.o
 .bss           0x00800368       0x22 mbfuncother.o
 .bss           0x0080038a        0x0 mbutils.o
 .bss           0x0080038a        0x0 mbcrc.o
 .bss           0x0080038a        0x2 portevent.o
 .bss           0x0080038c        0x0 portserial.o
 .bss           0x0080038c        0x2 porttimer.o
 .bss           0x0080038e       0x13 mb.o
 .bss           0x008003a1        0x0 mbtcp.o
 .bss           0x008003a1        0x0 digital_in_out_func.o
 .bss           0x008003a1        0x0 spi.o
 .bss           0x008003a1        0x0 modbus-rtu.o
 .bss           0x008003a1      0x177 rs485Chanel.o
 .bss           0x00800518        0x0 c:/winavr-20100110/bin/../lib/gcc/avr/4.3.3/avr51\libgcc.a(_mulsi3.o)
 .bss           0x00800518        0x0 c:/winavr-20100110/bin/../lib/gcc/avr/4.3.3/avr51\libgcc.a(_udivmodsi4.o)
 .bss           0x00800518        0x0 c:/winavr-20100110/bin/../lib/gcc/avr/4.3.3/avr51\libgcc.a(_exit.o)
 .bss           0x00800518        0x0 c:/winavr-20100110/bin/../lib/gcc/avr/4.3.3/avr51\libgcc.a(_clear_bss.o)
 .bss           0x00800518        0x0 c:/winavr-20100110/bin/../lib/gcc/avr/4.3.3/../../../../avr/lib/avr51\libc.a(memcpy.o)
 *(.bss*)
 *(COMMON)
 COMMON         0x00800518       0xee main.o
                0x00800518                stSlaveChanelWriteCoilsA3
                0x0080051f                stSlaveChanelPresetRegisterA10
                0x00800527                ucRegCoilsBufA11
                0x00800529                stSlaveChanelReadInputsA11
                0x00800531                ucRegCoilsBufA3
                0x00800533                stSlaveChanelWriteCoilsA11
                0x0080053a                ucRegDiscBufA3
                0x0080053c                stSlaveChanelReadInputsA3
                0x00800544                ucRegDiscBufA3Temp
                0x00800546                arrRS485Chanel
                0x00800604                ucRegDiscBufA11
 COMMON         0x00800606      0x100 mbrtu.o
                0x00800606                ucRTUBuf
 COMMON         0x00800706        0xa mb.o
                0x00800706                pxMBFrameCBTransmitterEmpty
                0x00800708                pxMBPortCBTimerExpired
                0x0080070a                pxMBFrameCBByteReceived
                0x0080070c                pxMBFrameCBTransmitFSMCur
                0x0080070e                pxMBFrameCBReceiveFSMCur
                0x00800710                PROVIDE (__bss_end, .)
                0x000030aa                __data_load_start = LOADADDR (.data)
                0x000030e2                __data_load_end = (__data_load_start + SIZEOF (.data))

.noinit         0x00800710        0x0
                0x00800710                PROVIDE (__noinit_start, .)
 *(.noinit*)
                0x00800710                PROVIDE (__noinit_end, .)
                0x00800710                _end = .
                0x00800710                PROVIDE (__heap_start, .)

.eeprom         0x00810000        0x0
 *(.eeprom*)
                0x00810000                __eeprom_end = .

.fuse
 *(.fuse)
 *(.lfuse)
 *(.hfuse)
 *(.efuse)

.lock
 *(.lock*)

.signature
 *(.signature*)

.stab
 *(.stab)

.stabstr
 *(.stabstr)

.stab.excl
 *(.stab.excl)

.stab.exclstr
 *(.stab.exclstr)

.stab.index
 *(.stab.index)

.stab.indexstr
 *(.stab.indexstr)

.comment
 *(.comment)

.debug
 *(.debug)

.line
 *(.line)

.debug_srcinfo
 *(.debug_srcinfo)

.debug_sfnames
 *(.debug_sfnames)

.debug_aranges  0x00000000      0x240
 *(.debug_aranges)
 .debug_aranges
                0x00000000       0x20 main.o
 .debug_aranges
                0x00000020       0x20 mbrtu.o
 .debug_aranges
                0x00000040       0x20 mbascii.o
 .debug_aranges
                0x00000060       0x20 mbfunccoils.o
 .debug_aranges
                0x00000080       0x20 mbfuncdisc.o
 .debug_aranges
                0x000000a0       0x20 mbfuncholding.o
 .debug_aranges
                0x000000c0       0x20 mbfuncinput.o
 .debug_aranges
                0x000000e0       0x20 mbfuncother.o
 .debug_aranges
                0x00000100       0x20 mbutils.o
 .debug_aranges
                0x00000120       0x20 mbcrc.o
 .debug_aranges
                0x00000140       0x20 portevent.o
 .debug_aranges
                0x00000160       0x20 portserial.o
 .debug_aranges
                0x00000180       0x20 porttimer.o
 .debug_aranges
                0x000001a0       0x20 mb.o
 .debug_aranges
                0x000001c0       0x20 digital_in_out_func.o
 .debug_aranges
                0x000001e0       0x20 spi.o
 .debug_aranges
                0x00000200       0x20 modbus-rtu.o
 .debug_aranges
                0x00000220       0x20 rs485Chanel.o

.debug_pubnames
                0x00000000      0xc92
 *(.debug_pubnames)
 .debug_pubnames
                0x00000000      0x2aa main.o
 .debug_pubnames
                0x000002aa       0xb3 mbrtu.o
 .debug_pubnames
                0x0000035d       0xb6 mbascii.o
 .debug_pubnames
                0x00000413       0x5a mbfunccoils.o
 .debug_pubnames
                0x0000046d       0x30 mbfuncdisc.o
 .debug_pubnames
                0x0000049d       0xa5 mbfuncholding.o
 .debug_pubnames
                0x00000542       0x2f mbfuncinput.o
 .debug_pubnames
                0x00000571       0x3d mbfuncother.o
 .debug_pubnames
                0x000005ae       0x52 mbutils.o
 .debug_pubnames
                0x00000600       0x20 mbcrc.o
 .debug_pubnames
                0x00000620       0x50 portevent.o
 .debug_pubnames
                0x00000670       0x72 portserial.o
 .debug_pubnames
                0x000006e2       0x69 porttimer.o
 .debug_pubnames
                0x0000074b       0xf8 mb.o
 .debug_pubnames
                0x00000843       0xb4 digital_in_out_func.o
 .debug_pubnames
                0x000008f7       0x92 spi.o
 .debug_pubnames
                0x00000989      0x14a modbus-rtu.o
 .debug_pubnames
                0x00000ad3      0x1bf rs485Chanel.o

.debug_info     0x00000000     0x3d4e
 *(.debug_info)
 .debug_info    0x00000000      0x9a6 main.o
 .debug_info    0x000009a6      0x42a mbrtu.o
 .debug_info    0x00000dd0      0x5a3 mbascii.o
 .debug_info    0x00001373      0x2e9 mbfunccoils.o
 .debug_info    0x0000165c        0x0 mbfuncdiag.o
 .debug_info    0x0000165c      0x1b6 mbfuncdisc.o
 .debug_info    0x00001812      0x359 mbfuncholding.o
 .debug_info    0x00001b6b      0x1a7 mbfuncinput.o
 .debug_info    0x00001d12      0x217 mbfuncother.o
 .debug_info    0x00001f29      0x27a mbutils.o
 .debug_info    0x000021a3      0x196 mbcrc.o
 .debug_info    0x00002339      0x151 portevent.o
 .debug_info    0x0000248a      0x1da portserial.o
 .debug_info    0x00002664      0x11b porttimer.o
 .debug_info    0x0000277f      0x5c7 mb.o
 .debug_info    0x00002d46       0x73 mbtcp.o
 .debug_info    0x00002db9      0x261 digital_in_out_func.o
 .debug_info    0x0000301a      0x19c spi.o
 .debug_info    0x000031b6      0x5b2 modbus-rtu.o
 .debug_info    0x00003768      0x5e6 rs485Chanel.o
 *(.gnu.linkonce.wi.*)

.debug_abbrev   0x00000000     0x12bb
 *(.debug_abbrev)
 .debug_abbrev  0x00000000      0x1d4 main.o
 .debug_abbrev  0x000001d4      0x120 mbrtu.o
 .debug_abbrev  0x000002f4      0x1d8 mbascii.o
 .debug_abbrev  0x000004cc       0xdb mbfunccoils.o
 .debug_abbrev  0x000005a7        0x1 mbfuncdiag.o
 .debug_abbrev  0x000005a8       0x98 mbfuncdisc.o
 .debug_abbrev  0x00000640       0xb1 mbfuncholding.o
 .debug_abbrev  0x000006f1       0x98 mbfuncinput.o
 .debug_abbrev  0x00000789       0xbe mbfuncother.o
 .debug_abbrev  0x00000847       0xe6 mbutils.o
 .debug_abbrev  0x0000092d       0xd8 mbcrc.o
 .debug_abbrev  0x00000a05       0xb3 portevent.o
 .debug_abbrev  0x00000ab8       0xb3 portserial.o
 .debug_abbrev  0x00000b6b       0xa6 porttimer.o
 .debug_abbrev  0x00000c11      0x17e mb.o
 .debug_abbrev  0x00000d8f       0x2a mbtcp.o
 .debug_abbrev  0x00000db9       0xff digital_in_out_func.o
 .debug_abbrev  0x00000eb8      0x10b spi.o
 .debug_abbrev  0x00000fc3      0x13a modbus-rtu.o
 .debug_abbrev  0x000010fd      0x1be rs485Chanel.o

.debug_line     0x00000000     0x3a19
 *(.debug_line)
 .debug_line    0x00000000      0x99b main.o
 .debug_line    0x0000099b      0x392 mbrtu.o
 .debug_line    0x00000d2d      0x537 mbascii.o
 .debug_line    0x00001264      0x307 mbfunccoils.o
 .debug_line    0x0000156b       0x24 mbfuncdiag.o
 .debug_line    0x0000158f      0x1f4 mbfuncdisc.o
 .debug_line    0x00001783      0x395 mbfuncholding.o
 .debug_line    0x00001b18      0x1dd mbfuncinput.o
 .debug_line    0x00001cf5      0x1a5 mbfuncother.o
 .debug_line    0x00001e9a      0x1df mbutils.o
 .debug_line    0x00002079       0xd3 mbcrc.o
 .debug_line    0x0000214c      0x193 portevent.o
 .debug_line    0x000022df      0x236 portserial.o
 .debug_line    0x00002515      0x186 porttimer.o
 .debug_line    0x0000269b      0x3bc mb.o
 .debug_line    0x00002a57       0x3e mbtcp.o
 .debug_line    0x00002a95      0x386 digital_in_out_func.o
 .debug_line    0x00002e1b      0x1bb spi.o
 .debug_line    0x00002fd6      0x42e modbus-rtu.o
 .debug_line    0x00003404      0x615 rs485Chanel.o

.debug_frame    0x00000000      0x780
 *(.debug_frame)
 .debug_frame   0x00000000       0xc0 main.o
 .debug_frame   0x000000c0       0x90 mbrtu.o
 .debug_frame   0x00000150       0x90 mbascii.o
 .debug_frame   0x000001e0       0x40 mbfunccoils.o
 .debug_frame   0x00000220       0x20 mbfuncdisc.o
 .debug_frame   0x00000240       0x50 mbfuncholding.o
 .debug_frame   0x00000290       0x20 mbfuncinput.o
 .debug_frame   0x000002b0       0x30 mbfuncother.o
 .debug_frame   0x000002e0       0x40 mbutils.o
 .debug_frame   0x00000320       0x20 mbcrc.o
 .debug_frame   0x00000340       0x40 portevent.o
 .debug_frame   0x00000380       0x50 portserial.o
 .debug_frame   0x000003d0       0x50 porttimer.o
 .debug_frame   0x00000420       0x70 mb.o
 .debug_frame   0x00000490       0x90 digital_in_out_func.o
 .debug_frame   0x00000520       0x80 spi.o
 .debug_frame   0x000005a0       0xa0 modbus-rtu.o
 .debug_frame   0x00000640      0x140 rs485Chanel.o

.debug_str      0x00000000     0x18e9
 *(.debug_str)
 .debug_str     0x00000000      0x65e main.o
                                0x700 (size before relaxing)
 .debug_str     0x0000065e      0x217 mbrtu.o
                                0x3ad (size before relaxing)
 .debug_str     0x00000875      0x18c mbascii.o
                                0x44d (size before relaxing)
 .debug_str     0x00000a01      0x1b3 mbfunccoils.o
                                0x33e (size before relaxing)
 .debug_str     0x00000bb4       0x49 mbfuncdisc.o
                                0x2d6 (size before relaxing)
 .debug_str     0x00000bfd      0x117 mbfuncholding.o
                                0x3b4 (size before relaxing)
 .debug_str     0x00000d14       0x3b mbfuncinput.o
                                0x2ca (size before relaxing)
 .debug_str     0x00000d4f       0x89 mbfuncother.o
                                0x2f8 (size before relaxing)
 .debug_str     0x00000dd8       0xa8 mbutils.o
                                0x305 (size before relaxing)
 .debug_str     0x00000e80       0x4c mbcrc.o
                                0x175 (size before relaxing)
 .debug_str     0x00000ecc       0x8b portevent.o
                                0x1b0 (size before relaxing)
 .debug_str     0x00000f57       0xad portserial.o
                                0x1ff (size before relaxing)
 .debug_str     0x00001004       0x9d porttimer.o
                                0x195 (size before relaxing)
 .debug_str     0x000010a1      0x206 mb.o
                                0x55d (size before relaxing)
 .debug_str     0x000012a7       0x16 mbtcp.o
                                0x102 (size before relaxing)
 .debug_str     0x000012bd       0xdd digital_in_out_func.o
                                0x1de (size before relaxing)
 .debug_str     0x0000139a       0x86 spi.o
                                0x16d (size before relaxing)
 .debug_str     0x00001420      0x1f1 modbus-rtu.o
                                0x3a6 (size before relaxing)
 .debug_str     0x00001611      0x2d8 rs485Chanel.o
                                0x4fb (size before relaxing)

.debug_loc      0x00000000     0x2296
 *(.debug_loc)
 .debug_loc     0x00000000      0x403 main.o
 .debug_loc     0x00000403      0x28c mbrtu.o
 .debug_loc     0x0000068f      0x2b4 mbascii.o
 .debug_loc     0x00000943      0x341 mbfunccoils.o
 .debug_loc     0x00000c84      0x135 mbfuncdisc.o
 .debug_loc     0x00000db9      0x439 mbfuncholding.o
 .debug_loc     0x000011f2      0x10c mbfuncinput.o
 .debug_loc     0x000012fe      0x115 mbfuncother.o
 .debug_loc     0x00001413      0x106 mbutils.o
 .debug_loc     0x00001519       0x8c mbcrc.o
 .debug_loc     0x000015a5       0x4e portevent.o
 .debug_loc     0x000015f3      0x219 portserial.o
 .debug_loc     0x0000180c       0x3e porttimer.o
 .debug_loc     0x0000184a      0x2ce mb.o
 .debug_loc     0x00001b18       0xac digital_in_out_func.o
 .debug_loc     0x00001bc4       0x40 spi.o
 .debug_loc     0x00001c04      0x55d modbus-rtu.o
 .debug_loc     0x00002161      0x135 rs485Chanel.o

.debug_macinfo
 *(.debug_macinfo)
OUTPUT(main.elf elf32-avr)
LOAD linker stubs
