Archive member included because of file (symbol)

c:/winavr-20100110/bin/../lib/gcc/avr/4.3.3/avr51\libgcc.a(_mulsi3.o)
                              porttimer.o (__mulsi3)
c:/winavr-20100110/bin/../lib/gcc/avr/4.3.3/avr51\libgcc.a(_udivmodsi4.o)
                              mbrtu.o (__udivmodsi4)
c:/winavr-20100110/bin/../lib/gcc/avr/4.3.3/avr51\libgcc.a(_exit.o)
                              c:/winavr-20100110/bin/../lib/gcc/avr/4.3.3/../../../../avr/lib/avr51/crtm128.o (exit)
c:/winavr-20100110/bin/../lib/gcc/avr/4.3.3/avr51\libgcc.a(_clear_bss.o)
                              main.o (__do_clear_bss)
c:/winavr-20100110/bin/../lib/gcc/avr/4.3.3/../../../../avr/lib/avr51\libc.a(memcpy.o)
                              mbfuncother.o (memcpy)

Allocating common symbols
Common symbol       size              file

pxMBFrameCBTransmitterEmpty
                    0x2               mb.o
ucRegCoilsBufA11    0x2               main.o
pxMBPortCBTimerExpired
                    0x2               mb.o
stSlaveChannelReadInputsA3
                    0x8               main.o
stSlaveChannelReadInputsA11
                    0x8               main.o
stSlaveChannelPresetRegisterA10
                    0x8               main.o
ucRTUBuf            0x100             mbrtu.o
arrRS485Channel     0xbe              main.o
ucRegCoilsBufA3     0x2               main.o
pxMBFrameCBByteReceived
                    0x2               mb.o
stSlaveChannelWriteCoilsA3
                    0x7               main.o
pxMBFrameCBTransmitFSMCur
                    0x2               mb.o
ucRegDiscBufA3      0x2               main.o
stSlaveChannelWriteCoilsA11
                    0x7               main.o
pxMBFrameCBReceiveFSMCur
                    0x2               mb.o
ucRegDiscBufA3Temp  0x2               main.o
ucRegDiscBufA11     0x2               main.o

Memory Configuration

Name             Origin             Length             Attributes
text             0x00000000         0x00020000         xr
data             0x00800060         0x0000ffa0         rw !x
eeprom           0x00810000         0x00010000         rw !x
fuse             0x00820000         0x00000400         rw !x
lock             0x00830000         0x00000400         rw !x
signature        0x00840000         0x00000400         rw !x
*default*        0x00000000         0xffffffff

Linker script and memory map

Address of section .data set to 0x800100
LOAD c:/winavr-20100110/bin/../lib/gcc/avr/4.3.3/../../../../avr/lib/avr51/crtm128.o
LOAD main.o
LOAD mbrtu.o
LOAD mbascii.o
LOAD mbfunccoils.o
LOAD mbfuncdiag.o
LOAD mbfuncdisc.o
LOAD mbfuncholding.o
LOAD mbfuncinput.o
LOAD mbfuncother.o
LOAD mbutils.o
LOAD mbcrc.o
LOAD portevent.o
LOAD portserial.o
LOAD porttimer.o
LOAD mb.o
LOAD mbtcp.o
LOAD digital_in_out_func.o
LOAD spi.o
LOAD modbus-rtu.o
LOAD rs485Channel.o
LOAD c:/winavr-20100110/bin/../lib/gcc/avr/4.3.3/avr51\libgcc.a
LOAD c:/winavr-20100110/bin/../lib/gcc/avr/4.3.3/../../../../avr/lib/avr51\libc.a
LOAD c:/winavr-20100110/bin/../lib/gcc/avr/4.3.3/avr51\libgcc.a

.hash
 *(.hash)

.dynsym
 *(.dynsym)

.dynstr
 *(.dynstr)

.gnu.version
 *(.gnu.version)

.gnu.version_d
 *(.gnu.version_d)

.gnu.version_r
 *(.gnu.version_r)

.rel.init
 *(.rel.init)

.rela.init
 *(.rela.init)

.rel.text
 *(.rel.text)
 *(.rel.text.*)
 *(.rel.gnu.linkonce.t*)

.rela.text
 *(.rela.text)
 *(.rela.text.*)
 *(.rela.gnu.linkonce.t*)

.rel.fini
 *(.rel.fini)

.rela.fini
 *(.rela.fini)

.rel.rodata
 *(.rel.rodata)
 *(.rel.rodata.*)
 *(.rel.gnu.linkonce.r*)

.rela.rodata
 *(.rela.rodata)
 *(.rela.rodata.*)
 *(.rela.gnu.linkonce.r*)

.rel.data
 *(.rel.data)
 *(.rel.data.*)
 *(.rel.gnu.linkonce.d*)

.rela.data
 *(.rela.data)
 *(.rela.data.*)
 *(.rela.gnu.linkonce.d*)

.rel.ctors
 *(.rel.ctors)

.rela.ctors
 *(.rela.ctors)

.rel.dtors
 *(.rel.dtors)

.rela.dtors
 *(.rela.dtors)

.rel.got
 *(.rel.got)

.rela.got
 *(.rela.got)

.rel.bss
 *(.rel.bss)

.rela.bss
 *(.rela.bss)

.rel.plt
 *(.rel.plt)

.rela.plt
 *(.rela.plt)

.text           0x00000000     0x317c
 *(.vectors)
 .vectors       0x00000000       0x8c c:/winavr-20100110/bin/../lib/gcc/avr/4.3.3/../../../../avr/lib/avr51/crtm128.o
                0x00000000                __vectors
                0x00000000                __vector_default
 *(.vectors)
 *(.progmem.gcc*)
 *(.progmem*)
 .progmem.data  0x0000008c      0x200 mbcrc.o
                0x0000028c                . = ALIGN (0x2)
                0x0000028c                __trampolines_start = .
 *(.trampolines)
 .trampolines   0x0000028c        0x0 linker stubs
 *(.trampolines*)
                0x0000028c                __trampolines_end = .
 *(.jumptables)
 *(.jumptables*)
 *(.lowtext)
 *(.lowtext*)
                0x0000028c                __ctors_start = .
 *(.ctors)
                0x0000028c                __ctors_end = .
                0x0000028c                __dtors_start = .
 *(.dtors)
                0x0000028c                __dtors_end = .
 SORT(*)(.ctors)
 SORT(*)(.dtors)
 *(.init0)
 .init0         0x0000028c        0x0 c:/winavr-20100110/bin/../lib/gcc/avr/4.3.3/../../../../avr/lib/avr51/crtm128.o
                0x0000028c                __init
 *(.init0)
 *(.init1)
 *(.init1)
 *(.init2)
 .init2         0x0000028c        0xc c:/winavr-20100110/bin/../lib/gcc/avr/4.3.3/../../../../avr/lib/avr51/crtm128.o
 *(.init2)
 *(.init3)
 *(.init3)
 *(.init4)
 .init4         0x00000298       0x1a c:/winavr-20100110/bin/../lib/gcc/avr/4.3.3/../../../../avr/lib/avr51/crtm128.o
                0x00000298                __do_copy_data
 .init4         0x000002b2       0x10 c:/winavr-20100110/bin/../lib/gcc/avr/4.3.3/avr51\libgcc.a(_clear_bss.o)
                0x000002b2                __do_clear_bss
 *(.init4)
 *(.init5)
 *(.init5)
 *(.init6)
 *(.init6)
 *(.init7)
 *(.init7)
 *(.init8)
 *(.init8)
 *(.init9)
 .init9         0x000002c2        0x8 c:/winavr-20100110/bin/../lib/gcc/avr/4.3.3/../../../../avr/lib/avr51/crtm128.o
 *(.init9)
 *(.text)
 .text          0x000002ca        0x4 c:/winavr-20100110/bin/../lib/gcc/avr/4.3.3/../../../../avr/lib/avr51/crtm128.o
                0x000002ca                __vector_22
                0x000002ca                __vector_28
                0x000002ca                __vector_1
                0x000002ca                __vector_32
                0x000002ca                __vector_34
                0x000002ca                __vector_24
                0x000002ca                __bad_interrupt
                0x000002ca                __vector_6
                0x000002ca                __vector_31
                0x000002ca                __vector_3
                0x000002ca                __vector_23
                0x000002ca                __vector_30
                0x000002ca                __vector_25
                0x000002ca                __vector_11
                0x000002ca                __vector_13
                0x000002ca                __vector_17
                0x000002ca                __vector_7
                0x000002ca                __vector_27
                0x000002ca                __vector_5
                0x000002ca                __vector_33
                0x000002ca                __vector_4
                0x000002ca                __vector_9
                0x000002ca                __vector_2
                0x000002ca                __vector_21
                0x000002ca                __vector_15
                0x000002ca                __vector_29
                0x000002ca                __vector_8
                0x000002ca                __vector_14
                0x000002ca                __vector_10
                0x000002ca                __vector_16
 .text          0x000002ce      0xa50 main.o
                0x000002ce                mbMasterClrTimeOutError
                0x00000736                veznaEepRestoreUartSetings
                0x000005f8                eMBRegDiscreteCB
                0x0000074e                veznaEepSetUartSetings
                0x000003e4                byteArrToBitArr
                0x00000766                main
                0x0000046c                initBoard
                0x000002e0                eMBRegInputCB
                0x000004d8                __vector_26
                0x0000033c                eMBRegHoldingCB
                0x00000670                eMBRegCoilsCB
 .text          0x00000d1e      0x2d4 mbrtu.o
                0x00000e66                eMBRTUStart
                0x00000f80                eMBRTUInit
                0x00000d5e                xMBRTUTransmitFSM
                0x00000dd4                xMBRTUReceiveFSM
                0x00000e7c                eMBRTUSend
                0x00000d1e                xMBRTUTimerT35Expired
                0x00000f16                eMBRTUReceive
                0x00000d4c                eMBRTUStop
 .text          0x00000ff2      0x3be mbascii.o
                0x00001076                xMBASCIITransmitFSM
                0x00001060                xMBASCIITimerT1SExpired
                0x00001236                eMBASCIIStart
                0x0000137e                eMBASCIIInit
                0x00000ff2                eMBASCIIReceive
                0x0000119c                eMBASCIISend
                0x0000124e                xMBASCIIReceiveFSM
                0x00001224                eMBASCIIStop
 .text          0x000013b0      0x1b2 mbfunccoils.o
                0x00001438                eMBFuncWriteCoil
                0x000014b2                eMBFuncReadCoils
                0x000013b0                eMBFuncWriteMultipleCoils
 .text          0x00001562        0x0 mbfuncdiag.o
 .text          0x00001562       0xae mbfuncdisc.o
                0x00001562                eMBFuncReadDiscreteInputs
 .text          0x00001610      0x25c mbfuncholding.o
                0x0000172c                eMBFuncReadHoldingRegister
                0x0000182c                eMBFuncWriteHoldingRegister
                0x000017bc                eMBFuncWriteMultipleHoldingRegister
                0x00001610                eMBFuncReadWriteMultipleHoldingRegister
 .text          0x0000186c       0x98 mbfuncinput.o
                0x0000186c                eMBFuncReadInputRegister
 .text          0x00001904       0x98 mbfuncother.o
                0x0000193c                eMBSetSlaveID
                0x00001904                eMBFuncReportSlaveID
 .text          0x0000199c       0xe0 mbutils.o
                0x00001a10                xMBUtilGetBits
                0x0000199c                xMBUtilSetBits
                0x00001a5e                prveMBError2Exception
 .text          0x00001a7c       0x3e mbcrc.o
                0x00001a7c                usMBCRC16
 .text          0x00001aba       0x2e portevent.o
                0x00001aba                xMBPortEventInit
                0x00001ad0                xMBPortEventGet
                0x00001ac2                xMBPortEventPost
 .text          0x00001ae8      0x22e portserial.o
                0x00001ae8                vMBPortSerialEnable
                0x00001d0c                xMBPortSerialGetByte
                0x00001b10                xMBPortSerialInit
                0x00001d06                xMBPortSerialPutByte
 .text          0x00001d16       0xc6 porttimer.o
                0x00001d86                __vector_12
                0x00001d4e                xMBPortTimersInit
                0x00001d3a                vMBPortTimersDisable
                0x00001d16                vMBPortTimersEnable
 .text          0x00001ddc      0x332 mb.o
                0x00001ea8                eMBDisable
                0x00001e68                eMBClose
                0x00001ed0                eMBPoll
                0x00001e8a                eMBEnable
                0x00001ddc                eMBRegisterCB
                0x00001fe6                eMBInit
 .text          0x0000210e        0x0 mbtcp.o
 .text          0x0000210e      0x262 digital_in_out_func.o
                0x00002270                initAddressSwitch
                0x000021b4                initDigitalInput
                0x000021ba                writeDigitalOutput
                0x00002200                initDigitalOutput
                0x0000232e                initHmiLed
                0x0000210e                readDigitalInput
                0x0000221c                readAddressSwitch
                0x00002282                writeHmiLed
 .text          0x00002370       0x62 spi.o
                0x00002370                spi_init
                0x0000238a                spi_rec_byte
                0x000023ca                spi_high_frequency
                0x000023ac                spi_rec_data
                0x00002396                spi_send_data
                0x00002382                spi_send_byte
                0x000023c2                spi_low_frequency
 .text          0x000023d2      0x4fc modbus-rtu.o
                0x000023d2                check_crc16
                0x00002752                mbSendRequestPresetSingleRegister
                0x0000282e                mbSendRequestReadInputStatus
                0x0000241e                mbCheckExceptionForResponse
                0x000025d2                mbReceiveRequestReadInputStatus
                0x0000254a                mbReceiveRequestForceSingleCoil
                0x0000247c                mbReceiveRequestForceMultipleCoils
                0x00002654                mbRtuAddCrcAndSendBuffer
                0x000024be                mbReceiveRequestPresetSingleRegister
                0x000027ca                mbSendRequestForceSingleCoil
                0x00002686                mbSendRequestForceMultipleCoils
 .text          0x000028ce      0x816 rs485Channel.o
                0x00002bb8                rs485TaskIsEnable
                0x00002c34                rs485AddChannel
                0x00002bbe                rs485TaskInit
                0x00002cac                rs485sendRequestNullFunc
                0x00002e26                initRS485
                0x00002bb2                rs485TaskDisable
                0x00002c66                rs485ChannelDefInit
                0x00002baa                rs485TaskEnable
                0x00002bf6                rs485TimerIsr
                0x00002cb6                rs485SetTimeOutErrorNullFunc
                0x00002dc8                __vector_19
                0x00002cae                rs485getResponseNullFunc
                0x00002cb4                rs485RestoreUartSetingsNullFunc
                0x0000309a                rs485SendBuffer
                0x00002cb8                rs485ClrTimeOutErrorNullFunc
                0x00002cb2                rs485SetUartSetingsNullFunc
                0x000028ce                rs485Task
                0x00002d32                __vector_18
                0x00002cba                __vector_20
 .text          0x000030e4        0x0 c:/winavr-20100110/bin/../lib/gcc/avr/4.3.3/avr51\libgcc.a(_mulsi3.o)
 .text          0x000030e4        0x0 c:/winavr-20100110/bin/../lib/gcc/avr/4.3.3/avr51\libgcc.a(_udivmodsi4.o)
 .text          0x000030e4        0x0 c:/winavr-20100110/bin/../lib/gcc/avr/4.3.3/avr51\libgcc.a(_exit.o)
 .text          0x000030e4        0x0 c:/winavr-20100110/bin/../lib/gcc/avr/4.3.3/avr51\libgcc.a(_clear_bss.o)
 .text          0x000030e4        0x0 c:/winavr-20100110/bin/../lib/gcc/avr/4.3.3/../../../../avr/lib/avr51\libc.a(memcpy.o)
                0x000030e4                . = ALIGN (0x2)
 *(.text.*)
 .text.libgcc   0x000030e4       0x3e c:/winavr-20100110/bin/../lib/gcc/avr/4.3.3/avr51\libgcc.a(_mulsi3.o)
                0x000030e4                __mulsi3
 .text.libgcc   0x00003122       0x44 c:/winavr-20100110/bin/../lib/gcc/avr/4.3.3/avr51\libgcc.a(_udivmodsi4.o)
                0x00003122                __udivmodsi4
 .text.libgcc   0x00003166        0x0 c:/winavr-20100110/bin/../lib/gcc/avr/4.3.3/avr51\libgcc.a(_exit.o)
 .text.libgcc   0x00003166        0x0 c:/winavr-20100110/bin/../lib/gcc/avr/4.3.3/avr51\libgcc.a(_clear_bss.o)
 .text.avr-libc
                0x00003166       0x12 c:/winavr-20100110/bin/../lib/gcc/avr/4.3.3/../../../../avr/lib/avr51\libc.a(memcpy.o)
                0x00003166                memcpy
                0x00003178                . = ALIGN (0x2)
 *(.fini9)
 .fini9         0x00003178        0x0 c:/winavr-20100110/bin/../lib/gcc/avr/4.3.3/avr51\libgcc.a(_exit.o)
                0x00003178                exit
                0x00003178                _exit
 *(.fini9)
 *(.fini8)
 *(.fini8)
 *(.fini7)
 *(.fini7)
 *(.fini6)
 *(.fini6)
 *(.fini5)
 *(.fini5)
 *(.fini4)
 *(.fini4)
 *(.fini3)
 *(.fini3)
 *(.fini2)
 *(.fini2)
 *(.fini1)
 *(.fini1)
 *(.fini0)
 .fini0         0x00003178        0x4 c:/winavr-20100110/bin/../lib/gcc/avr/4.3.3/avr51\libgcc.a(_exit.o)
 *(.fini0)
                0x0000317c                _etext = .

.data           0x00800100       0x38 load address 0x0000317c
                0x00800100                PROVIDE (__data_start, .)
 *(.data)
 .data          0x00800100        0x0 c:/winavr-20100110/bin/../lib/gcc/avr/4.3.3/../../../../avr/lib/avr51/crtm128.o
 .data          0x00800100        0x3 main.o
 .data          0x00800103        0x0 mbrtu.o
 .data          0x00800103        0x0 mbascii.o
 .data          0x00800103        0x0 mbfunccoils.o
 .data          0x00800103        0x0 mbfuncdiag.o
 .data          0x00800103        0x0 mbfuncdisc.o
 .data          0x00800103        0x0 mbfuncholding.o
 .data          0x00800103        0x0 mbfuncinput.o
 .data          0x00800103        0x0 mbfuncother.o
 .data          0x00800103        0x0 mbutils.o
 .data          0x00800103        0x0 mbcrc.o
 .data          0x00800103        0x0 portevent.o
 .data          0x00800103        0x0 portserial.o
 .data          0x00800103        0x0 porttimer.o
 .data          0x00800103       0x31 mb.o
 .data          0x00800134        0x0 mbtcp.o
 .data          0x00800134        0x0 digital_in_out_func.o
 .data          0x00800134        0x0 spi.o
 .data          0x00800134        0x0 modbus-rtu.o
 .data          0x00800134        0x3 rs485Channel.o
 .data          0x00800137        0x0 c:/winavr-20100110/bin/../lib/gcc/avr/4.3.3/avr51\libgcc.a(_mulsi3.o)
 .data          0x00800137        0x0 c:/winavr-20100110/bin/../lib/gcc/avr/4.3.3/avr51\libgcc.a(_udivmodsi4.o)
 .data          0x00800137        0x0 c:/winavr-20100110/bin/../lib/gcc/avr/4.3.3/avr51\libgcc.a(_exit.o)
 .data          0x00800137        0x0 c:/winavr-20100110/bin/../lib/gcc/avr/4.3.3/avr51\libgcc.a(_clear_bss.o)
 .data          0x00800137        0x0 c:/winavr-20100110/bin/../lib/gcc/avr/4.3.3/../../../../avr/lib/avr51\libc.a(memcpy.o)
 *(.data*)
 *(.rodata)
 *(.rodata*)
 *(.gnu.linkonce.d*)
                0x00800138                . = ALIGN (0x2)
 *fill*         0x00800137        0x1 00
                0x00800138                _edata = .
                0x00800138                PROVIDE (__data_end, .)

.bss            0x00800138      0x5d9
                0x00800138                PROVIDE (__bss_start, .)
 *(.bss)
 .bss           0x00800138        0x0 c:/winavr-20100110/bin/../lib/gcc/avr/4.3.3/../../../../avr/lib/avr51/crtm128.o
 .bss           0x00800138      0x21f main.o
                0x008001a3                uc1000msTimerEvent
                0x00800139                inPort
                0x008001a5                ucFlagTimeOutOutError
                0x008001a2                uc100msTimerEvent
                0x008001a1                uc10msTimerEvent
                0x008001a6                uiModbusTimeOutCounter
                0x00800138                isRun
                0x00800159                outPort
                0x00800179                hmiLed
 .bss           0x00800357        0x8 mbrtu.o
 .bss           0x0080035f        0xa mbascii.o
 .bss           0x00800369        0x0 mbfunccoils.o
 .bss           0x00800369        0x0 mbfuncdiag.o
 .bss           0x00800369        0x0 mbfuncdisc.o
 .bss           0x00800369        0x0 mbfuncholding.o
 .bss           0x00800369        0x0 mbfuncinput.o
 .bss           0x00800369       0x22 mbfuncother.o
 .bss           0x0080038b        0x0 mbutils.o
 .bss           0x0080038b        0x0 mbcrc.o
 .bss           0x0080038b        0x2 portevent.o
 .bss           0x0080038d        0x0 portserial.o
 .bss           0x0080038d        0x2 porttimer.o
 .bss           0x0080038f       0x13 mb.o
 .bss           0x008003a2        0x0 mbtcp.o
 .bss           0x008003a2        0x0 digital_in_out_func.o
 .bss           0x008003a2        0x0 spi.o
 .bss           0x008003a2        0x0 modbus-rtu.o
 .bss           0x008003a2      0x177 rs485Channel.o
 .bss           0x00800519        0x0 c:/winavr-20100110/bin/../lib/gcc/avr/4.3.3/avr51\libgcc.a(_mulsi3.o)
 .bss           0x00800519        0x0 c:/winavr-20100110/bin/../lib/gcc/avr/4.3.3/avr51\libgcc.a(_udivmodsi4.o)
 .bss           0x00800519        0x0 c:/winavr-20100110/bin/../lib/gcc/avr/4.3.3/avr51\libgcc.a(_exit.o)
 .bss           0x00800519        0x0 c:/winavr-20100110/bin/../lib/gcc/avr/4.3.3/avr51\libgcc.a(_clear_bss.o)
 .bss           0x00800519        0x0 c:/winavr-20100110/bin/../lib/gcc/avr/4.3.3/../../../../avr/lib/avr51\libc.a(memcpy.o)
 *(.bss*)
 *(COMMON)
 COMMON         0x00800519       0xee main.o
                0x00800519                ucRegCoilsBufA11
                0x0080051b                stSlaveChannelReadInputsA3
                0x00800523                stSlaveChannelReadInputsA11
                0x0080052b                stSlaveChannelPresetRegisterA10
                0x00800533                arrRS485Channel
                0x008005f1                ucRegCoilsBufA3
                0x008005f3                stSlaveChannelWriteCoilsA3
                0x008005fa                ucRegDiscBufA3
                0x008005fc                stSlaveChannelWriteCoilsA11
                0x00800603                ucRegDiscBufA3Temp
                0x00800605                ucRegDiscBufA11
 COMMON         0x00800607      0x100 mbrtu.o
                0x00800607                ucRTUBuf
 COMMON         0x00800707        0xa mb.o
                0x00800707                pxMBFrameCBTransmitterEmpty
                0x00800709                pxMBPortCBTimerExpired
                0x0080070b                pxMBFrameCBByteReceived
                0x0080070d                pxMBFrameCBTransmitFSMCur
                0x0080070f                pxMBFrameCBReceiveFSMCur
                0x00800711                PROVIDE (__bss_end, .)
                0x0000317c                __data_load_start = LOADADDR (.data)
                0x000031b4                __data_load_end = (__data_load_start + SIZEOF (.data))

.noinit         0x00800711        0x0
                0x00800711                PROVIDE (__noinit_start, .)
 *(.noinit*)
                0x00800711                PROVIDE (__noinit_end, .)
                0x00800711                _end = .
                0x00800711                PROVIDE (__heap_start, .)

.eeprom         0x00810000        0x0
 *(.eeprom*)
                0x00810000                __eeprom_end = .

.fuse
 *(.fuse)
 *(.lfuse)
 *(.hfuse)
 *(.efuse)

.lock
 *(.lock*)

.signature
 *(.signature*)

.stab
 *(.stab)

.stabstr
 *(.stabstr)

.stab.excl
 *(.stab.excl)

.stab.exclstr
 *(.stab.exclstr)

.stab.index
 *(.stab.index)

.stab.indexstr
 *(.stab.indexstr)

.comment
 *(.comment)

.debug
 *(.debug)

.line
 *(.line)

.debug_srcinfo
 *(.debug_srcinfo)

.debug_sfnames
 *(.debug_sfnames)

.debug_aranges  0x00000000      0x240
 *(.debug_aranges)
 .debug_aranges
                0x00000000       0x20 main.o
 .debug_aranges
                0x00000020       0x20 mbrtu.o
 .debug_aranges
                0x00000040       0x20 mbascii.o
 .debug_aranges
                0x00000060       0x20 mbfunccoils.o
 .debug_aranges
                0x00000080       0x20 mbfuncdisc.o
 .debug_aranges
                0x000000a0       0x20 mbfuncholding.o
 .debug_aranges
                0x000000c0       0x20 mbfuncinput.o
 .debug_aranges
                0x000000e0       0x20 mbfuncother.o
 .debug_aranges
                0x00000100       0x20 mbutils.o
 .debug_aranges
                0x00000120       0x20 mbcrc.o
 .debug_aranges
                0x00000140       0x20 portevent.o
 .debug_aranges
                0x00000160       0x20 portserial.o
 .debug_aranges
                0x00000180       0x20 porttimer.o
 .debug_aranges
                0x000001a0       0x20 mb.o
 .debug_aranges
                0x000001c0       0x20 digital_in_out_func.o
 .debug_aranges
                0x000001e0       0x20 spi.o
 .debug_aranges
                0x00000200       0x20 modbus-rtu.o
 .debug_aranges
                0x00000220       0x20 rs485Channel.o

.debug_pubnames
                0x00000000      0xcd3
 *(.debug_pubnames)
 .debug_pubnames
                0x00000000      0x2b0 main.o
 .debug_pubnames
                0x000002b0       0xb3 mbrtu.o
 .debug_pubnames
                0x00000363       0xb6 mbascii.o
 .debug_pubnames
                0x00000419       0x5a mbfunccoils.o
 .debug_pubnames
                0x00000473       0x30 mbfuncdisc.o
 .debug_pubnames
                0x000004a3       0xa5 mbfuncholding.o
 .debug_pubnames
                0x00000548       0x2f mbfuncinput.o
 .debug_pubnames
                0x00000577       0x3d mbfuncother.o
 .debug_pubnames
                0x000005b4       0x52 mbutils.o
 .debug_pubnames
                0x00000606       0x20 mbcrc.o
 .debug_pubnames
                0x00000626       0x50 portevent.o
 .debug_pubnames
                0x00000676       0x72 portserial.o
 .debug_pubnames
                0x000006e8       0x69 porttimer.o
 .debug_pubnames
                0x00000751       0xf8 mb.o
 .debug_pubnames
                0x00000849       0xb4 digital_in_out_func.o
 .debug_pubnames
                0x000008fd       0x92 spi.o
 .debug_pubnames
                0x0000098f      0x183 modbus-rtu.o
 .debug_pubnames
                0x00000b12      0x1c1 rs485Channel.o

.debug_info     0x00000000     0x3dcd
 *(.debug_info)
 .debug_info    0x00000000      0x9c3 main.o
 .debug_info    0x000009c3      0x42a mbrtu.o
 .debug_info    0x00000ded      0x5a3 mbascii.o
 .debug_info    0x00001390      0x2e9 mbfunccoils.o
 .debug_info    0x00001679        0x0 mbfuncdiag.o
 .debug_info    0x00001679      0x1b6 mbfuncdisc.o
 .debug_info    0x0000182f      0x359 mbfuncholding.o
 .debug_info    0x00001b88      0x1a7 mbfuncinput.o
 .debug_info    0x00001d2f      0x217 mbfuncother.o
 .debug_info    0x00001f46      0x27a mbutils.o
 .debug_info    0x000021c0      0x196 mbcrc.o
 .debug_info    0x00002356      0x151 portevent.o
 .debug_info    0x000024a7      0x1da portserial.o
 .debug_info    0x00002681      0x11b porttimer.o
 .debug_info    0x0000279c      0x5c7 mb.o
 .debug_info    0x00002d63       0x73 mbtcp.o
 .debug_info    0x00002dd6      0x261 digital_in_out_func.o
 .debug_info    0x00003037      0x19c spi.o
 .debug_info    0x000031d3      0x614 modbus-rtu.o
 .debug_info    0x000037e7      0x5e6 rs485Channel.o
 *(.gnu.linkonce.wi.*)

.debug_abbrev   0x00000000     0x130c
 *(.debug_abbrev)
 .debug_abbrev  0x00000000      0x1df main.o
 .debug_abbrev  0x000001df      0x120 mbrtu.o
 .debug_abbrev  0x000002ff      0x1d8 mbascii.o
 .debug_abbrev  0x000004d7       0xdb mbfunccoils.o
 .debug_abbrev  0x000005b2        0x1 mbfuncdiag.o
 .debug_abbrev  0x000005b3       0x98 mbfuncdisc.o
 .debug_abbrev  0x0000064b       0xb1 mbfuncholding.o
 .debug_abbrev  0x000006fc       0x98 mbfuncinput.o
 .debug_abbrev  0x00000794       0xbe mbfuncother.o
 .debug_abbrev  0x00000852       0xe6 mbutils.o
 .debug_abbrev  0x00000938       0xd8 mbcrc.o
 .debug_abbrev  0x00000a10       0xb3 portevent.o
 .debug_abbrev  0x00000ac3       0xb3 portserial.o
 .debug_abbrev  0x00000b76       0xa6 porttimer.o
 .debug_abbrev  0x00000c1c      0x17e mb.o
 .debug_abbrev  0x00000d9a       0x2a mbtcp.o
 .debug_abbrev  0x00000dc4       0xff digital_in_out_func.o
 .debug_abbrev  0x00000ec3      0x10b spi.o
 .debug_abbrev  0x00000fce      0x180 modbus-rtu.o
 .debug_abbrev  0x0000114e      0x1be rs485Channel.o

.debug_line     0x00000000     0x3adc
 *(.debug_line)
 .debug_line    0x00000000      0xa08 main.o
 .debug_line    0x00000a08      0x392 mbrtu.o
 .debug_line    0x00000d9a      0x537 mbascii.o
 .debug_line    0x000012d1      0x307 mbfunccoils.o
 .debug_line    0x000015d8       0x24 mbfuncdiag.o
 .debug_line    0x000015fc      0x1f4 mbfuncdisc.o
 .debug_line    0x000017f0      0x395 mbfuncholding.o
 .debug_line    0x00001b85      0x1dd mbfuncinput.o
 .debug_line    0x00001d62      0x1a5 mbfuncother.o
 .debug_line    0x00001f07      0x1df mbutils.o
 .debug_line    0x000020e6       0xd3 mbcrc.o
 .debug_line    0x000021b9      0x193 portevent.o
 .debug_line    0x0000234c      0x236 portserial.o
 .debug_line    0x00002582      0x186 porttimer.o
 .debug_line    0x00002708      0x3bc mb.o
 .debug_line    0x00002ac4       0x3e mbtcp.o
 .debug_line    0x00002b02      0x386 digital_in_out_func.o
 .debug_line    0x00002e88      0x1bb spi.o
 .debug_line    0x00003043      0x47c modbus-rtu.o
 .debug_line    0x000034bf      0x61d rs485Channel.o

.debug_frame    0x00000000      0x7a0
 *(.debug_frame)
 .debug_frame   0x00000000       0xc0 main.o
 .debug_frame   0x000000c0       0x90 mbrtu.o
 .debug_frame   0x00000150       0x90 mbascii.o
 .debug_frame   0x000001e0       0x40 mbfunccoils.o
 .debug_frame   0x00000220       0x20 mbfuncdisc.o
 .debug_frame   0x00000240       0x50 mbfuncholding.o
 .debug_frame   0x00000290       0x20 mbfuncinput.o
 .debug_frame   0x000002b0       0x30 mbfuncother.o
 .debug_frame   0x000002e0       0x40 mbutils.o
 .debug_frame   0x00000320       0x20 mbcrc.o
 .debug_frame   0x00000340       0x40 portevent.o
 .debug_frame   0x00000380       0x50 portserial.o
 .debug_frame   0x000003d0       0x50 porttimer.o
 .debug_frame   0x00000420       0x70 mb.o
 .debug_frame   0x00000490       0x90 digital_in_out_func.o
 .debug_frame   0x00000520       0x80 spi.o
 .debug_frame   0x000005a0       0xc0 modbus-rtu.o
 .debug_frame   0x00000660      0x140 rs485Channel.o

.debug_str      0x00000000     0x192b
 *(.debug_str)
 .debug_str     0x00000000      0x665 main.o
                                0x708 (size before relaxing)
 .debug_str     0x00000665      0x217 mbrtu.o
                                0x3ad (size before relaxing)
 .debug_str     0x0000087c      0x18c mbascii.o
                                0x44d (size before relaxing)
 .debug_str     0x00000a08      0x1b3 mbfunccoils.o
                                0x33e (size before relaxing)
 .debug_str     0x00000bbb       0x49 mbfuncdisc.o
                                0x2d6 (size before relaxing)
 .debug_str     0x00000c04      0x117 mbfuncholding.o
                                0x3b4 (size before relaxing)
 .debug_str     0x00000d1b       0x3b mbfuncinput.o
                                0x2ca (size before relaxing)
 .debug_str     0x00000d56       0x89 mbfuncother.o
                                0x2f8 (size before relaxing)
 .debug_str     0x00000ddf       0xa8 mbutils.o
                                0x305 (size before relaxing)
 .debug_str     0x00000e87       0x4c mbcrc.o
                                0x175 (size before relaxing)
 .debug_str     0x00000ed3       0x8b portevent.o
                                0x1b0 (size before relaxing)
 .debug_str     0x00000f5e       0xad portserial.o
                                0x1ff (size before relaxing)
 .debug_str     0x0000100b       0x9d porttimer.o
                                0x195 (size before relaxing)
 .debug_str     0x000010a8      0x206 mb.o
                                0x55d (size before relaxing)
 .debug_str     0x000012ae       0x16 mbtcp.o
                                0x102 (size before relaxing)
 .debug_str     0x000012c4       0xdd digital_in_out_func.o
                                0x1de (size before relaxing)
 .debug_str     0x000013a1       0x86 spi.o
                                0x16d (size before relaxing)
 .debug_str     0x00001427      0x222 modbus-rtu.o
                                0x3de (size before relaxing)
 .debug_str     0x00001649      0x2e2 rs485Channel.o
                                0x506 (size before relaxing)

.debug_loc      0x00000000     0x225d
 *(.debug_loc)
 .debug_loc     0x00000000      0x403 main.o
 .debug_loc     0x00000403      0x28c mbrtu.o
 .debug_loc     0x0000068f      0x2b4 mbascii.o
 .debug_loc     0x00000943      0x341 mbfunccoils.o
 .debug_loc     0x00000c84      0x135 mbfuncdisc.o
 .debug_loc     0x00000db9      0x439 mbfuncholding.o
 .debug_loc     0x000011f2      0x10c mbfuncinput.o
 .debug_loc     0x000012fe      0x115 mbfuncother.o
 .debug_loc     0x00001413      0x106 mbutils.o
 .debug_loc     0x00001519       0x8c mbcrc.o
 .debug_loc     0x000015a5       0x4e portevent.o
 .debug_loc     0x000015f3      0x219 portserial.o
 .debug_loc     0x0000180c       0x3e porttimer.o
 .debug_loc     0x0000184a      0x2ce mb.o
 .debug_loc     0x00001b18       0xac digital_in_out_func.o
 .debug_loc     0x00001bc4       0x40 spi.o
 .debug_loc     0x00001c04      0x524 modbus-rtu.o
 .debug_loc     0x00002128      0x135 rs485Channel.o

.debug_macinfo
 *(.debug_macinfo)
OUTPUT(main.elf elf32-avr)
LOAD linker stubs
