Archive member included because of file (symbol)

c:/winavr-20100110/bin/../lib/gcc/avr/4.3.3/avr51\libgcc.a(_mulsi3.o)
                              porttimer.o (__mulsi3)
c:/winavr-20100110/bin/../lib/gcc/avr/4.3.3/avr51\libgcc.a(_udivmodsi4.o)
                              mbrtu.o (__udivmodsi4)
c:/winavr-20100110/bin/../lib/gcc/avr/4.3.3/avr51\libgcc.a(_exit.o)
                              c:/winavr-20100110/bin/../lib/gcc/avr/4.3.3/../../../../avr/lib/avr51/crtm128.o (exit)
c:/winavr-20100110/bin/../lib/gcc/avr/4.3.3/avr51\libgcc.a(_clear_bss.o)
                              main.o (__do_clear_bss)
c:/winavr-20100110/bin/../lib/gcc/avr/4.3.3/../../../../avr/lib/avr51\libc.a(memcpy.o)
                              mbfuncother.o (memcpy)

Allocating common symbols
Common symbol       size              file

pxMBFrameCBTransmitterEmpty
                    0x2               mb.o
ucRegCoilsBufA11    0x2               main.o
pxMBPortCBTimerExpired
                    0x2               mb.o
stSlaveChannelReadInputsA3
                    0xd               main.o
stSlaveChannelReadInputsA11
                    0xd               main.o
ucRegDiscBufA10     0x5               main.o
stSlaveChannelPresetRegisterA10
                    0x8               main.o
ucRTUBuf            0x100             mbrtu.o
arrRS485Channel     0xbe              main.o
ucRegCoilsBufA3     0x2               main.o
pxMBFrameCBByteReceived
                    0x2               mb.o
stSlaveChannelWriteCoilsA3
                    0x7               main.o
pxMBFrameCBTransmitFSMCur
                    0x2               mb.o
ucRegDiscBufA3      0x2               main.o
stSlaveChannelWriteCoilsA11
                    0x7               main.o
lpBit               0x4               main.o
pxMBFrameCBReceiveFSMCur
                    0x2               mb.o
ucRegDiscBufA3Temp  0x2               main.o
stSlaveChannelReadInputsA10
                    0xd               main.o
ucRegDiscBufA11     0x2               main.o

Memory Configuration

Name             Origin             Length             Attributes
text             0x00000000         0x00020000         xr
data             0x00800060         0x0000ffa0         rw !x
eeprom           0x00810000         0x00010000         rw !x
fuse             0x00820000         0x00000400         rw !x
lock             0x00830000         0x00000400         rw !x
signature        0x00840000         0x00000400         rw !x
*default*        0x00000000         0xffffffff

Linker script and memory map

Address of section .data set to 0x800100
LOAD c:/winavr-20100110/bin/../lib/gcc/avr/4.3.3/../../../../avr/lib/avr51/crtm128.o
LOAD main.o
LOAD mbrtu.o
LOAD mbascii.o
LOAD mbfunccoils.o
LOAD mbfuncdiag.o
LOAD mbfuncdisc.o
LOAD mbfuncholding.o
LOAD mbfuncinput.o
LOAD mbfuncother.o
LOAD mbutils.o
LOAD mbcrc.o
LOAD portevent.o
LOAD portserial.o
LOAD porttimer.o
LOAD mb.o
LOAD mbtcp.o
LOAD digital_in_out_func.o
LOAD spi.o
LOAD modbus-rtu.o
LOAD rs485Channel.o
LOAD bit-array.o
LOAD c:/winavr-20100110/bin/../lib/gcc/avr/4.3.3/avr51\libgcc.a
LOAD c:/winavr-20100110/bin/../lib/gcc/avr/4.3.3/../../../../avr/lib/avr51\libc.a
LOAD c:/winavr-20100110/bin/../lib/gcc/avr/4.3.3/avr51\libgcc.a

.hash
 *(.hash)

.dynsym
 *(.dynsym)

.dynstr
 *(.dynstr)

.gnu.version
 *(.gnu.version)

.gnu.version_d
 *(.gnu.version_d)

.gnu.version_r
 *(.gnu.version_r)

.rel.init
 *(.rel.init)

.rela.init
 *(.rela.init)

.rel.text
 *(.rel.text)
 *(.rel.text.*)
 *(.rel.gnu.linkonce.t*)

.rela.text
 *(.rela.text)
 *(.rela.text.*)
 *(.rela.gnu.linkonce.t*)

.rel.fini
 *(.rel.fini)

.rela.fini
 *(.rela.fini)

.rel.rodata
 *(.rel.rodata)
 *(.rel.rodata.*)
 *(.rel.gnu.linkonce.r*)

.rela.rodata
 *(.rela.rodata)
 *(.rela.rodata.*)
 *(.rela.gnu.linkonce.r*)

.rel.data
 *(.rel.data)
 *(.rel.data.*)
 *(.rel.gnu.linkonce.d*)

.rela.data
 *(.rela.data)
 *(.rela.data.*)
 *(.rela.gnu.linkonce.d*)

.rel.ctors
 *(.rel.ctors)

.rela.ctors
 *(.rela.ctors)

.rel.dtors
 *(.rel.dtors)

.rela.dtors
 *(.rela.dtors)

.rel.got
 *(.rel.got)

.rela.got
 *(.rela.got)

.rel.bss
 *(.rel.bss)

.rela.bss
 *(.rela.bss)

.rel.plt
 *(.rel.plt)

.rela.plt
 *(.rela.plt)

.text           0x00000000     0x3286
 *(.vectors)
 .vectors       0x00000000       0x8c c:/winavr-20100110/bin/../lib/gcc/avr/4.3.3/../../../../avr/lib/avr51/crtm128.o
                0x00000000                __vectors
                0x00000000                __vector_default
 *(.vectors)
 *(.progmem.gcc*)
 *(.progmem*)
 .progmem.data  0x0000008c      0x200 mbcrc.o
                0x0000028c                . = ALIGN (0x2)
                0x0000028c                __trampolines_start = .
 *(.trampolines)
 .trampolines   0x0000028c        0x0 linker stubs
 *(.trampolines*)
                0x0000028c                __trampolines_end = .
 *(.jumptables)
 *(.jumptables*)
 *(.lowtext)
 *(.lowtext*)
                0x0000028c                __ctors_start = .
 *(.ctors)
                0x0000028c                __ctors_end = .
                0x0000028c                __dtors_start = .
 *(.dtors)
                0x0000028c                __dtors_end = .
 SORT(*)(.ctors)
 SORT(*)(.dtors)
 *(.init0)
 .init0         0x0000028c        0x0 c:/winavr-20100110/bin/../lib/gcc/avr/4.3.3/../../../../avr/lib/avr51/crtm128.o
                0x0000028c                __init
 *(.init0)
 *(.init1)
 *(.init1)
 *(.init2)
 .init2         0x0000028c        0xc c:/winavr-20100110/bin/../lib/gcc/avr/4.3.3/../../../../avr/lib/avr51/crtm128.o
 *(.init2)
 *(.init3)
 *(.init3)
 *(.init4)
 .init4         0x00000298       0x1a c:/winavr-20100110/bin/../lib/gcc/avr/4.3.3/../../../../avr/lib/avr51/crtm128.o
                0x00000298                __do_copy_data
 .init4         0x000002b2       0x10 c:/winavr-20100110/bin/../lib/gcc/avr/4.3.3/avr51\libgcc.a(_clear_bss.o)
                0x000002b2                __do_clear_bss
 *(.init4)
 *(.init5)
 *(.init5)
 *(.init6)
 *(.init6)
 *(.init7)
 *(.init7)
 *(.init8)
 *(.init8)
 *(.init9)
 .init9         0x000002c2        0x8 c:/winavr-20100110/bin/../lib/gcc/avr/4.3.3/../../../../avr/lib/avr51/crtm128.o
 *(.init9)
 *(.text)
 .text          0x000002ca        0x4 c:/winavr-20100110/bin/../lib/gcc/avr/4.3.3/../../../../avr/lib/avr51/crtm128.o
                0x000002ca                __vector_22
                0x000002ca                __vector_28
                0x000002ca                __vector_1
                0x000002ca                __vector_32
                0x000002ca                __vector_34
                0x000002ca                __vector_24
                0x000002ca                __bad_interrupt
                0x000002ca                __vector_6
                0x000002ca                __vector_31
                0x000002ca                __vector_3
                0x000002ca                __vector_23
                0x000002ca                __vector_30
                0x000002ca                __vector_25
                0x000002ca                __vector_11
                0x000002ca                __vector_13
                0x000002ca                __vector_17
                0x000002ca                __vector_7
                0x000002ca                __vector_27
                0x000002ca                __vector_5
                0x000002ca                __vector_33
                0x000002ca                __vector_4
                0x000002ca                __vector_9
                0x000002ca                __vector_2
                0x000002ca                __vector_21
                0x000002ca                __vector_15
                0x000002ca                __vector_29
                0x000002ca                __vector_8
                0x000002ca                __vector_14
                0x000002ca                __vector_10
                0x000002ca                __vector_16
 .text          0x000002ce      0xa78 main.o
                0x000002ce                mbMasterClrTimeOutError
                0x00000724                veznaEepRestoreUartSetings
                0x000005fa                eMBRegDiscreteCB
                0x0000073c                veznaEepSetUartSetings
                0x000005ae                byteArrToBitArr
                0x00000754                main
                0x000003e4                initBoard
                0x000002e0                eMBRegInputCB
                0x00000450                __vector_26
                0x0000033c                eMBRegHoldingCB
                0x00000672                eMBRegCoilsCB
 .text          0x00000d46      0x2d4 mbrtu.o
                0x00000e8e                eMBRTUStart
                0x00000fa8                eMBRTUInit
                0x00000d86                xMBRTUTransmitFSM
                0x00000dfc                xMBRTUReceiveFSM
                0x00000ea4                eMBRTUSend
                0x00000d46                xMBRTUTimerT35Expired
                0x00000f3e                eMBRTUReceive
                0x00000d74                eMBRTUStop
 .text          0x0000101a      0x3be mbascii.o
                0x0000109e                xMBASCIITransmitFSM
                0x00001088                xMBASCIITimerT1SExpired
                0x0000125e                eMBASCIIStart
                0x000013a6                eMBASCIIInit
                0x0000101a                eMBASCIIReceive
                0x000011c4                eMBASCIISend
                0x00001276                xMBASCIIReceiveFSM
                0x0000124c                eMBASCIIStop
 .text          0x000013d8      0x1b2 mbfunccoils.o
                0x00001460                eMBFuncWriteCoil
                0x000014da                eMBFuncReadCoils
                0x000013d8                eMBFuncWriteMultipleCoils
 .text          0x0000158a        0x0 mbfuncdiag.o
 .text          0x0000158a       0xae mbfuncdisc.o
                0x0000158a                eMBFuncReadDiscreteInputs
 .text          0x00001638      0x25c mbfuncholding.o
                0x00001754                eMBFuncReadHoldingRegister
                0x00001854                eMBFuncWriteHoldingRegister
                0x000017e4                eMBFuncWriteMultipleHoldingRegister
                0x00001638                eMBFuncReadWriteMultipleHoldingRegister
 .text          0x00001894       0x98 mbfuncinput.o
                0x00001894                eMBFuncReadInputRegister
 .text          0x0000192c       0x98 mbfuncother.o
                0x00001964                eMBSetSlaveID
                0x0000192c                eMBFuncReportSlaveID
 .text          0x000019c4       0xe0 mbutils.o
                0x00001a38                xMBUtilGetBits
                0x000019c4                xMBUtilSetBits
                0x00001a86                prveMBError2Exception
 .text          0x00001aa4       0x3e mbcrc.o
                0x00001aa4                usMBCRC16
 .text          0x00001ae2       0x2e portevent.o
                0x00001ae2                xMBPortEventInit
                0x00001af8                xMBPortEventGet
                0x00001aea                xMBPortEventPost
 .text          0x00001b10      0x22a portserial.o
                0x00001b10                vMBPortSerialEnable
                0x00001d30                xMBPortSerialGetByte
                0x00001b32                xMBPortSerialInit
                0x00001d28                xMBPortSerialPutByte
 .text          0x00001d3a       0xc6 porttimer.o
                0x00001daa                __vector_12
                0x00001d72                xMBPortTimersInit
                0x00001d5e                vMBPortTimersDisable
                0x00001d3a                vMBPortTimersEnable
 .text          0x00001e00      0x332 mb.o
                0x00001ecc                eMBDisable
                0x00001e8c                eMBClose
                0x00001ef4                eMBPoll
                0x00001eae                eMBEnable
                0x00001e00                eMBRegisterCB
                0x0000200a                eMBInit
 .text          0x00002132        0x0 mbtcp.o
 .text          0x00002132      0x262 digital_in_out_func.o
                0x00002294                initAddressSwitch
                0x000021d8                initDigitalInput
                0x000021de                writeDigitalOutput
                0x00002224                initDigitalOutput
                0x00002352                initHmiLed
                0x00002132                readDigitalInput
                0x00002240                readAddressSwitch
                0x000022a6                writeHmiLed
 .text          0x00002394       0x62 spi.o
                0x00002394                spi_init
                0x000023ae                spi_rec_byte
                0x000023ee                spi_high_frequency
                0x000023d0                spi_rec_data
                0x000023ba                spi_send_data
                0x000023a6                spi_send_byte
                0x000023e6                spi_low_frequency
 .text          0x000023f6      0x502 modbus-rtu.o
                0x000023f6                check_crc16
                0x00002776                mbSendRequestPresetSingleRegister
                0x00002852                mbSendRequestReadInputStatus
                0x00002442                mbCheckExceptionForResponse
                0x000025f6                mbReceiveRequestReadInputStatus
                0x0000256e                mbReceiveRequestForceSingleCoil
                0x000024a0                mbReceiveRequestForceMultipleCoils
                0x00002678                mbRtuAddCrcAndSendBuffer
                0x000024e2                mbReceiveRequestPresetSingleRegister
                0x000027ee                mbSendRequestForceSingleCoil
                0x000026aa                mbSendRequestForceMultipleCoils
 .text          0x000028f8      0x818 rs485Channel.o
                0x00002be4                rs485TaskIsEnable
                0x00002c60                rs485AddChannel
                0x00002bea                rs485TaskInit
                0x00002cd8                rs485sendRequestNullFunc
                0x00002e52                initRS485
                0x00002bde                rs485TaskDisable
                0x00002c92                rs485ChannelDefInit
                0x00002bd6                rs485TaskEnable
                0x00002c22                rs485TimerIsr
                0x00002ce2                rs485SetTimeOutErrorNullFunc
                0x00002df4                __vector_19
                0x00002cda                rs485getResponseNullFunc
                0x00002ce0                rs485RestoreUartSetingsNullFunc
                0x000030c6                rs485SendBuffer
                0x00002ce4                rs485ClrTimeOutErrorNullFunc
                0x00002cde                rs485SetUartSetingsNullFunc
                0x000028f8                rs485Task
                0x00002d5e                __vector_18
                0x00002ce6                __vector_20
 .text          0x00003110       0xde bit-array.o
                0x00003110                bitarr_write
                0x00003198                bitarr_high
                0x000031c2                bitarr_low
                0x0000316e                bitarr_flip
                0x00003148                bitarr_read
 .text          0x000031ee        0x0 c:/winavr-20100110/bin/../lib/gcc/avr/4.3.3/avr51\libgcc.a(_mulsi3.o)
 .text          0x000031ee        0x0 c:/winavr-20100110/bin/../lib/gcc/avr/4.3.3/avr51\libgcc.a(_udivmodsi4.o)
 .text          0x000031ee        0x0 c:/winavr-20100110/bin/../lib/gcc/avr/4.3.3/avr51\libgcc.a(_exit.o)
 .text          0x000031ee        0x0 c:/winavr-20100110/bin/../lib/gcc/avr/4.3.3/avr51\libgcc.a(_clear_bss.o)
 .text          0x000031ee        0x0 c:/winavr-20100110/bin/../lib/gcc/avr/4.3.3/../../../../avr/lib/avr51\libc.a(memcpy.o)
                0x000031ee                . = ALIGN (0x2)
 *(.text.*)
 .text.libgcc   0x000031ee       0x3e c:/winavr-20100110/bin/../lib/gcc/avr/4.3.3/avr51\libgcc.a(_mulsi3.o)
                0x000031ee                __mulsi3
 .text.libgcc   0x0000322c       0x44 c:/winavr-20100110/bin/../lib/gcc/avr/4.3.3/avr51\libgcc.a(_udivmodsi4.o)
                0x0000322c                __udivmodsi4
 .text.libgcc   0x00003270        0x0 c:/winavr-20100110/bin/../lib/gcc/avr/4.3.3/avr51\libgcc.a(_exit.o)
 .text.libgcc   0x00003270        0x0 c:/winavr-20100110/bin/../lib/gcc/avr/4.3.3/avr51\libgcc.a(_clear_bss.o)
 .text.avr-libc
                0x00003270       0x12 c:/winavr-20100110/bin/../lib/gcc/avr/4.3.3/../../../../avr/lib/avr51\libc.a(memcpy.o)
                0x00003270                memcpy
                0x00003282                . = ALIGN (0x2)
 *(.fini9)
 .fini9         0x00003282        0x0 c:/winavr-20100110/bin/../lib/gcc/avr/4.3.3/avr51\libgcc.a(_exit.o)
                0x00003282                exit
                0x00003282                _exit
 *(.fini9)
 *(.fini8)
 *(.fini8)
 *(.fini7)
 *(.fini7)
 *(.fini6)
 *(.fini6)
 *(.fini5)
 *(.fini5)
 *(.fini4)
 *(.fini4)
 *(.fini3)
 *(.fini3)
 *(.fini2)
 *(.fini2)
 *(.fini1)
 *(.fini1)
 *(.fini0)
 .fini0         0x00003282        0x4 c:/winavr-20100110/bin/../lib/gcc/avr/4.3.3/avr51\libgcc.a(_exit.o)
 *(.fini0)
                0x00003286                _etext = .

.data           0x00800100       0x38 load address 0x00003286
                0x00800100                PROVIDE (__data_start, .)
 *(.data)
 .data          0x00800100        0x0 c:/winavr-20100110/bin/../lib/gcc/avr/4.3.3/../../../../avr/lib/avr51/crtm128.o
 .data          0x00800100        0x3 main.o
 .data          0x00800103        0x0 mbrtu.o
 .data          0x00800103        0x0 mbascii.o
 .data          0x00800103        0x0 mbfunccoils.o
 .data          0x00800103        0x0 mbfuncdiag.o
 .data          0x00800103        0x0 mbfuncdisc.o
 .data          0x00800103        0x0 mbfuncholding.o
 .data          0x00800103        0x0 mbfuncinput.o
 .data          0x00800103        0x0 mbfuncother.o
 .data          0x00800103        0x0 mbutils.o
 .data          0x00800103        0x0 mbcrc.o
 .data          0x00800103        0x0 portevent.o
 .data          0x00800103        0x0 portserial.o
 .data          0x00800103        0x0 porttimer.o
 .data          0x00800103       0x31 mb.o
 .data          0x00800134        0x0 mbtcp.o
 .data          0x00800134        0x0 digital_in_out_func.o
 .data          0x00800134        0x0 spi.o
 .data          0x00800134        0x0 modbus-rtu.o
 .data          0x00800134        0x3 rs485Channel.o
 .data          0x00800137        0x0 bit-array.o
 .data          0x00800137        0x0 c:/winavr-20100110/bin/../lib/gcc/avr/4.3.3/avr51\libgcc.a(_mulsi3.o)
 .data          0x00800137        0x0 c:/winavr-20100110/bin/../lib/gcc/avr/4.3.3/avr51\libgcc.a(_udivmodsi4.o)
 .data          0x00800137        0x0 c:/winavr-20100110/bin/../lib/gcc/avr/4.3.3/avr51\libgcc.a(_exit.o)
 .data          0x00800137        0x0 c:/winavr-20100110/bin/../lib/gcc/avr/4.3.3/avr51\libgcc.a(_clear_bss.o)
 .data          0x00800137        0x0 c:/winavr-20100110/bin/../lib/gcc/avr/4.3.3/../../../../avr/lib/avr51\libc.a(memcpy.o)
 *(.data*)
 *(.rodata)
 *(.rodata*)
 *(.gnu.linkonce.d*)
                0x00800138                . = ALIGN (0x2)
 *fill*         0x00800137        0x1 00
                0x00800138                _edata = .
                0x00800138                PROVIDE (__data_end, .)

.bss            0x00800138      0x5fd
                0x00800138                PROVIDE (__bss_start, .)
 *(.bss)
 .bss           0x00800138        0x0 c:/winavr-20100110/bin/../lib/gcc/avr/4.3.3/../../../../avr/lib/avr51/crtm128.o
 .bss           0x00800138      0x223 main.o
                0x008001a5                uc1000msTimerEvent
                0x00800139                inPort
                0x008001a7                ucFlagTimeOutOutError
                0x008001a2                uc100msTimerEvent
                0x008001a3                uc500msTimerEvent
                0x008001a1                uc10msTimerEvent
                0x008001a8                uiModbusTimeOutCounter
                0x00800138                isRun
                0x00800159                outPort
                0x00800179                hmiLed
 .bss           0x0080035b        0x8 mbrtu.o
 .bss           0x00800363        0xa mbascii.o
 .bss           0x0080036d        0x0 mbfunccoils.o
 .bss           0x0080036d        0x0 mbfuncdiag.o
 .bss           0x0080036d        0x0 mbfuncdisc.o
 .bss           0x0080036d        0x0 mbfuncholding.o
 .bss           0x0080036d        0x0 mbfuncinput.o
 .bss           0x0080036d       0x22 mbfuncother.o
 .bss           0x0080038f        0x0 mbutils.o
 .bss           0x0080038f        0x0 mbcrc.o
 .bss           0x0080038f        0x2 portevent.o
 .bss           0x00800391        0x0 portserial.o
 .bss           0x00800391        0x2 porttimer.o
 .bss           0x00800393       0x13 mb.o
 .bss           0x008003a6        0x0 mbtcp.o
 .bss           0x008003a6        0x0 digital_in_out_func.o
 .bss           0x008003a6        0x0 spi.o
 .bss           0x008003a6        0x0 modbus-rtu.o
 .bss           0x008003a6      0x177 rs485Channel.o
 .bss           0x0080051d        0x0 bit-array.o
 .bss           0x0080051d        0x0 c:/winavr-20100110/bin/../lib/gcc/avr/4.3.3/avr51\libgcc.a(_mulsi3.o)
 .bss           0x0080051d        0x0 c:/winavr-20100110/bin/../lib/gcc/avr/4.3.3/avr51\libgcc.a(_udivmodsi4.o)
 .bss           0x0080051d        0x0 c:/winavr-20100110/bin/../lib/gcc/avr/4.3.3/avr51\libgcc.a(_exit.o)
 .bss           0x0080051d        0x0 c:/winavr-20100110/bin/../lib/gcc/avr/4.3.3/avr51\libgcc.a(_clear_bss.o)
 .bss           0x0080051d        0x0 c:/winavr-20100110/bin/../lib/gcc/avr/4.3.3/../../../../avr/lib/avr51\libc.a(memcpy.o)
 *(.bss*)
 *(COMMON)
 COMMON         0x0080051d      0x10e main.o
                0x0080051d                ucRegCoilsBufA11
                0x0080051f                stSlaveChannelReadInputsA3
                0x0080052c                stSlaveChannelReadInputsA11
                0x00800539                ucRegDiscBufA10
                0x0080053e                stSlaveChannelPresetRegisterA10
                0x00800546                arrRS485Channel
                0x00800604                ucRegCoilsBufA3
                0x00800606                stSlaveChannelWriteCoilsA3
                0x0080060d                ucRegDiscBufA3
                0x0080060f                stSlaveChannelWriteCoilsA11
                0x00800616                lpBit
                0x0080061a                ucRegDiscBufA3Temp
                0x0080061c                stSlaveChannelReadInputsA10
                0x00800629                ucRegDiscBufA11
 COMMON         0x0080062b      0x100 mbrtu.o
                0x0080062b                ucRTUBuf
 COMMON         0x0080072b        0xa mb.o
                0x0080072b                pxMBFrameCBTransmitterEmpty
                0x0080072d                pxMBPortCBTimerExpired
                0x0080072f                pxMBFrameCBByteReceived
                0x00800731                pxMBFrameCBTransmitFSMCur
                0x00800733                pxMBFrameCBReceiveFSMCur
                0x00800735                PROVIDE (__bss_end, .)
                0x00003286                __data_load_start = LOADADDR (.data)
                0x000032be                __data_load_end = (__data_load_start + SIZEOF (.data))

.noinit         0x00800735        0x0
                0x00800735                PROVIDE (__noinit_start, .)
 *(.noinit*)
                0x00800735                PROVIDE (__noinit_end, .)
                0x00800735                _end = .
                0x00800735                PROVIDE (__heap_start, .)

.eeprom         0x00810000        0x0
 *(.eeprom*)
                0x00810000                __eeprom_end = .

.fuse
 *(.fuse)
 *(.lfuse)
 *(.hfuse)
 *(.efuse)

.lock
 *(.lock*)

.signature
 *(.signature*)

.stab
 *(.stab)

.stabstr
 *(.stabstr)

.stab.excl
 *(.stab.excl)

.stab.exclstr
 *(.stab.exclstr)

.stab.index
 *(.stab.index)

.stab.indexstr
 *(.stab.indexstr)

.comment
 *(.comment)

.debug
 *(.debug)

.line
 *(.line)

.debug_srcinfo
 *(.debug_srcinfo)

.debug_sfnames
 *(.debug_sfnames)

.debug_aranges  0x00000000      0x260
 *(.debug_aranges)
 .debug_aranges
                0x00000000       0x20 main.o
 .debug_aranges
                0x00000020       0x20 mbrtu.o
 .debug_aranges
                0x00000040       0x20 mbascii.o
 .debug_aranges
                0x00000060       0x20 mbfunccoils.o
 .debug_aranges
                0x00000080       0x20 mbfuncdisc.o
 .debug_aranges
                0x000000a0       0x20 mbfuncholding.o
 .debug_aranges
                0x000000c0       0x20 mbfuncinput.o
 .debug_aranges
                0x000000e0       0x20 mbfuncother.o
 .debug_aranges
                0x00000100       0x20 mbutils.o
 .debug_aranges
                0x00000120       0x20 mbcrc.o
 .debug_aranges
                0x00000140       0x20 portevent.o
 .debug_aranges
                0x00000160       0x20 portserial.o
 .debug_aranges
                0x00000180       0x20 porttimer.o
 .debug_aranges
                0x000001a0       0x20 mb.o
 .debug_aranges
                0x000001c0       0x20 digital_in_out_func.o
 .debug_aranges
                0x000001e0       0x20 spi.o
 .debug_aranges
                0x00000200       0x20 modbus-rtu.o
 .debug_aranges
                0x00000220       0x20 rs485Channel.o
 .debug_aranges
                0x00000240       0x20 bit-array.o

.debug_pubnames
                0x00000000      0xd89
 *(.debug_pubnames)
 .debug_pubnames
                0x00000000      0x304 main.o
 .debug_pubnames
                0x00000304       0xb3 mbrtu.o
 .debug_pubnames
                0x000003b7       0xb6 mbascii.o
 .debug_pubnames
                0x0000046d       0x5a mbfunccoils.o
 .debug_pubnames
                0x000004c7       0x30 mbfuncdisc.o
 .debug_pubnames
                0x000004f7       0xa5 mbfuncholding.o
 .debug_pubnames
                0x0000059c       0x2f mbfuncinput.o
 .debug_pubnames
                0x000005cb       0x3d mbfuncother.o
 .debug_pubnames
                0x00000608       0x52 mbutils.o
 .debug_pubnames
                0x0000065a       0x20 mbcrc.o
 .debug_pubnames
                0x0000067a       0x50 portevent.o
 .debug_pubnames
                0x000006ca       0x72 portserial.o
 .debug_pubnames
                0x0000073c       0x69 porttimer.o
 .debug_pubnames
                0x000007a5       0xf8 mb.o
 .debug_pubnames
                0x0000089d       0xb4 digital_in_out_func.o
 .debug_pubnames
                0x00000951       0x92 spi.o
 .debug_pubnames
                0x000009e3      0x183 modbus-rtu.o
 .debug_pubnames
                0x00000b66      0x1c1 rs485Channel.o
 .debug_pubnames
                0x00000d27       0x62 bit-array.o

.debug_info     0x00000000     0x406c
 *(.debug_info)
 .debug_info    0x00000000      0xa6b main.o
 .debug_info    0x00000a6b      0x42a mbrtu.o
 .debug_info    0x00000e95      0x5a3 mbascii.o
 .debug_info    0x00001438      0x2e9 mbfunccoils.o
 .debug_info    0x00001721        0x0 mbfuncdiag.o
 .debug_info    0x00001721      0x1b6 mbfuncdisc.o
 .debug_info    0x000018d7      0x359 mbfuncholding.o
 .debug_info    0x00001c30      0x1a7 mbfuncinput.o
 .debug_info    0x00001dd7      0x217 mbfuncother.o
 .debug_info    0x00001fee      0x27a mbutils.o
 .debug_info    0x00002268      0x196 mbcrc.o
 .debug_info    0x000023fe      0x151 portevent.o
 .debug_info    0x0000254f      0x1da portserial.o
 .debug_info    0x00002729      0x11b porttimer.o
 .debug_info    0x00002844      0x5c7 mb.o
 .debug_info    0x00002e0b       0x73 mbtcp.o
 .debug_info    0x00002e7e      0x261 digital_in_out_func.o
 .debug_info    0x000030df      0x19c spi.o
 .debug_info    0x0000327b      0x63a modbus-rtu.o
 .debug_info    0x000038b5      0x5e6 rs485Channel.o
 .debug_info    0x00003e9b      0x1d1 bit-array.o
 *(.gnu.linkonce.wi.*)

.debug_abbrev   0x00000000     0x13f6
 *(.debug_abbrev)
 .debug_abbrev  0x00000000      0x1df main.o
 .debug_abbrev  0x000001df      0x120 mbrtu.o
 .debug_abbrev  0x000002ff      0x1d8 mbascii.o
 .debug_abbrev  0x000004d7       0xdb mbfunccoils.o
 .debug_abbrev  0x000005b2        0x1 mbfuncdiag.o
 .debug_abbrev  0x000005b3       0x98 mbfuncdisc.o
 .debug_abbrev  0x0000064b       0xb1 mbfuncholding.o
 .debug_abbrev  0x000006fc       0x98 mbfuncinput.o
 .debug_abbrev  0x00000794       0xbe mbfuncother.o
 .debug_abbrev  0x00000852       0xe6 mbutils.o
 .debug_abbrev  0x00000938       0xd8 mbcrc.o
 .debug_abbrev  0x00000a10       0xb3 portevent.o
 .debug_abbrev  0x00000ac3       0xb3 portserial.o
 .debug_abbrev  0x00000b76       0xa6 porttimer.o
 .debug_abbrev  0x00000c1c      0x17e mb.o
 .debug_abbrev  0x00000d9a       0x2a mbtcp.o
 .debug_abbrev  0x00000dc4       0xff digital_in_out_func.o
 .debug_abbrev  0x00000ec3      0x10b spi.o
 .debug_abbrev  0x00000fce      0x1a4 modbus-rtu.o
 .debug_abbrev  0x00001172      0x1be rs485Channel.o
 .debug_abbrev  0x00001330       0xc6 bit-array.o

.debug_line     0x00000000     0x3d94
 *(.debug_line)
 .debug_line    0x00000000      0xa4d main.o
 .debug_line    0x00000a4d      0x3ae mbrtu.o
 .debug_line    0x00000dfb      0x553 mbascii.o
 .debug_line    0x0000134e      0x323 mbfunccoils.o
 .debug_line    0x00001671       0x24 mbfuncdiag.o
 .debug_line    0x00001695      0x210 mbfuncdisc.o
 .debug_line    0x000018a5      0x3b1 mbfuncholding.o
 .debug_line    0x00001c56      0x1f9 mbfuncinput.o
 .debug_line    0x00001e4f      0x1c1 mbfuncother.o
 .debug_line    0x00002010      0x1fb mbutils.o
 .debug_line    0x0000220b       0xd3 mbcrc.o
 .debug_line    0x000022de      0x1af portevent.o
 .debug_line    0x0000248d      0x244 portserial.o
 .debug_line    0x000026d1      0x194 porttimer.o
 .debug_line    0x00002865      0x3d8 mb.o
 .debug_line    0x00002c3d       0x3e mbtcp.o
 .debug_line    0x00002c7b      0x386 digital_in_out_func.o
 .debug_line    0x00003001      0x1bb spi.o
 .debug_line    0x000031bc      0x47c modbus-rtu.o
 .debug_line    0x00003638      0x639 rs485Channel.o
 .debug_line    0x00003c71      0x123 bit-array.o

.debug_frame    0x00000000      0x800
 *(.debug_frame)
 .debug_frame   0x00000000       0xc0 main.o
 .debug_frame   0x000000c0       0x90 mbrtu.o
 .debug_frame   0x00000150       0x90 mbascii.o
 .debug_frame   0x000001e0       0x40 mbfunccoils.o
 .debug_frame   0x00000220       0x20 mbfuncdisc.o
 .debug_frame   0x00000240       0x50 mbfuncholding.o
 .debug_frame   0x00000290       0x20 mbfuncinput.o
 .debug_frame   0x000002b0       0x30 mbfuncother.o
 .debug_frame   0x000002e0       0x40 mbutils.o
 .debug_frame   0x00000320       0x20 mbcrc.o
 .debug_frame   0x00000340       0x40 portevent.o
 .debug_frame   0x00000380       0x50 portserial.o
 .debug_frame   0x000003d0       0x50 porttimer.o
 .debug_frame   0x00000420       0x70 mb.o
 .debug_frame   0x00000490       0x90 digital_in_out_func.o
 .debug_frame   0x00000520       0x80 spi.o
 .debug_frame   0x000005a0       0xc0 modbus-rtu.o
 .debug_frame   0x00000660      0x140 rs485Channel.o
 .debug_frame   0x000007a0       0x60 bit-array.o

.debug_str      0x00000000     0x1a11
 *(.debug_str)
 .debug_str     0x00000000      0x6de main.o
                                0x774 (size before relaxing)
 .debug_str     0x000006de      0x217 mbrtu.o
                                0x3bb (size before relaxing)
 .debug_str     0x000008f5      0x18c mbascii.o
                                0x45b (size before relaxing)
 .debug_str     0x00000a81      0x1b3 mbfunccoils.o
                                0x34c (size before relaxing)
 .debug_str     0x00000c34       0x49 mbfuncdisc.o
                                0x2e4 (size before relaxing)
 .debug_str     0x00000c7d      0x117 mbfuncholding.o
                                0x3c2 (size before relaxing)
 .debug_str     0x00000d94       0x3b mbfuncinput.o
                                0x2d8 (size before relaxing)
 .debug_str     0x00000dcf       0x89 mbfuncother.o
                                0x306 (size before relaxing)
 .debug_str     0x00000e58       0xa8 mbutils.o
                                0x313 (size before relaxing)
 .debug_str     0x00000f00       0x4c mbcrc.o
                                0x183 (size before relaxing)
 .debug_str     0x00000f4c       0x8b portevent.o
                                0x1be (size before relaxing)
 .debug_str     0x00000fd7       0xad portserial.o
                                0x20d (size before relaxing)
 .debug_str     0x00001084       0x9d porttimer.o
                                0x1a3 (size before relaxing)
 .debug_str     0x00001121      0x206 mb.o
                                0x56b (size before relaxing)
 .debug_str     0x00001327       0x16 mbtcp.o
                                0x110 (size before relaxing)
 .debug_str     0x0000133d       0xdd digital_in_out_func.o
                                0x1ec (size before relaxing)
 .debug_str     0x0000141a       0x86 spi.o
                                0x17b (size before relaxing)
 .debug_str     0x000014a0      0x228 modbus-rtu.o
                                0x401 (size before relaxing)
 .debug_str     0x000016c8      0x2e2 rs485Channel.o
                                0x516 (size before relaxing)
 .debug_str     0x000019aa       0x67 bit-array.o
                                0x155 (size before relaxing)

.debug_loc      0x00000000     0x23e2
 *(.debug_loc)
 .debug_loc     0x00000000      0x473 main.o
 .debug_loc     0x00000473      0x28c mbrtu.o
 .debug_loc     0x000006ff      0x2b4 mbascii.o
 .debug_loc     0x000009b3      0x341 mbfunccoils.o
 .debug_loc     0x00000cf4      0x135 mbfuncdisc.o
 .debug_loc     0x00000e29      0x439 mbfuncholding.o
 .debug_loc     0x00001262      0x10c mbfuncinput.o
 .debug_loc     0x0000136e      0x115 mbfuncother.o
 .debug_loc     0x00001483      0x106 mbutils.o
 .debug_loc     0x00001589       0x8c mbcrc.o
 .debug_loc     0x00001615       0x4e portevent.o
 .debug_loc     0x00001663      0x219 portserial.o
 .debug_loc     0x0000187c       0x3e porttimer.o
 .debug_loc     0x000018ba      0x2ce mb.o
 .debug_loc     0x00001b88       0xac digital_in_out_func.o
 .debug_loc     0x00001c34       0x40 spi.o
 .debug_loc     0x00001c74      0x593 modbus-rtu.o
 .debug_loc     0x00002207      0x135 rs485Channel.o
 .debug_loc     0x0000233c       0xa6 bit-array.o

.debug_macinfo
 *(.debug_macinfo)
OUTPUT(main.elf elf32-avr)
LOAD linker stubs
